[gedit]
gedit={class=frame, app_name=gedit}
mnuFile={class=menu, label=File}
mnuNew={class=menu_item, label=New}
mnuOpen={class=menu_item, label=Open...}
mnuOpenLocation={class=menu_item, label=Open Location...}
mnuSave={class=menu_item, label=Save}
mnuSaveAs={class=menu_item, label=Save As...}
mnuRevert={class=menu_item, label=Revert}
mnuPageSetup={class=menu_item, label=Page Setup}
mnuPrintPreview={class=menu_item, label=Print Preview...}
mnuPrint={class=menu_item, label=Print...}
mnu1={class=menu_item, label=1. text.c}
mnu2={class=menu_item, label=2. xwininfo.c}
mnu3={class=menu_item, label=3. open-existing-file.sdd}
mnu4={class=menu_item, label=4. contact-creat.sdd}
mnu5={class=menu_item, label=5. gedit.map}
mnuClose={class=menu_item, label=Close}
mnuQuit={class=menu_item, label=Quit}
mnuEdit={class=menu, label=Edit}
mnuUndo={class=menu_item, label=Undo}
mnuRedo={class=menu_item, label=Redo}
mnuCut={class=menu_item, label=Cut}
mnuCopy={class=menu_item, label=Copy}
mnuPaste={class=menu_item, label=Paste}
mnuDelete={class=menu_item, label=Delete}
mnuSelectAll={class=menu_item, label=Select All}
mnuPreferences={class=menu_item, label=Preferences}
mnuView={class=menu, label=View}
mnuToolbar={class=check_menu_item, label=Toolbar}
mnuStatusbar={class=check_menu_item, label=Statusbar}
mnuOutputWindow={class=check_menu_item, label=Output Window}
mnuCustomizeToolbar={class=menu, label=Customize Toolbar}
mnuDesktopDefault={class=radio_menu_item, label=Desktop Default}
mnuIconsOnly={class=radio_menu_item, label=Icons Only}
mnuTextforAllIcons={class=radio_menu_item, label=Text for All Icons}
mnuTextforImportantIcons={class=radio_menu_item, label=Text for Important Icons}
mnuHighlightMode={class=menu, label=Highlight Mode}
mnuNormal={class=radio_menu_item, label=Normal}
mnuSources={class=menu, label=Sources}
mnuVerilog={class=radio_menu_item, label=Verilog}
mnuPHP={class=radio_menu_item, label=PHP}
mnuSQL={class=radio_menu_item, label=SQL}
mnuIDL={class=radio_menu_item, label=IDL}
mnuC={class=radio_menu_item, label=C}
mnuAda={class=radio_menu_item, label=Ada}
mnuC++={class=radio_menu_item, label=C++}
mnuC#={class=radio_menu_item, label=C#}
mnuJava={class=radio_menu_item, label=Java}
mnuMarkup={class=menu, label=Markup}
mnuHTML={class=radio_menu_item, label=HTML}
mnuLaTeX={class=radio_menu_item, label=LaTeX}
mnuXML={class=radio_menu_item, label=XML}
mnuScripts={class=menu, label=Scripts}
mnuPython={class=radio_menu_item, label=Python}
mnuPerl={class=radio_menu_item, label=Perl}
mnuOthers={class=menu, label=Others}
mnuMSIL={class=radio_menu_item, label=MSIL}
mnugettexttranslation={class=radio_menu_item, label=gettext translation}
mnu.desktop={class=radio_menu_item, label=.desktop}
mnuDiff={class=radio_menu_item, label=Diff}
mnuSearch={class=menu, label=Search}
mnuFind={class=menu_item, label=Find...}
mnuFindNext={class=menu_item, label=Find Next}
mnuFindPrevious={class=menu_item, label=Find Previous}
mnuReplace={class=menu_item, label=Replace...}
mnuGotoLine={class=menu_item, label=Go to Line...}
mnuTools={class=menu, label=Tools}
mnuDocumentStatistics={class=menu_item, label=Document Statistics}
mnuDocuments={class=menu, label=Documents}
mnuSaveAll={class=menu_item, label=Save All}
mnuCloseAll={class=menu_item, label=Close All}
mnuMovetoNewWindow={class=menu_item, label=Move to New Window}
mnutext={class=menu_item, label=text.c}
mnuHelp={class=menu, label=Help}
mnuContents={class=menu_item, label=Contents}
mnuAbout={class=menu_item, label=About}
btnNew={class=push_button, label=New}
btnOpen={class=push_button, label=Open}
btnSave={class=push_button, label=Save}
btnPrint={class=push_button, label=Print}
btnUndo={class=push_button, label=Undo}
btnRedo={class=push_button, label=Redo}
btnCut={class=push_button, label=Cut}
btnCopy={class=push_button, label=Copy}
btnPaste={class=push_button, label=Paste}
btnFind={class=push_button, label=Find}
btnReplace={class=push_button, label=Replace}
txt={class=text}

[dlgDocumentStatistics]
dlgDocumentStatistics={class=dialog, label=Document Statistics, app_name=gedit}
btnUpdate={class=push_button, label=Update}
btnClose={class=push_button, label=Close}

[dlgFind]
dlgFind={class=dialog, label=Find, app_name=gedit}
txtReplacewith={class=text, label_by=Replace with: }
txtSearchfor={class=text, label_by=Search for: }
chkMatchcase={class=check_box, label=Match case}
chkMatchentirewordonly={class=check_box, label=Match entire word only}
chkSearchbackwards={class=check_box, label=Search backwards}
chkWraparound={class=check_box, label=Wrap around}
btnFind={class=push_button, label=Find}
btnClose={class=push_button, label=Close}

[dlgReplace]
dlgReplace={class=dialog, label=Replace, app_name=gedit}
txtReplacewith={class=text, label_by=Replace with: }
txtSearchfor={class=text, label_by=Search for: }
chkMatchcase={class=check_box, label=Match case}
chkMatchentirewordonly={class=check_box, label=Match entire word only}
chkSearchbackwards={class=check_box, label=Search backwards}
chkWraparound={class=check_box, label=Wrap around}
btnFind={class=push_button, label=Find}
btnReplace={class=push_button, label=Replace}
btnReplaceAll={class=push_button, label=Replace All}
btnClose={class=push_button, label=Close}

[dlgGotoLine]
dlgGotoLine={class=dialog, label=Go to Line, app_name=gedit}
txtLinenumber={class=text, label_by=Line number:}
btnGotoLine={class=push_button, label=Go to Line}
btnClose={class=push_button, label=Close}

[dlgPreferences]
dlgPreferences={class=dialog, label=Preferences, app_name=gedit}
ptlPreferences={class=page_tab_list}
ptabEditor={class=page_tab, label=Editor}
sbtnTabswidth={class=spin_button, label_by=Tabs width:}
chkInsertspacesinsteadoftabs={class=check_box, label=Insert spaces instead of tabs}
chkEnableautoindentation={class=check_box, label=Enable auto indentation}
chkCreateabackupcopyoffilesbeforesaving={class=check_box, label=Create a backup copy of files before saving}
chkAutosavefilesevery={class=check_box, label=Autosave files every}
sbtnminutes={class=spin_button, label_by=minutes}
rdoLimitto={class=radio_button, label=Limit to}
sbtnactions={class=spin_button, label_by=actions}
rdoUnlimitedundo={class=radio_button, label=Unlimited undo}
ptabView={class=page_tab, label=View}
chkEnabletextwrapping={class=check_box, label=Enable text wrapping}
chkDonotsplitwordsovertwolines={class=check_box, label=Do not split words over two lines}
chkDisplaylinenumbers={class=check_box, label=Display line numbers}
chkDisplayrightmargin={class=check_box, label=Display right margin}
sbtnRightmarginatcolumn={class=spin_button, label_by=Right margin at column:}
ptabFont&Colors={class=page_tab, label=Font & Colors}
chkUsedefaultthemefont={class=check_box, label=Use default theme font}
btnEditorfont:={class=push_button, label_by=Editor font: }
chkUsedefaultthemecolors={class=check_box, label=Use default theme colors}
btnSelectioncolor:={class=push_button, label_by=Selection color:}
btnSelectedtextcolor:={class=push_button, label_by=Selected text color:}
btnBackgroundcolor:={class=push_button, label_by=Background color:}
btnNormaltextcolor:={class=push_button, label_by=Normal text color:}
ptabSyntaxHighlighting={class=page_tab, label=Syntax Highlighting}
chkEnablesyntaxhighlighting={class=check_box, label=Enable syntax highlighting}
mnuVerilog={class=menu_item, label=Verilog}
mnuHTML={class=menu_item, label=HTML}
mnuPython={class=menu_item, label=Python}
mnuPHP={class=menu_item, label=PHP}
mnuPerl={class=menu_item, label=Perl}
mnuSQL={class=menu_item, label=SQL}
mnuIDL={class=menu_item, label=IDL}
mnuLaTeX={class=menu_item, label=LaTeX}
mnuC={class=menu_item, label=C}
mnuAda={class=menu_item, label=Ada}
mnuC++={class=menu_item, label=C++}
mnuMSIL={class=menu_item, label=MSIL}
mnuC#={class=menu_item, label=C#}
mnuXML={class=menu_item, label=XML}
mnugettexttranslation={class=menu_item, label=gettext translation}
mnuJava={class=menu_item, label=Java}
mnu={class=menu_item, label=.desktop}
mnuDiff={class=menu_item, label=Diff}
tbtnbold={class=toggle_button, label=bold}
tbtnitalic={class=toggle_button, label=italic}
tbtnunderline={class=toggle_button, label=underline}
tbtnstrikethrough={class=toggle_button, label=strikethrough}
chkBackground={class=check_box, label=Background:}
chkForeground={class=check_box, label=Foreground:}
btnResettoDefault={class=push_button, label=Reset to Default }
ptabPlugins={class=page_tab, label=Plugins}
btnAboutPlugin={class=push_button, label=About Plugin}
btnConfigurePlugin={class=push_button, label=Configure Plugin}
btnClose={class=push_button, label=Close}
btnHelp={class=push_button, label=Help}

[dlgPicktheeditorfont]
dlgPicktheeditorfont={class=fontchooser, label=Pick the editor font, app_name=gedit}
tblSize={class=table, label_by=Size:}
tblStyle={class=table, label_by=Style:}
tblFamily={class=table, label_by=Family:}
txtSize={class=text, label_by=Size:}
txtPreview={class=text, label_by=Preview:}
btnOK={class=push_button, label=OK}
btnApply={class=push_button, label=Apply}
btnCancel={class=push_button, label=Cancel}

[dlgOpenFile]
dlgOpenFile={class=dialog, label=Open File..., app_name=gedit}
txtName={class=text, label_by=Name:}
tbtnBrowseforotherfolders={class=toggle_button, label=Browse for other folders}
tblShortcuts={class=table, label=Shortcuts}
btnAdd={class=push_button, label=Add}
btnRemove={class=push_button, label=Remove}
tbtntmp={class=toggle_button, label=tmp}
btnCreateFolder={class=push_button, label=Create Folder}
tblFiles={class=table, label=Files}
mnuAutoDetected={class=radio_menu_item, label=Auto Detected}
mnuCurrentLocale={class=radio_menu_item, label=Current Locale (UTF-8)}
mnuWestern={class=radio_menu_item, label=Western (ISO-8859-15)}
mnuAddorRemove={class=menu_item, label=Add or Remove...}
btnOpen={class=push_button, label=Open}
btnCancel={class=push_button, label=Cancel}

[dlgSaveas]
dlgSaveas={class=dialog, label=Save as..., app_name=gedit}
txtName={class=text, label_by=Name:}
tbtnBrowseforotherfolders={class=toggle_button, label=Browse for other folders}
tblShortcuts={class=table, label=Shortcuts}
btnAdd={class=push_button, label=Add}
btnRemove={class=push_button, label=Remove}
tbtntmp={class=toggle_button, label=tmp}
btnCreateFolder={class=push_button, label=Create Folder}
tblFiles={class=table, label=Files}
mnuCurrentLocale={class=radio_menu_item, label=Current Locale (UTF-8)}
mnuWestern={class=radio_menu_item, label=Western (ISO-8859-15)}
mnuAddorRemove={class=menu_item, label=Add or Remove...}
btnSave={class=push_button, label=Save}
btnCancel={class=push_button, label=Cancel}

[dlgPageSetup]
dlgPageSetup={class=dialog, label=Page Setup, app_name=gedit}
ptlPage Setup={class=page_tab_list}
ptabGeneral={class=page_tab, label=General}
chkPrintsyntaxhighlighting={class=check_box, label=Print syntax highlighting}
chkPrintpageheaders={class=check_box, label=Print page headers}
chkPrintlinenumbers={class=check_box, label=Print line numbers}
sbtnNumberevery={class=spin_button, label_by=Number every}
chkEnabletextwrapping={class=check_box, label=Enable text wrapping}
chkDonotsplitwordsovertwolines={class=check_box, label=Do not split words over two lines}
ptabFonts={class=page_tab, label=Fonts}
btnLinenumbersfontpicker={class=push_button, label=Line numbers font picker}
btnPageheadersfontpicker={class=push_button, label=Page headers font picker}
btnBodyfontpicker={class=push_button, label=Body font picker}
btnRestoreDefaultFonts={class=push_button, label=Restore Default Fonts}
btnClose={class=push_button, label=Close}
btnHelp={class=push_button, label=Help}

[dlgPrint]
dlgPrint={class=dialog, label=Print, app_name=gedit}
ptlPrint={class=page_tab_list}
ptabJob={class=page_tab, label=Job}
rdoSelection={class=radio_button, label=Selection}
sbtnFrom={class=spin_button, label_by=From:}
sbtnTo={class=spin_button, label_by=To:}
rdoLines={class=radio_button, label=Lines}
rdoAll={class=radio_button, label=All}
chkCollate={class=check_box, label=Collate}
sbtnNumberofcopies={class=spin_button, label_by=Number of copies:}
ptabPrinter={class=page_tab, label=Printer}
btnSaveAs={class=push_button, label=Save As}
mnuDefault={class=menu_item, label=Default}
mnuDefault={class=menu_item, label=Default}
mnuAddnewsettings={class=menu_item, label=Add new settings}
btnConfigure={class=push_button, label=Configure}
ptabPaper={class=page_tab, label=Paper}
mnuAuto={class=menu_item, label=Auto}
mnuManualFeeding={class=menu_item, label=Manual Feeding}
mnuTray3={class=menu_item, label=Tray 3}
mnuTray2={class=menu_item, label=Tray 2}
mnuTray1={class=menu_item, label=Tray 1}
mnuDefault={class=menu_item, label=Default}
mnuPlain={class=menu_item, label=Plain}
mnu2pagesto1={class=menu_item, label=2 pages to 1}
mnu4pagesto1={class=menu_item, label=4 pages to 1}
mnuDivided={class=menu_item, label=Divided}
mnuFolded={class=menu_item, label=Folded}
mnuPortrait={class=menu_item, label=Portrait}
mnuLandscape={class=menu_item, label=Landscape}
mnuUpsidedownportrait={class=menu_item, label=Upside down portrait}
mnuUpsidedownlandscape={class=menu_item, label=Upside down landscape}
mnuStraight={class=menu_item, label=Straight}
mnuRotated90degrees={class=menu_item, label=Rotated 90 degrees}
mnuRotated180degrees={class=menu_item, label=Rotated 180 degrees}
mnuRotated270degrees={class=menu_item, label=Rotated 270 degrees}
sbtnHeight={class=spin_button, label_by=Height:}
sbtnWidth={class=spin_button, label_by=Width:}
mnuA4={class=menu_item, label=A4}
mnuUSLetter={class=menu_item, label=US Letter}
mnu11x17={class=menu_item, label=11x17}
mnuA3={class=menu_item, label=A3}
mnuA5={class=menu_item, label=A5}
mnuB5={class=menu_item, label=B5 (JIS)}
mnuEnvelope#10={class=menu_item, label=Envelope #10}
mnuEnvelopeC5={class=menu_item, label=Envelope C5}
mnuEnvelopeDL={class=menu_item, label=Envelope DL}
mnuEnvelopeB5={class=menu_item, label=Envelope B5}
mnuEnvelopeMonarch={class=menu_item, label=Envelope Monarch}
mnuExecutive={class=menu_item, label=Executive}
mnuUSLegal={class=menu_item, label=US Legal}
btnPrintPreview={class=push_button, label=Print Preview}
btnPrint={class=push_button, label=Print}
btnCancel={class=push_button, label=Cancel}

[Printpreview]
Printpreview={class=frame, app_name=gedit}
btnprint={class=push_button, label=print}
btnclose={class=push_button, label=close}
btngotofirst={class=push_button, label=go to first}
btngoback={class=push_button, label=go back}
btngoforward={class=push_button, label=go forward}
btngotolast={class=push_button, label=go to last}
btnzoom100percent={class=push_button, label=zoom 100 percent}
btnzoomfit={class=push_button, label=zoom fit}
btnzoomin={class=push_button, label=zoom in}
btnzoomout={class=push_button, label=zoom out}
btnmultipledraganddrop={class=push_button, label=multiple drag and drop}
txtPage={class=text, label_by=Page: }
chkUsethemecolorsforcontent={class=check_box, label=Use theme colors for content}
panePagePreview={class=layered_pane, label=Page Preview}
