[gedit]
gedit={class=frame, app_name=gedit}
mnuFile={class=menu, label=File}
mnuNew={class=menu_item, label=New}
mnuOpen={class=menu_item, label=Open...}
mnuOpenLocation={class=menu_item, label=Open Location...}
mnuSave={class=menu_item, label=Save}
mnuSaveAs={class=menu_item, label=Save As...}
mnuSaveCopy={class=menu_item, label=Save Copy...}
mnuRevert={class=menu_item, label=Revert}
mnuPageSetup={class=menu_item, label=Page Setup}
mnuPrintPreview={class=menu_item, label=Print Preview...}
mnuPrint={class=menu_item, label=Print...}
mnu1={class=menu_item, label=1. firefox-accessibility.txt}
mnu2={class=menu_item, label=2. evolution-architecture-II.txt}
mnu3={class=menu_item, label=3. evolution-enhancement.txt}
mnu4={class=menu_item, label=4. evolution-architecture-I.txt}
mnu5={class=menu_item, label=5. evolution-competitor.txt}
mnuClose={class=menu_item, label=Close}
mnuQuit={class=menu_item, label=Quit}
mnuEdit={class=menu, label=Edit}
mnuUndo={class=menu_item, label=Undo}
mnuRedo={class=menu_item, label=Redo}
mnuCut={class=menu_item, label=Cut}
mnuCopy={class=menu_item, label=Copy}
mnuPaste={class=menu_item, label=Paste}
mnuDelete={class=menu_item, label=Delete}
mnuSelectAll={class=menu_item, label=Select All}
mnuInsertDateandTime={class=menu_item, label=Insert Date and Time...}
mnuPreferences={class=menu_item, label=Preferences}
mnuView={class=menu, label=View}
mnuToolbar={class=check_menu_item, label=Toolbar}
mnuStatusbar={class=check_menu_item, label=Statusbar}
mnuOutputWindow={class=check_menu_item, label=Output Window}
mnuCustomizeToolbar={class=menu, label=Customize Toolbar}
mnuDesktopDefault={class=radio_menu_item, label=Desktop Default}
mnuIconsOnly={class=radio_menu_item, label=Icons Only}
mnuTextforAllIcons={class=radio_menu_item, label=Text for All Icons}
mnuTextforImportantIcons={class=radio_menu_item, label=Text for Important Icons}
mnuHighlightMode={class=menu, label=Highlight Mode}
mnuNormal={class=radio_menu_item, label=Normal}
mnuSources={class=menu, label=Sources}
mnuVerilog={class=radio_menu_item, label=Verilog}
mnuFortran95={class=radio_menu_item, label=Fortran 95}
mnuNemerle={class=radio_menu_item, label=Nemerle}
mnuPHP={class=radio_menu_item, label=PHP}
mnuSQL={class=radio_menu_item, label=SQL}
mnuIDL={class=radio_menu_item, label=IDL}
mnuC={class=radio_menu_item, label=C}
mnuAda={class=radio_menu_item, label=Ada}
mnuVHDL={class=radio_menu_item, label=VHDL}
mnuC++={class=radio_menu_item, label=C++}
mnuPascal={class=radio_menu_item, label=Pascal}
mnuC#={class=radio_menu_item, label=C#}
mnuVB.NET={class=radio_menu_item, label=VB.NET}
mnuHaskell={class=radio_menu_item, label=Haskell}
mnuJava={class=radio_menu_item, label=Java}
mnuMarkup={class=menu, label=Markup}
mnuHTML={class=radio_menu_item, label=HTML}
mnuTexinfo={class=radio_menu_item, label=Texinfo}
mnuLaTeX={class=radio_menu_item, label=LaTeX}
mnuXML={class=radio_menu_item, label=XML}
mnuOthers={class=menu, label=Others}
mnuCSS={class=radio_menu_item, label=CSS}
mnuGtkRC={class=radio_menu_item, label=GtkRC}
mnuMSIL={class=radio_menu_item, label=MSIL}
mnu.ini={class=radio_menu_item, label=.ini}
mnugettexttranslation={class=radio_menu_item, label=gettext translation}
mnu.desktop={class=radio_menu_item, label=.desktop}
mnuDiff={class=radio_menu_item, label=Diff}
mnuScripts={class=menu, label=Scripts}
mnuJavaScript={class=radio_menu_item, label=JavaScript}
mnuR={class=radio_menu_item, label=R}
mnush={class=radio_menu_item, label=sh}
mnuPython={class=radio_menu_item, label=Python}
mnuPerl={class=radio_menu_item, label=Perl}
mnuLua={class=radio_menu_item, label=Lua}
mnuTcl={class=radio_menu_item, label=Tcl}
mnuRuby={class=radio_menu_item, label=Ruby}
mnuSearch={class=menu, label=Search}
mnuFind={class=menu_item, label=Find...}
mnuFindNext={class=menu_item, label=Find Next}
mnuFindPrevious={class=menu_item, label=Find Previous}
mnuReplace={class=menu_item, label=Replace...}
mnuGotoLine={class=menu_item, label=Go to Line...}
mnuTools={class=menu, label=Tools}
mnuDocumentStatistics={class=menu_item, label=Document Statistics}
mnuDocuments={class=menu, label=Documents}
mnuSaveAll={class=menu_item, label=Save All}
mnuCloseAll={class=menu_item, label=Close All}
mnuMovetoNewWindow={class=menu_item, label=Move to New Window}
mnuUnsavedDocument1={class=menu_item, label=Unsaved Document 1}
mnuHelp={class=menu, label=Help}
mnuContents={class=menu_item, label=Contents}
mnuAbout={class=menu_item, label=About}
btnNew={class=push_button, label=New}
btnOpen={class=push_button, label=Open}
btnSave={class=push_button, label=Save}
btnPrint={class=push_button, label=Print}
btnUndo={class=push_button, label=Undo}
btnRedo={class=push_button, label=Redo}
btnCut={class=push_button, label=Cut}
btnCopy={class=push_button, label=Copy}
btnPaste={class=push_button, label=Paste}
btnFind={class=push_button, label=Find}
btnReplace={class=push_button, label=Replace}
txtGedit1={class=text, label=Unsaved Document 1, relevant_index=0}
txtGedit={class=text, instance_index=0}

[dlgAboutgedit]
dlgAboutgedit={class=dialog, label=About gedit, app_name=gedit}
btnhttp={class=push_button, label=http://www.gedit.org}
btnLicense={class=push_button, label=License}
btnCredits={class=push_button, label=Credits}
btnClose={class=push_button, label=Close}

[dlgCredits]
dlgCredits={class=dialog, label=Credits, app_name=gedit}
ptlCredits={class=page_tab_list}
ptabWrittenby={class=page_tab, label=Written by}
ptabDocumentedby={class=page_tab, label=Documented by}
btnClose={class=push_button, label=Close}

[dlgReplace]
dlgReplace={class=dialog, label=Replace, app_name=gedit}
chkMatchcase={class=check_box, label=Match case}
chkMatchentirewordonly={class=check_box, label=Match entire word only}
chkSearchbackwards={class=check_box, label=Search backwards}
chkWraparound={class=check_box, label=Wrap around}
btnFind={class=push_button, label=Find}
btnReplace={class=push_button, label=Replace}
btnReplaceAll={class=push_button, label=Replace All}
btnClose={class=push_button, label=Close}

[dlgFind]
dlgFind={class=dialog, label=Find, app_name=gedit}
chkMatchcase={class=check_box, label=Match case}
chkMatchentirewordonly={class=check_box, label=Match entire word only}
chkSearchbackwards={class=check_box, label=Search backwards}
chkWraparound={class=check_box, label=Wrap around}
btnFind={class=push_button, label=Find}
btnClose={class=push_button, label=Close}

[dlgDocumentStatistics]
dlgDocumentStatistics={class=dialog, label=Document Statistics, app_name=gedit}
btnUpdate={class=push_button, label=Update}
btnClose={class=push_button, label=Close}

[dlgGotoLine]
dlgGotoLine={class=dialog, label=Go to Line, app_name=gedit}
txtLinenumber={class=text, label_by=Line number:}
btnGotoLine={class=push_button, label=Go to Line}
btnClose={class=push_button, label=Close}

[dlgPreferences]
dlgPreferences={class=dialog, label=Preferences, app_name=gedit}
ptlPreferences={class=page_tab_list}
ptabEditor={class=page_tab, label=Editor}
sbtnTabwidth={class=spin_button, label_by=Tab width:}
chkInsertspacesinsteadoftabs={class=check_box, label=Insert spaces instead of tabs}
chkEnableautomaticindentation={class=check_box, label=Enable automatic indentation}
chkCreateabackupcopyoffilesbeforesaving={class=check_box, label=Create a backup copy of files before saving}
chkAutosavefilesevery={class=check_box, label=Autosave files every}
sbtnminutes={class=spin_button, label_by=minutes}
rdoLimitto={class=radio_button, label=Limit to}
sbtnactions={class=spin_button, label_by=actions}
rdoUnlimitedundo={class=radio_button, label=Unlimited undo}
ptabView={class=page_tab, label=View}
chkEnabletextwrapping={class=check_box, label=Enable text wrapping}
chkDonotsplitwordsovertwolines={class=check_box, label=Do not split words over two lines}
chkDisplaylinenumbers={class=check_box, label=Display line numbers}
chkHighlightcurrentline={class=check_box, label=Highlight current line}
chkDisplayrightmargin={class=check_box, label=Display right margin}
sbtnRightmarginatcolumn={class=spin_button, label_by=Right margin at column:}
chkHighlightmatchingbracket={class=check_box, label=Highlight matching bracket}
ptabFont&Colors={class=page_tab, label=Font & Colors}
chkUsedefaultthemefont={class=check_box, label=Use default theme font}
btnEditorfont={class=push_button, label_by=Editor font: }
chkUsedefaultthemecolors={class=check_box, label=Use default theme colors}
btnSelectioncolor={class=push_button, label_by=Selection color:}
btnSelectedtextcolor={class=push_button, label_by=Selected text color:}
btnBackgroundcolor={class=push_button, label_by=Background color:}
btnNormaltextcolor={class=push_button, label_by=Normal text color:}
ptabSyntaxHighlighting={class=page_tab, label=Syntax Highlighting}
chkEnablesyntaxhighlighting={class=check_box, label=Enable syntax highlighting}
mnuVerilog={class=menu_item, label=Verilog}
mnuHTML={class=menu_item, label=HTML}
mnuCSS={class=menu_item, label=CSS}
mnuJavaScript={class=menu_item, label=JavaScript}
mnuR={class=menu_item, label=R}
mnuGtkRC={class=menu_item, label=GtkRC}
mnush={class=menu_item, label=sh}
mnuFortran95={class=menu_item, label=Fortran 95}
mnuPython={class=menu_item, label=Python}
mnuTexinfo={class=menu_item, label=Texinfo}
mnuNemerle={class=menu_item, label=Nemerle}
mnuPHP={class=menu_item, label=PHP}
mnuPerl={class=menu_item, label=Perl}
mnuSQL={class=menu_item, label=SQL}
mnuIDL={class=menu_item, label=IDL}
mnuLaTeX={class=menu_item, label=LaTeX}
mnuC={class=menu_item, label=C}
mnuAda={class=menu_item, label=Ada}
mnuVHDL={class=menu_item, label=VHDL}
mnuLua={class=menu_item, label=Lua}
mnuC++={class=menu_item, label=C++}
mnuPascal={class=menu_item, label=Pascal}
mnuMSIL={class=menu_item, label=MSIL}
mnuC#={class=menu_item, label=C#}
mnuXML={class=menu_item, label=XML}
mnuVB={class=menu_item, label=VB.NET}
mnuIni={class=menu_item, label=.ini}
mnuHaskell={class=menu_item, label=Haskell}
mnugettexttranslation={class=menu_item, label=gettext translation}
mnuJava={class=menu_item, label=Java}
mnuTcl={class=menu_item, label=Tcl}
mnuDesktop={class=menu_item, label=.desktop}
mnuRuby={class=menu_item, label=Ruby}
mnuDiff={class=menu_item, label=Diff}
tbtnbold={class=toggle_button, label=bold}
tbtnitalic={class=toggle_button, label=italic}
tbtnunderline={class=toggle_button, label=underline}
tbtnstrikethrough={class=toggle_button, label=strikethrough}
chkBackground={class=check_box, label=Background:}
chkForeground={class=check_box, label=Foreground:}
btnResettoDefault={class=push_button, label=Reset to Default }
ptabPlugins={class=page_tab, label=Plugins}
btnAboutPlugin={class=push_button, label=About Plugin}
btnConfigurePlugin={class=push_button, label=Configure Plugin}
btnClose={class=push_button, label=Close}
btnHelp={class=push_button, label=Help}

[dlgPicktheeditorfont]
dlgPicktheeditorfont={class=fontchooser, label=Pick the editor font, app_name=gedit}
tblSize={class=table, label_by=Size:}
tblStyle={class=table, label_by=Style:}
tblFamily={class=table, label_by=Family:}
txtSize={class=text, label_by=Size:}
txtPreview={class=text, label_by=Preview:}
btnOK={class=push_button, label=OK}
btnApply={class=push_button, label=Apply}
btnCancel={class=push_button, label=Cancel}

[dlgInsertDateandTime]
dlgInsertDateandTime={class=dialog, label=Insert Date and Time, app_name=gedit}
rdoUsetheselectedformat={class=radio_button, label=Use the selected format}
rdoUsecustomformat={class=radio_button, label=Use custom format}
btnInsert={class=push_button, label=Insert}
btnCancel={class=push_button, label=Cancel}
btnHelp={class=push_button, label=Help}

[dlgSaveas]
dlgSaveas={class=dialog, label=Save as..., app_name=gedit}
mnuHome={class=menu_item, label=Home}
mnuDesktop={class=menu_item, label=Desktop}
mnuFilesystem={class=menu_item, label=Filesystem}
mnu10GMedia={class=menu_item, label=10G Media}
mnuDVD={class=menu_item, label=DVD}
txtName={class=text, label_by=Name:}
tbtnBrowseforotherfolders={class=toggle_button, label=Browse for other folders}
tblShortcuts={class=table, label=Shortcuts}
btnAdd={class=push_button, label=Add}
btnRemove={class=push_button, label=Remove}
tbtnHome={class=toggle_button, label=Home}
btnCreateFolder={class=push_button, label=Create Folder}
tblFiles={class=table, label=Files}
mnuAllFiles={class=menu_item, label=All Files}
mnuAllTextFiles={class=menu_item, label=All Text Files}
mnuCurrentLocale={class=radio_menu_item, label=Current Locale (UTF-8)}
mnuWestern={class=radio_menu_item, label=Western (ISO-8859-15)}
mnuAddorRemove={class=menu_item, label=Add or Remove...}
btnSave={class=push_button, label=Save}
btnCancel={class=push_button, label=Cancel}

[dlgOpenFile]
dlgOpenFile={class=dialog, label=Open File..., app_name=gedit}
txtName={class=text, label_by=Name:}
tbtnBrowseforotherfolders={class=toggle_button, label=Browse for other folders}
tblShortcuts={class=table, label=Shortcuts}
btnAdd={class=push_button, label=Add}
btnRemove={class=push_button, label=Remove}
tbtnHome={class=toggle_button, label=Home}
btnCreateFolder={class=push_button, label=Create Folder}
tblFiles={class=table, label=Files}
mnuAllFiles={class=menu_item, label=All Files}
mnuAllTextFiles={class=menu_item, label=All Text Files}
mnuAutoDetected={class=radio_menu_item, label=Auto Detected}
mnuCurrentLocale={class=radio_menu_item, label=Current Locale (UTF-8)}
mnuWestern={class=radio_menu_item, label=Western (ISO-8859-15)}
mnuAddorRemove={class=menu_item, label=Add or Remove...}
btnOpen={class=push_button, label=Open}
btnCancel={class=push_button, label=Cancel}

[dlgPrint]
dlgPrint={class=dialog, label=Print, app_name=gedit}
ptlPrint={class=page_tab_list}
ptabPrinter={class=page_tab, label=Printer}
tblPrinter={class=table, instance_index=0}
mnuLocation={class=menu}
mnuFile={class=menu_item, label=File}
mnulpr={class=menu_item, label=lpr}
mnuOldCustom={class=menu_item, label=Custom}
btnSaveAs={class=push_button, label=Save As}
mnuOldDefault={class=menu_item, label=Default}
mnuDefault={class=menu_item, label=Default}
mnuAddnewsettings={class=menu_item, label=Add new settings}
btnAdd={class=push_button, label=Add}
btnConfigure={class=push_button, label=Configure}
ptabJob={class=page_tab, label=Job}
rdoSelection={class=radio_button, label=Selection}
sbtnFrom={class=spin_button, label_by=From:}
sbtnTo={class=spin_button, label_by=To:}
rdoLines={class=radio_button, label=Lines}
rdoAll={class=radio_button, label=All}
chkCollate={class=check_box, label=Collate}
sbtnNumberofcopies={class=spin_button, label_by=Number of copies:}
ptabPaper={class=page_tab, label=Paper}
mnuNooptionsaredefined={class=menu_item, label=No options are defined}
mnuPlain={class=menu_item, label=Plain}
mnu2pagesto1={class=menu_item, label=2 pages to 1}
mnu4pagesto1={class=menu_item, label=4 pages to 1}
mnuDivided={class=menu_item, label=Divided}
mnuFolded={class=menu_item, label=Folded}
mnuPortrait={class=menu_item, label=Portrait}
mnuLandscape={class=menu_item, label=Landscape}
mnuUpsidedownportrait={class=menu_item, label=Upside down portrait}
mnuUpsidedownlandscape={class=menu_item, label=Upside down landscape}
mnuStraight={class=menu_item, label=Straight}
mnuRotated90degrees={class=menu_item, label=Rotated 90 degrees}
mnuRotated180degrees={class=menu_item, label=Rotated 180 degrees}
mnuRotated270degrees={class=menu_item, label=Rotated 270 degrees}
mnuPoints={class=menu_item, label=Points}
mnuMillimeters={class=menu_item, label=Millimeters}
mnuCentimeters={class=menu_item, label=Centimeters}
mnuInches={class=menu_item, label=Inches}
sbtnHeight={class=spin_button, label_by=Height:}
sbtnWidth={class=spin_button, label_by=Width:}
mnuA4={class=menu_item, label=A4}
mnuUSLetter={class=menu_item, label=US Letter}
mnuUSLegal={class=menu_item, label=US Legal}
mnuUSExecutive={class=menu_item, label=US Executive}
mnuCustom={class=menu_item, label=Custom}
mnuA0={class=menu_item, label=A0}
mnuA1={class=menu_item, label=A1}
mnuA2={class=menu_item, label=A2}
mnuA3={class=menu_item, label=A3}
mnuA5={class=menu_item, label=A5}
mnuA6={class=menu_item, label=A6}
mnuA7={class=menu_item, label=A7}
mnuA8={class=menu_item, label=A8}
mnuA9={class=menu_item, label=A9}
mnuA10={class=menu_item, label=A10}
mnuB0={class=menu_item, label=B0}
mnuB1={class=menu_item, label=B1}
mnuB2={class=menu_item, label=B2}
mnuB3={class=menu_item, label=B3}
mnuB4={class=menu_item, label=B4}
mnuB5={class=menu_item, label=B5}
mnuB6={class=menu_item, label=B6}
mnuB7={class=menu_item, label=B7}
mnuB8={class=menu_item, label=B8}
mnuB9={class=menu_item, label=B9}
mnuB10={class=menu_item, label=B10}
mnuC0={class=menu_item, label=C0}
mnuC1={class=menu_item, label=C1}
mnuC2={class=menu_item, label=C2}
mnuC3={class=menu_item, label=C3}
mnuC4={class=menu_item, label=C4}
mnuC5={class=menu_item, label=C5}
mnuC6={class=menu_item, label=C6}
mnuC7={class=menu_item, label=C7}
mnuC8={class=menu_item, label=C8}
mnuC9={class=menu_item, label=C9}
mnuC10={class=menu_item, label=C10}
mnu1/3A4={class=menu_item, label=1/3 A4}
mnu1/4A4={class=menu_item, label=1/4 A4}
mnu1/8A4={class=menu_item, label=1/8 A4}
mnu1/4A3={class=menu_item, label=1/4 A3}
mnu1/3A5={class=menu_item, label=1/3 A5}
mnuDLEnvelope={class=menu_item, label=DL Envelope}
mnuC6/C5Envelope={class=menu_item, label=C6/C5 Envelope}
mnuEnvelopeNo10={class=menu_item, label=Envelope No10}
mnuEnvelope6x9={class=menu_item, label=Envelope 6x9}
btnPrintPreview={class=push_button, label=Print Preview}
btnPrint={class=push_button, label=Print}
btnCancel={class=push_button, label=Cancel}

[dlgGENERIC]
dlgGENERIC={class=dialog, label=GENERIC, app_name=gedit}
mnuNooptionsaredefined={class=menu_item, label=No options are defined}
chkTumble={class=check_box, label=Tumble}
chkDuplex={class=check_box, label=Duplex}
btnClose={class=push_button, label=Close}

[Printpreview]
Printpreview={class=frame, app_name=gedit, label=Print preview}
btnclose={class=push_button, label=close}
btnprint={class=push_button, label=print}
btncut={class=push_button, label=cut}
btncopy={class=push_button, label=copy}
btnpaste={class=push_button, label=paste}
btngtk-undo={class=push_button, label=gtk-undo}
btnredo={class=push_button, label=redo}
btngotofirst={class=push_button, label=go to first}
btngoback={class=push_button, label=go back}
btngoforward={class=push_button, label=go forward}
btngotolast={class=push_button, label=go to last}
btnzoom100percent={class=push_button, label=zoom 100 percent}
btnzoomfit={class=push_button, label=zoom fit}
btnzoomin={class=push_button, label=zoom in}
btnzoomout={class=push_button, label=zoom out}
btnmultipledraganddrop={class=push_button, label=multiple drag and drop}
tbtngtk-edit={class=toggle_button, label=gtk-edit}
tbtncolorpicker={class=toggle_button, label=color picker}
txtPage={class=text, label_by=Page: }
panePagePreview={class=layered_pane, label=Page Preview}

[dlgPageSetup]
dlgPageSetup={class=dialog, label=Page Setup, app_name=gedit}
ptlPage Setup={class=page_tab_list}
ptabGeneral={class=page_tab, label=General}
chkPrintsyntaxhighlighting={class=check_box, label=Print syntax highlighting}
chkPrintpageheaders={class=check_box, label=Print page headers}
chkPrintlinenumbers={class=check_box, label=Print line numbers}
sbtnNumberevery={class=spin_button, label_by=Number every}
chkEnabletextwrapping={class=check_box, label=Enable text wrapping}
chkDonotsplitwordsovertwolines={class=check_box, label=Do not split words over two lines}
ptabFonts={class=page_tab, label=Fonts}
btnLinenumbers={class=push_button, label_by=Line numbers:}
btnHeadersandfooters={class=push_button, label_by=Headers and footers:}
btnBody={class=push_button, label_by=Body:}
btnRestoreDefaultFonts={class=push_button, label=Restore Default Fonts}
btnClose={class=push_button, label=Close}
btnHelp={class=push_button, label=Help}

[dlgOpenLocation]
dlgOpenLocation={class=dialog, label=Open Location, app_name=gedit}
mnuAutoDetected={class=radio_menu_item, label=Auto Detected}
mnuCurrentLocale={class=radio_menu_item, label=Current Locale (UTF-8)}
mnuWestern={class=radio_menu_item, label=Western (ISO-8859-15)}
mnuAddorRemove={class=menu_item, label=Add or Remove...}
btnHelp={class=push_button, label=Help}
btnOpen={class=push_button, label=Open}
btnCancel={class=push_button, label=Cancel}
txtEnterLocation={class=text, instance_index=0}

[alrtSaveWindow]
alrtSaveWindow={class=alert, label=Question, app_name=gedit}
btnSave={class=push_button, label=Save}
btnCancel={class=push_button, label=Cancel}
btnClosewithoutSaving={class=push_button, label=Close without Saving}

[alrtOverWrite]
alrtOverWrite={class=alert, label=Question, app_name=gedit}
btnReplace={class=push_button, label=Replace}
btnCancel={class=push_button, label=Cancel}
btnYes={class=push_button, label=Yes}
btnNo={class=push_button, label=No}

[alrtErrorOpenFile]
alrtErrorOpenFile={class=alert, label=Error, app_name=gedit}
btnOK={class=push_button, label=OK}

[dlgPrintToFile]
dlgPrintToFile={class=dialog, label=Please specify the location and filename of the output file:, app_name=gedit}
mnuHome={class=menu_item, label=Home}
mnuDesktop={class=menu_item, label=Desktop}
mnuFilesystem={class=menu_item, label=Filesystem}
mnu10GMedia={class=menu_item, label=10G Media}
mnuDVD={class=menu_item, label=DVD}
txtName={class=text, label_by=Name:}
tbtnBrowseforotherfolders={class=toggle_button, label=Browse for other folders}
tblShortcuts={class=table, label=Shortcuts}
btnAdd={class=push_button, label=Add}
btnRemove={class=push_button, label=Remove}
tbtnHome={class=toggle_button, label=Home}
btnCreateFolder={class=push_button, label=Create Folder}
tblFiles={class=table, label=Files}
mnuPDFFiles={class=menu_item, label=PDF Files}
mnuPostscriptFiles={class=menu_item, label=Postscript Files}
mnuAllFiles={class=menu_item, label=All Files}
btnSave={class=push_button, label=Save}
btnCancel={class=push_button, label=Cancel}
