[gnomedictionary]
gnomedictionary={class=frame, app_name=gnome-dictionary}
mnuDictionary={class=menu, label=Dictionary}
mnuLookUpWord={class=menu_item, label=Look Up Word}
mnuPrint={class=menu_item, label=Print}
mnuClose={class=menu_item, label=Close}
mnuEmpty={class=menu_item, label=Empty}
mnuEdit={class=menu, label=Edit}
mnuCut={class=menu_item, label=Cut}
mnuCopy={class=menu_item, label=Copy}
mnuPaste={class=menu_item, label=Paste}
mnuSelectAll={class=menu_item, label=Select All}
mnuFind={class=menu_item, label=Find...}
mnuFindNext={class=menu_item, label=Find Next}
mnuPreferences={class=menu_item, label=Preferences}
mnuEmpty={class=menu_item, label=Empty}
mnuView={class=menu, label=View}
mnuSpellings={class=check_menu_item, label=Spellings}
mnuEmpty={class=menu_item, label=Empty}
mnuHelp={class=menu, label=Help}
mnuContents={class=menu_item, label=Contents}
mnuAbout={class=menu_item, label=About}
mnuEmpty={class=menu_item, label=Empty}
txtWordEntry={class=text, label=Word Entry}
btnLookUpWord={class=push_button, label=Look Up Word}
btnclose={class=push_button, label=close}

[dlgDictionaryPreferences]
dlgDictionaryPreferences={class=dialog, label=Dictionary Preferences, app_name=gnome-dictionary}
ptlDictionary Preferences={class=page_tab_list}
ptabDictionary={class=page_tab, label=Dictionary}
mnuMatchwordsexactly={class=menu_item, label=Match words exactly}
mnuMatchprefixes={class=menu_item, label=Match prefixes}
mnuMatchsubstringoccurringanywhereinword={class=menu_item, label=Match substring occurring anywhere in word}
mnuMatchsuffixes={class=menu_item, label=Match suffixes}
mnuPOSIX1003={class=menu_item, label=POSIX 1003.2 (modern) regular expressions}
mnuOld={class=menu_item, label=Old (basic) regular expressions}
mnuMatchusingSOUNDEXalgorithm={class=menu_item, label=Match using SOUNDEX algorithm}
mnuMatchwordswithinLevenshteindistanceone={class=menu_item, label=Match words within Levenshtein distance one}
mnuSearchalldatabases={class=menu_item, label=Search all databases}
mnuElementsdatabase20001107={class=menu_item, label=Elements database 20001107}
mnuWebster'sRevisedUnabridgedDictionary={class=menu_item, label=Webster's Revised Unabridged Dictionary (1913)}
mnuWordNet={class=menu_item, label=WordNet (r) 2.0}
mnuU={class=menu_item, label=U.S. Gazetteer (1990)}
mnuJargonFile={class=menu_item, label=Jargon File (4.3.0, 30 APR 2001)}
mnuTheFreeOn-lineDictionaryofComputing={class=menu_item, label=The Free On-line Dictionary of Computing (27 SEP 03)}
mnuEaston's1897BibleDictionary={class=menu_item, label=Easton's 1897 Bible Dictionary}
mnuHitchcock'sBibleNamesDictionary={class=menu_item, label=Hitchcock's Bible Names Dictionary (late 1800's)}
mnuTHEDEVIL'SDICTIONARY={class=menu_item, label=THE DEVIL'S DICTIONARY ((C)1911 Released April 15 1993)}
mnuCIAWorldFactbook2002={class=menu_item, label=CIA World Factbook 2002}
mnuVirtualEntityofRelevantAcronyms={class=menu_item, label=Virtual Entity of Relevant Acronyms (Version 1.9, June 2002)}
txtPortEntry={class=text, label=Port Entry}
btnDefaultPort={class=push_button, label=Default Port}
txtServerEntry={class=text, label=Server Entry}
btnDefaultServer={class=push_button, label=Default Server}
ptabWebSites={class=page_tab, label=Web Sites}
btnAdd={class=push_button, label=Add}
btnRemove={class=push_button, label=Remove}
btnHelp={class=push_button, label=Help}
btnClose={class=push_button, label=Close}

[dlgAboutDictionary]
dlgAboutDictionary={class=dialog, label=About Dictionary, app_name=gnome-dictionary}
btnLicense={class=push_button, label=License}
btnCredits={class=push_button, label=Credits}
btnClose={class=push_button, label=Close}

[dlgFind]
dlgFind={class=dialog, label=Find, app_name=gnome-dictionary}
txtSearchfor={class=text, label_by=Search for:}
btnFind={class=push_button, label=Find}
btnClose={class=push_button, label=Close}

[dlgPrintWordDefinition]
dlgPrintWordDefinition={class=dialog, label=Print Word Definition, app_name=gnome-dictionary}
ptlPrint Word Definition={class=page_tab_list}
ptabJob={class=page_tab, label=Job}
chkCollate={class=check_box, label=Collate}
sbtnNumberofcopies={class=spin_button, label_by=Number of copies:}
ptabPrinter={class=page_tab, label=Printer}
btnSaveAs={class=push_button, label=Save As}
mnuDefault={class=menu_item, label=Default}
mnuDefault={class=menu_item, label=Default}
mnuAddnewsettings={class=menu_item, label=Add new settings}
btnAdd={class=push_button, label=Add}
btnConfigure={class=push_button, label=Configure}
ptabPaper={class=page_tab, label=Paper}
mnuAuto={class=menu_item, label=Auto}
mnuRough={class=menu_item, label=Rough}
mnuCardStock={class=menu_item, label=Card Stock}
mnuColor={class=menu_item, label=Color}
mnuRecycled={class=menu_item, label=Recycled}
mnuBond={class=menu_item, label=Bond}
mnuLabels={class=menu_item, label=Labels}
mnuPrepunched={class=menu_item, label=Prepunched}
mnuTransparency={class=menu_item, label=Transparency}
mnuLetterhead={class=menu_item, label=Letterhead}
mnuPreprinted={class=menu_item, label=Preprinted}
mnuPlain={class=menu_item, label=Plain}
mnuEnvelopeFeeder={class=menu_item, label= Envelope Feeder}
mnuTray5={class=menu_item, label= Tray 5}
mnuTray4={class=menu_item, label= Tray 4}
mnuTray3={class=menu_item, label= Tray 3}
mnuTray2={class=menu_item, label= Tray 2}
mnuTray1={class=menu_item, label= Tray 1 (Manual)}
mnuTray1={class=menu_item, label= Tray 1}
mnuPlain={class=menu_item, label=Plain}
mnu2pagesto1={class=menu_item, label=2 pages to 1}
mnu4pagesto1={class=menu_item, label=4 pages to 1}
mnuDivided={class=menu_item, label=Divided}
mnuFolded={class=menu_item, label=Folded}
mnuPortrait={class=menu_item, label=Portrait}
mnuLandscape={class=menu_item, label=Landscape}
mnuUpsidedownportrait={class=menu_item, label=Upside down portrait}
mnuUpsidedownlandscape={class=menu_item, label=Upside down landscape}
mnuStraight={class=menu_item, label=Straight}
mnuRotated90degrees={class=menu_item, label=Rotated 90 degrees}
mnuRotated180degrees={class=menu_item, label=Rotated 180 degrees}
mnuRotated270degrees={class=menu_item, label=Rotated 270 degrees}
mnuPoints={class=menu_item, label=Points}
mnuMillimeters={class=menu_item, label=Millimeters}
mnuCentimeters={class=menu_item, label=Centimeters}
mnuInches={class=menu_item, label=Inches}
sbtnHeight={class=spin_button, label_by=Height:}
sbtnWidth={class=spin_button, label_by=Width:}
mnuLetter={class=menu_item, label=Letter}
mnuExecutive={class=menu_item, label=Executive}
mnuLegal={class=menu_item, label=Legal}
mnu11x17={class=menu_item, label=11x17}
mnu11x17={class=menu_item, label=11x17 (Oversize 11.7x17.7)}
mnuA3={class=menu_item, label=A3}
mnuA4={class=menu_item, label=A4}
mnuA5={class=menu_item, label=A5}
mnuB4={class=menu_item, label=B4 (JIS)}
mnuB5={class=menu_item, label=B5 (JIS)}
mnuDoublePostcard={class=menu_item, label=Double Postcard (JIS)}
mnuExecutive={class=menu_item, label=Executive (JIS)}
mnu16K={class=menu_item, label=16K}
mnu8K={class=menu_item, label=8K}
mnuEnvelope#10={class=menu_item, label=Envelope #10}
mnuEnvelopeMonarch={class=menu_item, label=Envelope Monarch}
mnuEnvelopeDL={class=menu_item, label=Envelope DL}
mnuEnvelopeC5={class=menu_item, label=Envelope C5}
mnuEnvelopeB5={class=menu_item, label=Envelope B5}
mnuCustomSize={class=menu_item, label=Custom Size}
btnPrintPreview={class=push_button, label=Print Preview}
btnPrint={class=push_button, label=Print}
btnCancel={class=push_button, label=Cancel}


[dlgPrintWordDefinition]
dlgPrintWordDefinition={class=dialog, label=Print Word Definition, app_name=gnome-dictionary}
ptlPrint Word Definition={class=page_tab_list}
ptabJob={class=page_tab, label=Job}
chkCollate={class=check_box, label=Collate}
sbtnNumberofcopies={class=spin_button, label_by=Number of copies:}
ptabPrinter={class=page_tab, label=Printer}
mnuFile={class=menu_item, label=File}
mnulpr={class=menu_item, label=lpr}
mnuCustom={class=menu_item, label=Custom}
btnSaveAs={class=push_button, label=Save As}
mnuDefault={class=menu_item, label=Default}
mnuDefault={class=menu_item, label=Default}
mnuAddnewsettings={class=menu_item, label=Add new settings}
btnAdd={class=push_button, label=Add}
btnConfigure={class=push_button, label=Configure}
ptabPaper={class=page_tab, label=Paper}
mnuNooptionsaredefined={class=menu_item, label=No options are defined}
mnuPlain={class=menu_item, label=Plain}
mnu2pagesto1={class=menu_item, label=2 pages to 1}
mnu4pagesto1={class=menu_item, label=4 pages to 1}
mnuDivided={class=menu_item, label=Divided}
mnuFolded={class=menu_item, label=Folded}
mnuPortrait={class=menu_item, label=Portrait}
mnuLandscape={class=menu_item, label=Landscape}
mnuUpsidedownportrait={class=menu_item, label=Upside down portrait}
mnuUpsidedownlandscape={class=menu_item, label=Upside down landscape}
mnuStraight={class=menu_item, label=Straight}
mnuRotated90degrees={class=menu_item, label=Rotated 90 degrees}
mnuRotated180degrees={class=menu_item, label=Rotated 180 degrees}
mnuRotated270degrees={class=menu_item, label=Rotated 270 degrees}
mnuPoints={class=menu_item, label=Points}
mnuMillimeters={class=menu_item, label=Millimeters}
mnuCentimeters={class=menu_item, label=Centimeters}
mnuInches={class=menu_item, label=Inches}
sbtnHeight={class=spin_button, label_by=Height:}
sbtnWidth={class=spin_button, label_by=Width:}
mnuA4={class=menu_item, label=A4}
mnuUSLetter={class=menu_item, label=US Letter}
mnuUSLegal={class=menu_item, label=US Legal}
mnuUSExecutive={class=menu_item, label=US Executive}
mnuCustom={class=menu_item, label=Custom}
mnuA0={class=menu_item, label=A0}
mnuA1={class=menu_item, label=A1}
mnuA2={class=menu_item, label=A2}
mnuA3={class=menu_item, label=A3}
mnuA5={class=menu_item, label=A5}
mnuA6={class=menu_item, label=A6}
mnuA7={class=menu_item, label=A7}
mnuA8={class=menu_item, label=A8}
mnuA9={class=menu_item, label=A9}
mnuA10={class=menu_item, label=A10}
mnuB0={class=menu_item, label=B0}
mnuB1={class=menu_item, label=B1}
mnuB2={class=menu_item, label=B2}
mnuB3={class=menu_item, label=B3}
mnuB4={class=menu_item, label=B4}
mnuB5={class=menu_item, label=B5}
mnuB6={class=menu_item, label=B6}
mnuB7={class=menu_item, label=B7}
mnuB8={class=menu_item, label=B8}
mnuB9={class=menu_item, label=B9}
mnuB10={class=menu_item, label=B10}
mnuC0={class=menu_item, label=C0}
mnuC1={class=menu_item, label=C1}
mnuC2={class=menu_item, label=C2}
mnuC3={class=menu_item, label=C3}
mnuC4={class=menu_item, label=C4}
mnuC5={class=menu_item, label=C5}
mnuC6={class=menu_item, label=C6}
mnuC7={class=menu_item, label=C7}
mnuC8={class=menu_item, label=C8}
mnuC9={class=menu_item, label=C9}
mnuC10={class=menu_item, label=C10}
mnu1/3A4={class=menu_item, label=1/3 A4}
mnu1/4A4={class=menu_item, label=1/4 A4}
mnu1/8A4={class=menu_item, label=1/8 A4}
mnu1/4A3={class=menu_item, label=1/4 A3}
mnu1/3A5={class=menu_item, label=1/3 A5}
mnuDLEnvelope={class=menu_item, label=DL Envelope}
mnuC6/C5Envelope={class=menu_item, label=C6/C5 Envelope}
mnuEnvelopeNo10={class=menu_item, label=Envelope No10}
mnuEnvelope6x9={class=menu_item, label=Envelope 6x9}
btnPrintPreview={class=push_button, label=Print Preview}
btnPrint={class=push_button, label=Print}
btnCancel={class=push_button, label=Cancel}



