[Evolution-Contacts]
Evolution-Contacts={class=frame, app_name=evolution-2.2}
mnuFile={class=menu, label=File}
mnuNew={class=menu, label=New}
mnuContact={class=menu_item, label=Contact}
mnuContactList={class=menu_item, label=Contact List}
mnuAddressBook={clEvolution-Contactsass=menu_item, label=Address Book}
mnuAllDayAppointment={class=menu_item, label=All Day Appointment}
mnuAppointment={class=menu_item, label=Appointment}
mnuAssignedTask={class=menu_item, label=Assigned Task}
mnuMailMessage={class=menu_item, label=Mail Message}
mnuMeeting={class=menu_item, label=Meeting}
mnuTask={class=menu_item, label=Task}
mnuCalendar={class=menu_item, label=Calendar}
mnuMailFolder={class=menu_item, label=Mail Folder}
mnuTasklist={class=menu_item, label=Task list}
mnuNewWindow={class=menu_item, label=New Window}
mnuOpen={class=menu_item, label=Open}
mnuSaveasVCard={class=menu_item, label=Save as VCard...}
mnuImport={class=menu_item, label=Import...}
mnuPrintPreview={class=menu_item, label=Print Preview}
mnuPrint={class=menu_item, label=Print...}
mnuWorkOffline={class=menu_item, label=Work Offline}
mnuClose={class=meEvolution-Contactsnu_item, label=Close}
mnuExit={class=menu_item, label=Exit}
mnuEdit={class=menu, label=Edit}
mnuSelectAll={class=menu_item, label=Select All}
mnuCut={class=menu_item, label=Cut}
mnuCopy={class=menu_item, label=Copy}
mnuPaste={class=menu_item, label=Paste}
mnuDelete={class=menu_item, label=Delete}
mnuView={class=menu, label=View}
mnuCurrentView={class=menu, label=Current View}
mnuAddressCards={class=radio_menu_item, label=Address Cards}
mnuPhoneList={class=radio_menu_item, label=Phone List}
mnuByCompany={class=radio_menu_item, label=By Company}
mnuDefineViews={class=menu_item, label=Define Views...}
mnuWindow={class=menu, label=Window}
mnuMail={class=menu_item, label=Mail}
mnuContacts={class=menu_item, label=Contacts}
mnuCalendars={class=menu_item, label=Calendars}
mnuTasks={class=menu_item, label=Tasks}
mnuExchange={class=menu_item, label=Exchange}
mnuToolbar={class=check_menu_item, label=Toolbar}
mnuPreviewPane={class=check_menu_item, label=Preview Pane}
mnuActions={class=menu, label=Actions}
mnuSend/Receive={class=menu_item, label=Send / Receive}
mnuForgetPasswords={class=menu_item, label=Forget Passwords}
mnuForwardContact={class=menu_item, label=Forward Contact...}
mnuSendMessagetoContact={class=menu_item, label=Send Message to Contact...}
mnuStop={class=menu_item, label=Stop}
mnuCopytoFolder={class=menu_item, label=Copy to Folder...}
mnuMovetoFolder={class=menu_item, label=Move to Folder...}
mnuTools={class=menu, label=Tools}
mnuSettings={class=menu_item, label=Settings...}
cnvsAddBook={class=canvas, label=evolution addressbook}
pnlAddbook={class=panel, parent=Evolution-Contacts, instance_index=44}
///treetblContacts={class=tree_table, label=Contact Source Selector}
trtblContactSourceSelector={class=tree_table, label=Contact Source Selector}


[Evolution-Mail]
Evolution-Mail={class=frame, app_name=evolution-2.2}
mnuFile={class=menu, label=File}
mnuNew={class=menu, label=New}
mnuMailMessage={class=menu_item, label=Mail Message}
mnuMailFolder={class=menu_item, label=Mail Folder}
mnuAllDayAppointment={class=menu_item, label=All Day Appointment}
mnuAppointment={class=menu_item, label=Appointment}
mnuAssignedTask={class=menu_item, label=Assigned Task}
mnuContact={class=menu_item, label=Contact}
mnuContactList={class=menu_item, label=Contact List}
mnuMeeting={class=menu_item, label=Meeting}
mnuTask={class=menu_item, label=Task}dl
mnuAddressBook={class=menu_item, label=Address Book}
mnuCalendar={class=menu_item, label=Calendar}
mnuTasklist={class=menu_item, label=Task list}
mnuNewWindow={class=menu_item, label=New Window}
mnuOpenMessage={class=menu_item, label=Open Message}
mnuSaveAs={class=menu_item, label=Save As...}
mnuImport={class=menu_item, label=Import...}
mnuPrintPreview={class=menu_item, label=Print Preview}
mnuPrint={class=menu_item, label=Print...}
mnuFolder={class=menu, label=Folder}
mnuProperties={class=menu_item, label=Properties}
mnuWorkOffline={class=menu_item, label=Work Offline}
mnuClose={class=menu_item, label=Close}
mnuExit={class=menu_item, label=Exit}
mnuEdit={class=menu, label=Edit}
mnuSelectAll={class=menu_item, label=Select All}
mnuSelectThread={class=menu_item, label=Select Thread}
mnuInvertSelection={class=menu_item, label=Invert Selection}
mnuCut={class=menu_item, label=Cut}
mnuCopy={class=menu_item, label=Copy}
mnuPaste={class=menu_item, label=Paste}
mnuSearchinMessage={class=menu_item, label=Search in Message...}
mnuDelete={class=menu_item, label=Delete}
mnuUndelete={class=menu_item, label=Undelete}
mnuMarkasRead={class=menu_item, label=Mark as Read}
mnuMarkasUnread={class=menu_item, label=Mark as Unread}
mnuMarkasImportant={class=menu_item, label=Mark as Important}
mnuMarkasUnimportant={class=menu_item, label=Mark as Unimportant}
mnuMarkasJunk={class=menu_item, label=Mark as Junk}
mnuMarkasNotJunk={class=menu_item, label=Mark as Not Junk}
mnuMarkAllasRead={class=menu_item, label=Mark All as Read}
mnuPreferences={class=menu_item, label=Preferences}
mnuView={class=menu, label=View}
mnuCurrentView={class=menu, label=Current View}
mnuMessages={class=radio_menu_item, label=Messages}
mnuAsSentFolder={class=radio_menu_item, label=As Sent Folder}
mnuBySubject={class=radio_menu_item, label=By Subject}
mnuBySender={class=radio_menu_item, label=By Sender}
mnuByStatus={class=radio_menu_item, label=By Status}
mnuByFollowUpFlag={class=radio_menu_item, label=By Follow Up Flag}
mnuDefineViews={class=menu_item, label=Define Views...}
mnuWindow={class=menu, label=Window}
mnuMail={class=menu_item, label=Mail}
mnuContacts={class=menu_item, label=Contacts}
mnuCalendars={class=menu_item, label=Calendars}
mnuTasks={class=menu_item, label=Tasks}
mnuExchange={class=menu_item, label=Exchange}
mnuWindowButtons={class=menu, label=Window Buttons}
mnuIconsandtext={class=radio_menu_item, label=Icons and text}
mnuIconsonly={class=radio_menu_item, label=Icons only}
mnuTextonly={class=radio_menu_item, label=Text only}
mnuToolbarstyle={class=radio_menu_item, label=Toolbar style}
mnuHidebuttons={class=check_menu_item, label=Hide buttons}
mnuToolbar={class=check_menu_item, label=Toolbar}
mnuPreviewPane={class=check_menu_item, label=Preview Pane}
mnuThreadedMessageList={class=check_menu_item, label=Threaded Message List}
mnuHideDeletedMessages={class=check_menu_item, label=Hide Deleted Messages}
mnuGoTo={class=menu, label=Go To}
mnuNextMessage={class=menu_item, label=Next Message}
mnuNextUnreadMessage={class=menu_item, label=Next Unread Message}
mnuNextImportantMessage={class=menu_item, label=Next Important Message}
mnuNextThread={class=menu_item, label=Next Thread}
mnuPreviousMessage={class=menu_item, label=Previous Message}
mnuPreviousUnreadMessage={class=menu_item, label=Previous Unread Message}
mnuPreviousImportantMessage={class=menu_item, label=Previous Important Message}
mnuTextSize={class=menu, label=Text Size}
mnuSmaller={class=menu_item, label=Smaller}
mnuLarger={class=menu_item, label=Larger}
mnuOriginalSize={class=menu_item, label=Original Size}
mnuMessageDisplay={class=menu, label=Message Display}
mnuLoadImages={class=menu_item, label=Load Images}
mnuCaretMode={class=check_menu_item, label=Caret Mode}
mnuNormalDisplay={class=radio_menu_item, label=Normal Display}
mnuShowFullHeaders={class=radio_menu_item, label=Show Full Headers}
mnuShowEmailSource={class=radio_menu_item, label=Show Email Source}
mnuHideSelectedMessages={class=menu_item, label=Hide Selected Messages}
mnuHideReadMessages={class=menu_item, label=Hide Read Messages}
mnuShowHiddenMessages={class=menu_item, label=Show Hidden Messages}
mnuCharacterEncoding={class=menu, label=Character Encoding}
mnuBaltic={class=radio_menu_item, label=Baltic (ISO-8859-13)}
mnuBaltic={class=radio_menu_item, label=Baltic (ISO-8859-4)}
mnuCentralEuropean={class=radio_menu_item, label=Central European (ISO-8859-2)}
mnuChinese,Traditional={class=radio_menu_item, label=Chinese, Traditional (Big5)}
mnuChinese,Traditional={class=radio_menu_item, label=Chinese, Traditional (BIG5HKSCS)}
mnuChinese,Traditional={class=radio_menu_item, label=Chinese, Traditional (EUC-TW)}
mnuChinese,Simplified={class=radio_menu_item, label=Chinese, Simplified (GB18030)}
mnuChinese,Simplified={class=radio_menu_item, label=Chinese, Simplified (GB2312)}
mnuChinese,Simplified={class=radio_menu_item, label=Chinese, Simplified (HZ)}
mnuChinese,Simplified={class=radio_menu_item, label=Chinese, Simplified (ISO-2022-CN)}
mnuCyrillic={class=radio_menu_item, label=Cyrillic (KOI8-R)}
mnuCyrillic={class=radio_menu_item, label=Cyrillic (Windows-1251)}
mnuCyrillic,Ukrainian={class=radio_menu_item, label=Cyrillic, Ukrainian (KOI8-U)}
mnuCyrillic={class=radio_menu_item, label=Cyrillic (ISO-8859-5)}
mnuGreek={class=radio_menu_item, label=Greek (ISO-8859-7)}
mnuHebrew,Visual={class=radio_menu_item, label=Hebrew, Visual (ISO-8859-8)}
mnuJapanese={class=radio_menu_item, label=Japanese (ISO-2022-JP)}
mnuJapanese={class=radio_menu_item, label=Japanese (EUC-JP)}
mnuJapanese={class=radio_menu_item, label=Japanese (Shift_JIS)}
mnuKorean={class=radio_menu_item, label=Korean (EUC-KR)}
mnuTurkish={class=radio_menu_item, label=Turkish (ISO-8859-9)}
mnuUnicode={class=radio_menu_item, label=Unicode (UTF-8)}
mnuUnicode={class=radio_menu_item, label=Unicode (UTF-7)}
mnuWesternEuropean={class=radio_menu_item, label=Western European (ISO-8859-1)}
mnuWesternEuropean,New={class=radio_menu_item, label=Western European, New (ISO-8859-15)}
mnuDefault={class=radio_menu_item, label=Default}
mnuActions={class=menu, label=Actions}
mnuSend/Receive={class=menu_item, label=Send / Receive}
mnuForgetPasswords={class=menu_item, label=Forget Passwords}
mnuComposeNewMessage={class=menu_item, label=Compose New Message}
mnuPostNewMessage={class=menu_item, label=Post New Message}
mnuCancel={class=menu_item, label=Cancel}
mnuFollowUp={class=menu_item, label=Follow Up...}
mnuReplytoSender={class=menu_item, label=Reply to Sender}
mnuReplytoList={class=menu_item, label=Reply to List}
mnuReplytoAll={class=menu_item, label=Reply to All}
mnuForward={class=menu_item, label=Forward}
mnuForwardAs...={class=menu, label=Forward As...}
mnuAttached={class=menu_item, label=Attached}
mnuInline={class=menu_item, label=Inline}
mnuQuoted={class=menu_item, label=Quoted}
mnuRedirect={class=menu_item, label=Redirect}
mnuPostaReply={class=menu_item, label=Post a Reply}
mnuEditasNewMessage={class=menu_item, label=Edit as New Message...}
mnuMovetoFolder={class=menu_item, label=Move to Folder}
mnuCopytoFolder={class=menu_item, label=Copy to Folder}
mnuAddSendertoAddressBook={class=menu_item, label=Add Sender to Address Book}
mnuApplyFilters={class=menu_item, label=Apply Filters}
mnuFilterJunk={class=menu_item, label=Filter Junk}
mnuSaveAttachments={class=menu_item, label=Save Attachments ...}
mnuExpunge={class=menu_item, label=Expunge}
mnuEmptyTrash={class=menu_item, label=Empty Trash}
mnuMailingList={class=menu, label=Mailing List}
mnuGetlistusageinformation={class=menu_item, label=Get list usage information}
mnuSubscribetolist={class=menu_item, label=Subscribe to list}
mnuUn-subscribetolist={class=menu_item, label=Un-subscribe to list}
mnuPostmessagetolist={class=menu_item, label=Post message to list}
mnuContactlistowner={class=menu_item, label=Contact list owner}
mnuGetlistarchive={class=menu_item, label=Get list archive}
mnuTools={class=menu, label=Tools}
mnuFilters={class=menu_item, label=Filters...}
mnuCreateFilterFromMessage={class=menu, label=Create Filter From Message}
mnuFilteronSubject={class=menu_item, label=Filter on Subject...}
mnuFilteronSender={class=menu_item, label=Filter on Sender...}
mnuFilteronRecipients={class=menu_item, label=Filter on Recipients...}
mnuFilteronMailingList={class=menu_item, label=Filter on Mailing List...}
mnuvFolderEditor={class=menu_item, label=vFolder Editor...}
mnuCreatevFolderFromMessage={class=menu, label=Create vFolder From Message}
mnuvFolderonSubject={class=menu_item, label=vFolder on Subject...}
mnuvFolderonSender={class=menu_item, label=vFolder on Sender...}
mnuvFolderonRecipients={class=menu_item, label=vFolder on Recipients...}
mnuvFolderonMailingList={class=menu_item, label=vFolder on Mailing List...}
mnuSubscribetoFolders={class=menu_item, label=Subscribe to Folders...}
mnuPilotSettings={class=menu_item, label=Pilot Settings...}
mnuManagePlugins={class=menu_item, label=Manage Plugins...}
mnuSearch={class=menu, label=Search}
mnuFindNow={class=menu_item, label=Find Now}
mnuClear={class=menu_item, label=Clear}
mnuAdvanced={class=menu_item, label=Advanced...}
mnuSaveSearch={class=menu_item, label=Save Search...}
mnuEditSavedSearches={class=menu_item, label=Edit Saved Searches...}
mnuCreatevFolderFromSearch={class=menu_item, label=Create vFolder From Search...}
mnuHelp={class=menu, label=Help}
mnuContents={class=menu_item, label=Contents}
mnuQuickReference={class=menu_item, label=Quick Reference}
mnuSubmitBugReport={class=menu_item, label=Submit Bug Report}
mnuAboutEvolution={class=menu_item, label=About Evolution...}
btnNew={class=push_button, label=New}
btnSend/Receive={class=push_button, label=Send / Receive}
btnReply={class=push_button, label=Reply}
btnReplytoAll={class=push_button, label=Reply to All}
btnForward={class=push_button, label=Forward}
btnMove={class=push_button, label=Move}
btnCopy={class=push_button, label=Copy}
btnPrint={class=push_button, label=Print}
btnDelete={class=push_button, label=Delete}
btnJunk={class=push_button, label=Junk}
btnNotJunk={class=push_button, label=Not Junk}
btnCancel={class=push_button, label=Cancel}
btnPrevious={class=push_button, label=Previous}
btnNext={class=push_button, label=Next}
tbtnMail={class=toggle_button, label=Mail}
tbtnContacts={class=toggle_button, label=Contacts}
tbtnCalendars={class=toggle_button, label=Calendars}
tbtnTasks={class=toggle_button, label=Tasks}
tbtnExchange={class=toggle_button, label=Exchange}
mnuSubjectorSendercontains={class=menu_item, label=Subject or Sender contains}
mnuRecipientscontain={class=menu_item, label=Recipients contain}
mnuMessagecontains={class=menu_item, label=Message contains}
mnuSubjectcontains={class=menu_item, label=Subject contains}
mnuSendercontains={class=menu_item, label=Sender contains}
mnuBodycontains={class=menu_item, label=Body contains}
mnuSubjectorSendercontains={class=menu_item, label=Subject or Sender contains}
mnuAdvanced={class=menu_item, label=Advanced...}
txtSearchTextEntry={class=text, label=Search Text Entry}
btnFindNow={class=push_button, label=Find Now}
btnClear={class=push_button, label=Clear}
//treeTabFolder={class=tree_table, instance_index=0}
trtblMailFolderTree={class=tree_table, label=Mail Folder Tree}
//treetblMails={class=tree_table, instance_index=1}
trtblMessageList={class=tree_table, label=Message List}
txtSearchTextEntry={class=text,instance_index=0,parent=Evolution-Mail}
FindNow={class=push_button,instance_index=12,parent=Evolution-Mail}


[Evolution-Tasks]
Evolution-Tasks={class=frame, app_name=evolution-2.2}
mnuFile={class=menu, label=File}
mnuNew={class=menu, label=New}
mnuTask={class=menu_item, label=Task}
mnuAssignedTask={class=menu_item, label=Assigned Task}
mnuTasklist={class=menu_item, label=Task list}
mnuAllDayAppointment={class=menu_item, label=All Day Appointment}
mnuAppointment={class=menu_item, label=Appointment}
mnuContact={class=menu_item, label=Contact}
mnuContactList={class=menu_item, label=Contact List}
mnuMailMessage={class=menu_item, label=Mail Message}
mnuMeeting={class=menu_item, label=Meeting}
mnuAddressBook={class=menu_item, label=Address Book}
mnuCalendar={class=menu_item, label=Calendar}
mnuMailFolder={class=menu_item, label=Mail Folder}
mnuNewWindow={class=menu_item, label=New Window}
mnuOpenTask={class=menu_item, label=Open Task}
mnuImport={class=menu_item, label=Import...}
mnuPrintPreview={class=menu_item, label=Print Preview}
mnuPrint={class=menu_item, label=Print...}
mnuWorkOffline={class=menu_item, label=Work Offline}
mnuClose={class=menu_item, label=Close}
mnuExit={class=menu_item, label=Exit}
mnuEdit={class=menu, label=Edit}
mnuCut={class=menu_item, label=Cut}
mnuCopy={class=menu_item, label=Copy}
mnuPaste={class=menu_item, label=Paste}
mnuDelete={class=menu_item, label=Delete}
mnuMarkasComplete={class=menu_item, label=Mark as Complete}
mnuPreferences={class=menu_item, label=Preferences}
mnuView={class=menu, label=View}
mnuCurrentView={class=menu, label=Current View}
mnuTasks={class=radio_menu_item, label=Tasks}
mnuWithDueDate={class=radio_menu_item, label=With Due Date}
mnuWithStatus={class=radio_menu_item, label=With Status}
mnuDefineViews={class=menu_item, label=Define Views...}
mnuWindow={class=menu, label=Window}
mnuMail={class=menu_item, label=Mail}
mnuContacts={class=menu_item, label=Contacts}
mnuCalendars={class=menu_item, label=Calendars}
mnuTasks={class=menu_item, label=Tasks}
mnuWindowButtons={class=menu, label=Window Buttons}
mnuIconsandtext={class=radio_menu_item, label=Icons and text}
mnuIconsonly={class=radio_menu_item, label=Icons only}
mnuTextonly={class=radio_menu_item, label=Text only}
mnuToolbarstyle={class=radio_menu_item, label=Toolbar style}
mnuHidebuttons={class=check_menu_item, label=Hide buttons}
mnuToolbar={class=check_menu_item, label=Toolbar}
mnuActions={class=menu, label=Actions}
mnuSend/Receive={class=menu_item, label=Send / Receive}
mnuForgetPasswords={class=menu_item, label=Forget Passwords}
mnuPurge={class=menu_item, label=Purge}
mnuTools={class=menu, label=Tools}
mnuPilotSettings={class=menu_item, label=Pilot Settings...}
mnuManagePlugins={class=menu_item, label=Manage Plugins...}
mnuSearch={class=menu, label=Search}
mnuFindNow={class=menu_item, label=Find Now}
mnuClear={class=menu_item, label=Clear}
mnuHelp={class=menu, label=Help}
mnuContents={class=menu_item, label=Contents}
mnuQuickReference={class=menu_item, label=Quick Reference}
mnuSubmitBugReport={class=menu_item, label=Submit Bug Report}
mnuAboutEvolution={class=menu_item, label=About Evolution...}
btnNew={class=push_button, label=New}
btnSend/Receive={class=push_button, label=Send / Receive}
btnCut={class=push_button, label=Cut}
btnCopy={class=push_button, label=Copy}
btnPaste={class=push_button, label=Paste}
btnPrint={class=push_button, label=Print}
btnDelete={class=push_button, label=Delete}
tbtnMail={class=toggle_button, label=Mail}
tbtnContacts={class=toggle_button, label=Contacts}
tbtnCalendars={class=toggle_button, label=Calendars}
tbtnTasks={class=toggle_button, label=Tasks}
mnuAnyfieldcontains={class=menu_item, label=Any field contains}
mnuSummarycontains={class=menu_item, label=Summary contains}
mnuDescriptioncontains={class=menu_item, label=Description contains}
mnuLocationcontains={class=menu_item, label=Location contains}
mnuCategoryis={class=menu_item, label=Category is}
mnuAnyCategory={class=menu_item, label=Any Category}
mnuUnmatched={class=menu_item, label=Unmatched}
mnuAnyCategory={class=menu_item, label=Any Category}
mnuBirthday={class=menu_item, label=Birthday}
mnuBusiness={class=menu_item, label=Business}
mnuCompetition={class=menu_item, label=Competition}
mnuFavorites={class=menu_item, label=Favorites}
mnuGifts={class=menu_item, label=Gifts}
mnuGoals/Objectives={class=menu_item, label=Goals/Objectives}
mnuHoliday={class=menu_item, label=Holiday}
mnuHolidayCards={class=menu_item, label=Holiday Cards}
mnuHotContacts={class=menu_item, label=Hot Contacts}
mnuIdeas={class=menu_item, label=Ideas}
mnuInternational={class=menu_item, label=International}
mnuKeyCustomer={class=menu_item, label=Key Customer}
mnuMiscellaneous={class=menu_item, label=Miscellaneous}
mnuPersonal={class=menu_item, label=Personal}
mnuPhoneCalls={class=menu_item, label=Phone Calls}
mnuStatus={class=menu_item, label=Status}
mnuStrategies={class=menu_item, label=Strategies}
mnuSuppliers={class=menu_item, label=Suppliers}
mnuTime&Expenses={class=menu_item, label=Time & Expenses}
mnuVIP={class=menu_item, label=VIP}
mnuWaiting={class=menu_item, label=Waiting}
btnFindNow={class=push_button, label=Find Now}
btnClear={class=push_button, label=Clear}
tblDayView={class=table, label=Day View: Monday 25 Apr 2005. It has 3 events.}
paneMonthCalendar={class=layered_pane, label=Month Calendar}
btnPreviousButton={class=push_button, label=Previous Button}
btnPreviousButton={class=push_button, label=Previous Button}
tblTaskTable={class=table, label=Task Table}
tblTaskTable={class=table, label=Task Table}
mnuAnyfieldcontains={class=menu_item, label=Any field contains}
mnuSummarycontains={class=menu_item, label=Summary contains}
mnuDescriptioncontains={class=menu_item, label=Description contains}
mnuCategoryis={class=menu_item, label=Category is}
mnuAnyCategory={class=menu_item, label=Any Category}
mnuUnmatched={class=menu_item, label=Unmatched}
mnuAnyCategory={class=menu_item, label=Any Category}
mnuBirthday={class=menu_item, label=Birthday}
mnuBusiness={class=menu_item, label=Business}
mnuCompetition={class=menu_item, label=Competition}
mnuFavorites={class=menu_item, label=Favorites}
mnuGifts={class=menu_item, label=Gifts}
mnuGoals/Objectives={class=menu_item, label=Goals/Objectives}
mnuHoliday={class=menu_item, label=Holiday}
mnuHolidayCards={class=menu_item, label=Holiday Cards}
mnuHotContacts={class=menu_item, label=Hot Contacts}
mnuIdeas={class=menu_item, label=Ideas}
mnuInternational={class=menu_item, label=International}
mnuKeyCustomer={class=menu_item, label=Key Customer}
mnuMiscellaneous={class=menu_item, label=Miscellaneous}
mnuPersonal={class=menu_item, label=Personal}
mnuPhoneCalls={class=menu_item, label=Phone Calls}
mnuStatus={class=menu_item, label=Status}
mnuStrategies={class=menu_item, label=Strategies}
mnuSuppliers={class=menu_item, label=Suppliers}
mnuTime&Expenses={class=menu_item, label=Time & Expenses}
mnuVIP={class=menu_item, label=VIP}
mnuWaiting={class=menu_item, label=Waiting}
btnFindNow={class=push_button, label=Find Now}
btnClear={class=push_button, label=Clear}
///tblTasks={class=table, instance_index=0}
trtblTaskSourceSelector={class=tree_table, label=Task Source Selector}

[Evolution-Calendars]
Evolution-Calendars={class=frame, app_name=evolution-2.2}
mnuFile={class=menu, label=File}
mnuNew={class=menu, label=New}
mnuAppointment={class=menu_item, label=Appointment}
mnuMeeting={class=menu_item, label=Meeting}
mnuAllDayAppointment={class=menu_item, label=All Day Appointment}
mnuCalendar={class=menu_item, label=Calendar}
mnuAssignedTask={class=menu_item, label=Assigned Task}
mnuContact={class=menu_item, label=Contact}
mnuContactList={class=menu_item, label=Contact List}
mnuMailMessage={class=menu_item, label=Mail Message}
mnuTask={class=menu_item, label=Task}
mnuAddressBook={class=menu_item, label=Address Book}
mnuMailFolder={class=menu_item, label=Mail Folder}
mnuTasklist={class=menu_item, label=Task list}
mnuNewWindow={class=menu_item, label=New Window}
mnuOpenAppointment={class=menu_item, label=Open Appointment}
mnuImport={class=menu_item, label=Import...}
mnuPrintPreview={class=menu_item, label=Print Preview}
mnuPrint={class=menu_item, label=Print...}
mnuWorkOffline={class=menu_item, label=Work Offline}
mnuClose={class=menu_item, label=Close}
mnuExit={class=menu_item, label=Exit}
mnuEdit={class=menu, label=Edit}
mnuCut={class=menu_item, label=Cut}
mnuCopy={class=menu_item, label=Copy}
mnuPaste={class=menu_item, label=Paste}
mnuDelete={class=menu_item, label=Delete}
mnuDeletethisOccurrence={class=menu_item, label=Delete this Occurrence}
mnuDeleteAllOccurrences={class=menu_item, label=Delete All Occurrences}
mnuPreferences={class=menu_item, label=Preferences}
mnuView={class=menu, label=View}
mnuSelectToday={class=menu_item, label=Select Today}
mnuSelectDate={class=menu_item, label=Select Date}
mnuCurrentView={class=menu, label=Current View}
mnuDayView={class=radio_menu_item, label=Day View}
mnuWorkWeekView={class=radio_menu_item, label=Work Week View}
mnuWeekView={class=radio_menu_item, label=Week View}
mnuMonthView={class=radio_menu_item, label=Month View}
mnuListView={class=radio_menu_item, label=List View}
mnuDefineViews={class=menu_item, label=Define Views...}
mnuWindow={class=menu, label=Window}
mnuMail={class=menu_item, label=Mail}
mnuContacts={class=menu_item, label=Contacts}
mnuCalendars={class=menu_item, label=Calendars}
mnuTasks={class=menu_item, label=Tasks}
mnuWindowButtons={class=menu, label=Window Buttons}
mnuIconsandtext={class=radio_menu_item, label=Icons and text}
mnuIconsonly={class=radio_menu_item, label=Icons only}
mnuTextonly={class=radio_menu_item, label=Text only}
mnuToolbarstyle={class=radio_menu_item, label=Toolbar style}
mnuHidebuttons={class=check_menu_item, label=Hide buttons}
mnuToolbar={class=check_menu_item, label=Toolbar}
mnuActions={class=menu, label=Actions}
mnuSend/Receive={class=menu_item, label=Send / Receive}
mnuForgetPasswords={class=menu_item, label=Forget Passwords}
mnuPublishFree/BusyInformation={class=menu_item, label=Publish Free/Busy Information}
mnuPurge={class=menu_item, label=Purge}
mnuTools={class=menu, label=Tools}
mnuPilotSettings={class=menu_item, label=Pilot Settings...}
mnuManagePlugins={class=menu_item, label=Manage Plugins...}
mnuSearch={class=menu, label=Search}
mnuFindNow={class=menu_item, label=Find Now}
mnuClear={class=menu_item, label=Clear}
mnuHelp={class=menu, label=Help}
mnuContents={class=menu_item, label=Contents}
mnuQuickReference={class=menu_item, label=Quick Reference}
mnuSubmitBugReport={class=menu_item, label=Submit Bug Report}
mnuAboutEvolution={class=menu_item, label=About Evolution...}
btnNew={class=push_button, label=New}
btnSend/Receive={class=push_button, label=Send / Receive}
btnPrint={class=push_button, label=Print}
btnDelete={class=push_button, label=Delete}
btnPrevious={class=push_button, label=Previous}
btnToday={class=push_button, label=Today}
btnNext={class=push_button, label=Next}
btnGoTo={class=push_button, label=Go To}
btnDay={class=push_button, label=Day}
btnWorkWeek={class=push_button, label=Work Week}
btnWeek={class=push_button, label=Week}
btnMonth={class=push_button, label=Month}
btnList={class=push_button, label=List}
tbtnMail={class=toggle_button, label=Mail}
tbtnContacts={class=toggle_button, label=Contacts}
tbtnCalendars={class=toggle_button, label=Calendars}
tbtnTasks={class=toggle_button, label=Tasks}
mnuAnyfieldcontains={class=menu_item, label=Any field contains}
mnuSummarycontains={class=menu_item, label=Summary contains}
mnuDescriptioncontains={class=menu_item, label=Description contains}
mnuLocationcontains={class=menu_item, label=Location contains}
mnuCategoryis={class=menu_item, label=Category is}
mnuAnyCategory={class=menu_item, label=Any Category}
mnuUnmatched={class=menu_item, label=Unmatched}
mnuAnyCategory={class=menu_item, label=Any Category}
mnuBirthday={class=menu_item, label=Birthday}
mnuBusiness={class=menu_item, label=Business}
mnuCompetition={class=menu_item, label=Competition}
mnuFavorites={class=menu_item, label=Favorites}
mnuGifts={class=menu_item, label=Gifts}
mnuGoals/Objectives={class=menu_item, label=Goals/Objectives}
mnuHoliday={class=menu_item, label=Holiday}
mnuHolidayCards={class=menu_item, label=Holiday Cards}
mnuHotContacts={class=menu_item, label=Hot Contacts}
mnuIdeas={class=menu_item, label=Ideas}
mnuInternational={class=menu_item, label=International}
mnuKeyCustomer={class=menu_item, label=Key Customer}
mnuMiscellaneous={class=menu_item, label=Miscellaneous}
mnuPersonal={class=menu_item, label=Personal}
mnuPhoneCalls={class=menu_item, label=Phone Calls}
mnuStatus={class=menu_item, label=Status}
mnuStrategies={class=menu_item, label=Strategies}
mnuSuppliers={class=menu_item, label=Suppliers}
mnuTime&Expenses={class=menu_item, label=Time & Expenses}
mnuVIP={class=menu_item, label=VIP}
mnuWaiting={class=menu_item, label=Waiting}
btnFindNow={class=push_button, label=Find Now}
btnClear={class=push_button, label=Clear}
ptlComponents={class=page_tab_list, parent=Evolution-Calendars, instance_index=1}
filler={class=filler, parent=ptlComponents, instance_index=0}
calview={class=calendar_view, parent=ptlComponents, instance_index=0}
tblDayView={class=table, parent=calview, instance_index=0}
paneMonthCalendar={class=layered_pane, label=Month Calendar}
btnPreviousButton={class=push_button, label=Previous Button}
btnPreviousButton1={class=push_button, label=Previous Button}
tblTaskTable={class=table, label=Task Table}
ptlComponents={class=page_tab_list, parent=Evolution-Calendars, instance_index=1}
///tblGnomeCal={class=tree_table, label=Calendar Source Selector}
trtblCalendarSourceSelector={class=tree_table, label=Calendar Source Selector}

[dlgAssignedTask-Nosummary]
dlgAssignedTask-Nosummary={class=dialog, label=Assigned Task - No summary, app_name=evolution-2.2}
ptlAssigned Task - No summary={class=page_tab_list}
ptabTask={class=page_tab, label=Task,instance_index=0}
txtTaskDescription={class=text, label=Task Description}
txtCategories={class=text, label=Categories}
btnCategories={class=push_button, label=Categories...}
mnuPublic={class=menu_item, label=Public}
mnuPrivate={class=menu_item, label=Private}
mnuConfidential={class=menu_item, label=Confidential}
mnuOnThisComputer={class=menu_item, label=On This Computer}
mnuPersonal={class=menu_item, label=    Personal}
mnuOnTheWeb={class=menu_item, label=On The Web}
txtSummary={class=text, label_by=Summary:}
txtTextDateEntry={class=text, label=Text Date Entry}
btnDateButton={class=push_button, label=Date Button}
btnTimezoneButton={class=push_button, label=Timezone Button}
btnDateButton={class=push_button, label=Date Button}
btnTimezoneButton={class=push_button, label=Timezone Button}
btnAdvancedsendoptions={class=push_button, label=Advanced send options}
ptabStatus={class=page_tab, label=Status,instance_index=1}
txtstartDate={class=text, label_by=Start Date:}
txtdueDate={class=text, label_by=Due Date:}
btnDateButton={class=push_button, label=Date Button}
sbtnPercentcomplete={class=spin_button, label_by=Percent complete:}
mnuNotStarted={class=menu_item, label=Not Started}
mnuInProgress={class=menu_item, label=In Progress}
mnuCompleted={class=menu_item, label=Completed}
mnuCancelled={class=menu_item, label=Cancelled}
mnuHigh={class=menu_item, label=High}
mnuNormal={class=menu_item, label=Normal}
mnuLow={class=menu_item, label=Low}
mnuUndefined={class=menu_item, label=Undefined}
txtWebPage={class=text, label=Web Page}
btnclickheretogotourl={class=push_button, label=click here to go to url}
ptabAssignment={class=page_tab, label=Assignment,instance_index=2}
btnChangeOrganizer={class=push_button, label=Change Organizer}
tblAttendees={class=table, label_by=Attendees}
btnAdd={class=push_button, label=Add}
btnRemove={class=push_button, label=Remove}
btnContacts={class=push_button, label=Contacts...}
paneAttachmentBar={class=layered_pane, label=Attachment Bar}
btnHelp={class=push_button, label=Help}
btnOK={class=push_button, label=OK}
btnCancel={class=push_button, label=Cancel}
cmbClassfication={class=combo_box, label_by=Classification:}
cmbGroup={class=combo_box, label_by=Group:}
cmbStatus={class=combo_box, label_by=Status:}
cmbPriority={class=combo_box, label_by=Priority:}
sbtnPercent={class=spin_button,label_by=Percent complete:}

[dlgTask-Nosummary]
dlgTask-Nosummary={class=dialog, label=Task - No summary, app_name=evolution-2.2}
ptlTask-No summary={class=page_tab_list, instance_index=0}
ptabTask={class=page_tab, label=Task}
ptabStatus={class=page_tab, label=Status}
ptabAssign={class=page_tab, label=Assignment}
txtCategories={class=text, label=Categories}
btnCategories={class=push_button, label=Categories...}
mnuPublic={class=menu_item, label=Public}
mnuPrivate={class=menu_item, label=Private}
mnuConfidential={class=menu_item, label=Confidential}
mnuOnThisComputer={class=menu_item, label=On This Computer}
mnuPersonal={class=menu_item, label=    Personal}
mnuOnTheWeb={class=menu_item, label=On The Web}
mnutest2@exgqa={class=menu_item, label=test2@exgqa.com}
mnuTasks={class=menu_item, label=    Tasks}
ptabStatus={class=page_tab, label=Status}
sbtnPercentcomplete={class=spin_button, label_by=Percent complete:}
mnuNotStarted={class=menu_item, label=Not Started}
mnuInProgress={class=menu_item, label=In Progress}
mnuCompleted={class=menu_item, label=Completed}
mnuCancelled={class=menu_item, label=Cancelled}
mnuHigh={class=menu_item, label=High}
mnuNormal={class=menu_item, label=Normal}
mnuLow={class=menu_item, label=Low}
mnuUndefined={class=menu_item, label=Undefined}
txtSummry={class=text, parent=ptabTask, instance_index=2}
txtTextDateEntry={class=text, label=Text Date Entry}
btnOK={class=push_button, label=OK}
btnCancel={class=push_button, label=Cancel}
cmbClassfication={class=combo_box, label_by=Classification:,instance_index=0}
cmbGroup={class=combo_box, label_by=Group:}
cmbPriority={class=combo_box, label_by=Priority:}
txtdueDate={class=text, parent=ptabTask, instance_index=6}
txtstartDate={class=text, parent=ptabTask, instance_index=3}
txtDescription={class=text, parent=ptabTask, instance_index=0}
cmbStatus={class=combo_box, label_by=Status:}
cmbPriority={class=combo_box, label_by=Priority:}

[dlgRequiredParticipants]
dlgRequiredParticipants={class=dialog, label=Required Participants, app_name=evolution-2.2}
mnuOnThisComputer={class=menu_item, label=On This Computer}
mnuPersonal={class=menu_item, label=    Personal}
mnuOnLDAPServers={class=menu_item, label=On LDAP Servers}
mnusheetal@scooby={class=menu_item, label=sheetal@scooby.net}
mnuNovellGroupWiseAddressBook={class=menu_item, label=    Novell GroupWise Address Book}
txtSearch={class=text, label=Search}
tblContacts={class=table, label_by=Contacts}
btnChairPersons={class=push_button, label=Chair Persons}
tblChairPersons={class=table, label=Chair Persons}
btnRequiredParticipants={class=push_button, label=Required Participants}
tblRequiredParticipants={class=table, label=Required Participants}
btnOptionalParticipants={class=push_button, label=Optional Participants}
tblOptionalParticipants={class=table, label=Optional Participants}
btnResources={class=push_button, label=Resources}
tblResources={class=table, label=Resources}
btnClose={class=push_button, label=Close}
cmbPersonal={class=combo_box,label_by=Address Book:,parent=dlgRequiredParticipants,instance_index=0}

[dlgMeeting-Nosummary]
dlgMeeting-Nosummary={class=dialog, label=Meeting - No summary, app_name=evolution-2.2}
ptlMeeting - No summary={class=page_tab_list}
ptabAppointment={class=page_tab, label=Appointment}
btnCategories={class=push_button, label=Categories...}
cmbPublic={class=combo_box,label_by=Classification:}
cmbPersonal={class=combo_box,label_by=Calendar}
mnuPublic={class=menu_item, label=Public}
mnuPrivate={class=menu_item, label=Private}
mnuConfidential={class=menu_item, label=Confidential}
mnuOnThisComputer={class=menu_item, label=On This Computer}
mnuPersonal={class=menu_item, label=    Personal}
mnuOnTheWeb={class=menu_item, label=On The Web}
mnuContacts={class=menu_item, label=Contacts}
mnuBirthdays&Anniversaries={class=menu_item, label=    Birthdays & Anniversaries}
mnuWeather={class=menu_item, label=Weather}
mnusheetal@ldg={class=menu_item, label=sheetal@ldg.net}
mnuCalendar={class=menu_item, label=    Calendar}
txtEventDescription={class=text, label=Event Description}
txtLocation={class=text, label_by=Location:}
txtSummary={class=text, label_by=Summary:}
mnu15minutesbeforeappointment={class=menu_item, label=15 minutes before appointment}
mnu1hourbeforeappointment={class=menu_item, label=1 hour before appointment}
mnu1daybeforeappointment={class=menu_item, label=1 day before appointment}
btnCustomize={class=push_button, label=Customize...}
chkAlarm={class=check_box, label=Alarm}
chkShowtimeasbusy={class=check_box, label=Show time as busy}
btnTimezoneButton={class=push_button, label=Timezone Button}
chkAlldayevent={class=check_box, label=All day event}
btnTimezoneButton={class=push_button, label=Timezone Button}
txtTextDateEntry2={class=text, label_by=Start time:}
btnDateButton={class=push_button, label=Date Button}
cmbtime={class=combo_box,label_by=Start time:}
cmbtime1={class=combo_box,label_by=End time:}
txtTextDateEntry1={class=text, label_by=End time:}
btnDateButton={class=push_button, label=Date Button}
btnAdvancedsendoptions={class=push_button, label=Advanced  send options}
ptabRecurrence={class=page_tab, label=Recurrence}
chkThisappointmentrecurs={class=check_box, label=This appointment recurs}
cmbday(s)={class=combo_box, label=day(s)}
mnuday={class=menu_item, label=day(s)}
mnuweek={class=menu_item, label=week(s)}
mnumonth={class=menu_item, label=month(s)}
mnuyear={class=menu_item, label=year(s)}
sbtnEvery={class=spin_button,parent=ptabRecurrence,instance_index=0}
cmbforever={class=combo_box,label=forever}
mnufor={class=menu_item, label=for}
mnuuntil={class=menu_item, label=until}
mnuforever={class=menu_item, label=forever}
btnAdd={class=push_button, label=Add}
btnEdit={class=push_button, label=Edit}
btnRemove={class=push_button, label=Remove}
paneMonthCalendar={class=layered_pane, label=Month Calendar}
btnPreviousButton={class=push_button, label=Previous Button}
btnPreviousButton={class=push_button, label=Previous Button}
ptabScheduling={class=page_tab, label=Scheduling}
txtTextDateEntry={class=text, label=Text Date Entry}
btnDateButton={class=push_button, label=Date Button}
txtTextDateEntry={class=text, label=Text Date Entry}
btnDateButton={class=push_button, label=Date Button}
btn<<={class=push_button, label=<<}
btnAutopick={class=push_button, label=Autopick}
btn>>={class=push_button, label=>>}
btnContacts={class=push_button, label=Contacts...}
btnOptions={class=push_button, label=Options}
ptabInvitations={class=page_tab, label=Invitations}
btnChangeOrganizer={class=push_button, label=Change Organizer}
tblAttendees={class=table, label_by=Attendees}
btnAdd={class=push_button, label=Add}
btnRemove={class=push_button, label=Remove}
btnContacts={class=push_button, label=Contacts...}
paneAttachmentBar={class=layered_pane, label=Attachment Bar}
btnHelp={class=push_button, label=Help}
btnOK={class=push_button, label=OK}
btnCancel={class=push_button, label=Cancel}
sbtnoccurence={class=spin_button,instance_index=1}

[dlgCategories]
dlgCategories={class=dialog, label=Categories, app_name=evolution-2.2}
btnNew={class=push_button, label=New}
btnEdit={class=push_button, label=Edit}
btnDelete={class=push_button, label=Delete}
tblCategories={class=table,instance_index=0}
txtItem={class=text, label_by=Item(s) belong to these categories:}
btnOK={class=push_button, label=OK}
btnCancel={class=push_button, label=Cancel}

[dlgCategoryProperties]
dlgCategoryProperties={class=dialog, label=Category Properties, app_name=evolution-2.2}
txtBrowse...={class=text, label_by=Browse...}
btnBrowse={class=push_button, label=Browse...}
btnCategoryColor={class=push_button, label_by=Category Color}
txtCategoryName={class=text, label_by=Category Name}
btnOK={class=push_button, label=OK}
btnCancel={class=push_button, label=Cancel}
mnu/root={class=menu_item, label=/root}
mnu/={class=menu_item, label=/}
btnHome={class=push_button, label=Home}
btnDesktop={class=push_button, label=Desktop}
btnDocuments={class=push_button, label=Documents}
tblFolders={class=table, label_by=Folders}
tblFiles={class=table, label_by=Files}
btnNewFolder={class=push_button, label=New Folder}
btnRenameFile={class=push_button, label=Rename File}
btnDeleteFile={class=push_button, label=Delete File}
txtSelection={class=text, label_by=Selection: /root}
btnOK={class=push_button, label=OK}
btnCancel={class=push_button, label=Cancel}

[dlgAlarms]
dlgAlarms={class=dialog, label=Alarms, app_name=evolution-2.2}
tblAlarm={class=table,instance_index=0,parent=dlgAlarms}
btnAdd={class=push_button, label=Add}
btnRemove={class=push_button, label=Remove}
btnOK={class=push_button, label=OK}
btnCancel={class=push_button, label=Cancel}

[dlgAddAlarm]
dlgAddAlarm={class=dialog, label=Add Alarm, app_name=evolution-2.2}
mnuPopupanalert={class=menu_item, label=Pop up an alert}
mnuPlayasound={class=menu_item, label=Play a sound}
mnuRunaprogram={class=menu_item, label=Run a program}
mnuSendanemail={class=menu_item, label=Send an email}
mnuminute={class=menu_item, label=minute(s)}
mnuhour={class=menu_item, label=hour(s)}
mnuday={class=menu_item, label=day(s)}
mnubefore={class=menu_item, label=before}
mnuafter={class=menu_item, label=after}
mnustartofappointment={class=menu_item, label=start of appointment}
mnuendofappointment={class=menu_item, label=end of appointment}
chkRepeatthealarm={class=check_box, label=Repeat the alarm}
mnuminutes={class=menu_item, label=minutes}
mnuhours={class=menu_item, label=hours}
mnudays={class=menu_item, label=days}
cmbPop={class=combo_box,label=Pop up an alert}
cmbmin={class=combo_box,label=minute(s)}
cmbbefore={class=combo_box,label=before}
cmbstart={class=combo_box,label=start of appointment}
cmbminutes={class=combo_box,label=minutes}
ptlAdd Alarm={class=page_tab_list}
ptab={class=page_tab, label=}
chkCustommessage={class=check_box, label=Custom message}
ptab={class=page_tab, label=}
chkCustomalarmsound={class=check_box, label=Custom alarm sound}
txtBrowse...={class=text, label_by=Browse...}
btnBrowse={class=push_button, label=Browse...}
ptab={class=page_tab, label=}
txtArguments={class=text, label_by=Arguments:}
txtProgram={class=text, label_by=Program:}
ptab={class=page_tab, label=}
btnSendTo:={class=push_button, label=Send To:}
txtSendTo={class=text, label=Send To}
chkCustommessage={class=check_box, label=Custom message}
btnOK={class=push_button, label=OK}
btnCancel={class=push_button, label=Cancel}
sbtnnum={class=spin_button, instance_index=0}
sbtnnum1={class=spin_button, instance_index=1}
sbtnnum2={class=spin_button, instance_index=2}


[dlgEvolutionQuery]
dlgEvolutionQuery={class=dialog, label=Evolution Query, app_name=evolution-2.2}
btnSend={class=push_button, label=Send}
btnDon'tSend={class=push_button, label=Don't Send}
btnDelete={class=push_button, label=Delete}
btnCancel={class=push_button, label=Cancel}
btnSendNotice={class=push_button, label=Send Notice}
btnDon'tSend={class=push_button, label=Don't Send}
btnCancel={class=push_button, label=Cancel}
btnDiscard={class=push_button, label=Discard}


[dlgRequiredParticipants]
dlgRequiredParticipants={class=dialog, label=Required Participants, app_name=evolution-2.2}
cmbPersonal={class=combo_box,label=Personal}
mnuOnThisComputer={class=menu_item, label=On This Computer}
mnuPersonal={class=menu_item, label=    Personal}
mnuOnLDAPServers={class=menu_item, label=On LDAP Servers}
mnusheetal@ldg={class=menu_item, label=sheetal@ldg.net}
mnuNovellGroupWiseAddressBook={class=menu_item, label=    Novell GroupWise Address Book}
txtSearch={class=text, label=Search}
tblContacts={class=table, label_by=Contacts}
btnChairPersons={class=push_button, label=Chair Persons}
tblChairPersons={class=table, label=Chair Persons}
btnRequiredParticipants={class=push_button, label=Required Participants}
tblRequiredParticipants={class=table, label=Required Participants}
btnOptionalParticipants={class=push_button, label=Optional Participants}
tblOptionalParticipants={class=table, label=Optional Participants}
btnResources={class=push_button, label=Resources}
tblResources={class=table, label=Resources}
btnClose={class=push_button, label=Close}




[dlgvFolders]
dlgvFolders={class=dialog, label=vFolders, app_name=evolution-2.2}
mnuIncoming={class=menu_item, label=Incoming}
tblvFolders={class=table, label_by=vFolders}
btnAdd={class=push_button, label=Add}
btnEdit={class=push_button, label=Edit}
btnRemove={class=push_button, label=Remove}
btnUp={class=push_button, label=Up}
btnDown={class=push_button, label=Down}
btnOK={class=push_button, label=OK}
btnCancel={class=push_button, label=Cancel}



[dlgAddRule]
dlgAddRule={class=dialog, label=Add Rule, app_name=evolution-2.2}
txtRulename={class=text, label_by=Rule name:}
btnAdd={class=push_button, label=Add}
Allrelated={class=combo_box,instance_index=0,parent=dlgAddRule}
mnuNone={class=menu_item, label=None}
mnuAllrelated={class=menu_item, label=All related}
mnuReplies={class=menu_item, label=Replies}
mnuRepliesandparents={class=menu_item, label=Replies and parents}
allcriteria={class=combo_box,instance_index=1,parent=dlgAddRule}
mnuifallcriteriaaremet={class=menu_item, label=if all criteria are met}
mnuifanycriteriaaremet={class=menu_item, label=if any criteria are met}
btnRemove={class=push_button, label=Remove}
comboSender={class=combo_box,instance_index=2,parent=dlgAddRule}
mnuSender={class=menu_item, label=Sender}
mnuRecipients={class=menu_item, label=Recipients}
mnuSubject={class=menu_item, label=Subject}
mnuMessageBody={class=menu_item, label=Message Body}
mnuExpression={class=menu_item, label=Expression}
mnuDatesent={class=menu_item, label=Date sent}
mnuDatereceived={class=menu_item, label=Date received}
mnuLabel={class=menu_item, label=Label}
mnuScore={class=menu_item, label=Score}
mnuSize={class=menu_item, label=Size (kB)}
mnuStatus={class=menu_item, label=Status}
mnuFollowUp={class=menu_item, label=Follow Up}
mnuAttachments={class=menu_item, label=Attachments}
mnuMailinglist={class=menu_item, label=Mailing list}
mnuMatchAll={class=menu_item, label=Match All}
startswith={class=combo_box,instance_index=3,parent=dlgAddRule}
mnucontains={class=menu_item, label=contains}
mnudoesnotcontain={class=menu_item, label=does not contain}
mnuis={class=menu_item, label=is}
mnuisnot={class=menu_item, label=is not}
mnustartswith={class=menu_item, label=starts with}
mnudoesnotstartwith={class=menu_item, label=does not start with}
mnuendswith={class=menu_item, label=ends with}
mnudoesnotendwith={class=menu_item, label=does not end with}
specificfoldersonly={class=combo_box,instance_index=4,parent=dlgAddRule)
mnuspecificfoldersonly={class=menu_item, label=specific folders only}
mnuwithalllocalfolders={class=menu_item, label=with all local folders}
mnuwithallactiveremotefolders={class=menu_item, label=with all active remote folders}
mnuwithalllocalandactiveremotefolders={class=menu_item, label=with all local and active remote folders}
text1={class=text,instance_index=1,parent=dlgAddRule}
btnAddSources={class=push_button, instance_index=2,parent=dlgAddRule}
btnRemove={class=push_button, label=Remove}
btnOK={class=push_button, label=OK}
btnCancel={class=push_button, label=Cancel}


[dlgSelectFolder]
dlgSelectFolder={class=dialog, label=Select Folder, app_name=evolution-2.2}
foldertable={class=tree_table,instance_index=0,parent=dlgSelectFolder}
btnAdd={class=push_button, label=Add}
btnCancel={class=push_button, label=Cancel}
btnNew={class=push_button, label=New}
btnMove={class=push_button, label=Move}
btnCopy={class=push_button, label=Copy}

[dlgCreateNewFolder]
dlgCreateNewFolder={class=dialog, label=Create New Folder, app_name=evolution-2.2}
txtFoldername={class=text, label_by=Folder name:}
btnCreate={class=push_button, label=Create}
btnCancel={class=push_button, label=Cancel}

[dlgContactEditor]
dlgContactEditor={class=dialog, label=Contact Editor, app_name=evolution-2.2}
ptlContact Editor={class=page_tab_list}
ptabContact={class=page_tab, label=Contact}
btnFullName...={class=push_button, label=Full Name...}
mnu={class=menu, label=}
mnuOnThisComputer={class=menu_item, label=On This Computer}
mnuTeamIDs={class=menu_item, label=    TeamIDs}
mnuPersonal={class=menu_item, label=    Personal}
mnuLDG={class=menu_item, label=    LDG}
mnuOnLDAPServers={class=menu_item, label=On LDAP Servers}
mnucorpLdap={class=menu_item, label=    corpLdap}
mnutest2@exgqa={class=menu_item, label=test2@exgqa.com}
mnuGlobalAddressList={class=menu_item, label=    Global Address List}
mnuContacts={class=menu_item, label=    Contacts}
mnuContactNew={class=menu_item, label=    ContactNew}
btnCategories={class=push_button, label=Categories}
chkboxWantstoreceiveHTMLmail={class=check_box, label=Wants to receive HTML mail}
mnu={class=menu, label=}
mnuWork={class=menu_item, label=Work}
mnuHome={class=menu_item, label=Home}
mnuOther={class=menu_item, label=Other}
mnu={class=menu, label=}
mnuWork={class=menu_item, label=Work}
mnuHome={class=menu_item, label=Home}
mnuOther={class=menu_item, label=Other}
mnu={class=menu, label=}
mnuWork={class=menu_item, label=Work}
mnuHome={class=menu_item, label=Home}
mnuOther={class=menu_item, label=Other}
mnu={class=menu, label=}
mnuWork={class=menu_item, label=Work}
mnuHome={class=menu_item, label=Home}
mnuOther={class=menu_item, label=Other}
mnu={class=menu, label=}
mnuAssistantPhone={class=menu_item, label=Assistant Phone}
mnuBusinessPhone={class=menu_item, label=Business Phone}
mnuBusinessFax={class=menu_item, label=Business Fax}
mnuCallbackPhone={class=menu_item, label=Callback Phone}
mnuCarPhone={class=menu_item, label=Car Phone}
mnuCompanyPhone={class=menu_item, label=Company Phone}
mnuHomePhone={class=menu_item, label=Home Phone}
mnuHomeFax={class=menu_item, label=Home Fax}
mnuISDN={class=menu_item, label=ISDN}
mnuMobilePhone={class=menu_item, label=Mobile Phone}
mnuOtherPhone={class=menu_item, label=Other Phone}
mnuOtherFax={class=menu_item, label=Other Fax}
mnuPager={class=menu_item, label=Pager}
mnuPrimaryPhone={class=menu_item, label=Primary Phone}
mnuRadio={class=menu_item, label=Radio}
mnuTelex={class=menu_item, label=Telex}
mnuTTY={class=menu_item, label=TTY}
mnu={class=menu, label=}
mnuAssistantPhone={class=menu_item, label=Assistant Phone}
mnuBusinessPhone={class=menu_item, label=Business Phone}
mnuBusinessFax={class=menu_item, label=Business Fax}
mnuCallbackPhone={class=menu_item, label=Callback Phone}
mnuCarPhone={class=menu_item, label=Car Phone}
mnuCompanyPhone={class=menu_item, label=Company Phone}
mnuHomePhone={class=menu_item, label=Home Phone}
mnuHomeFax={class=menu_item, label=Home Fax}
mnuISDN={class=menu_item, label=ISDN}
mnuMobilePhone={class=menu_item, label=Mobile Phone}
mnuOtherPhone={class=menu_item, label=Other Phone}
mnuOtherFax={class=menu_item, label=Other Fax}
mnuPager={class=menu_item, label=Pager}
mnuPrimaryPhone={class=menu_item, label=Primary Phone}
mnuRadio={class=menu_item, label=Radio}
mnuTelex={class=menu_item, label=Telex}
mnuTTY={class=menu_item, label=TTY}
mnu={class=menu, label=}
mnuAssistantPhone={class=menu_item, label=Assistant Phone}
mnuBusinessPhone={class=menu_item, label=Business Phone}
mnuBusinessFax={class=menu_item, label=Business Fax}
mnuCallbackPhone={class=menu_item, label=Callback Phone}
mnuCarPhone={class=menu_item, label=Car Phone}
mnuCompanyPhone={class=menu_item, label=Company Phone}
mnuHomePhone={class=menu_item, label=Home Phone}
mnuHomeFax={class=menu_item, label=Home Fax}
mnuISDN={class=menu_item, label=ISDN}
mnuMobilePhone={class=menu_item, label=Mobile Phone}
mnuOtherPhone={class=menu_item, label=Other Phone}
mnuOtherFax={class=menu_item, label=Other Fax}
mnuPager={class=menu_item, label=Pager}
mnuPrimaryPhone={class=menu_item, label=Primary Phone}
mnuRadio={class=menu_item, label=Radio}
mnuTelex={class=menu_item, label=Telex}
mnuTTY={class=menu_item, label=TTY}
mnu={class=menu, label=}
mnuAssistantPhone={class=menu_item, label=Assistant Phone}
mnuBusinessPhone={class=menu_item, label=Business Phone}
mnuBusinessFax={class=menu_item, label=Business Fax}
mnuCallbackPhone={class=menu_item, label=Callback Phone}
mnuCarPhone={class=menu_item, label=Car Phone}
mnuCompanyPhone={class=menu_item, label=Company Phone}
mnuHomePhone={class=menu_item, label=Home Phone}
mnuHomeFax={class=menu_item, label=Home Fax}
mnuISDN={class=menu_item, label=ISDN}
mnuMobilePhone={class=menu_item, label=Mobile Phone}
mnuOtherPhone={class=menu_item, label=Other Phone}
mnuOtherFax={class=menu_item, label=Other Fax}
mnuPager={class=menu_item, label=Pager}
mnuPrimaryPhone={class=menu_item, label=Primary Phone}
mnuRadio={class=menu_item, label=Radio}
mnuTelex={class=menu_item, label=Telex}
mnuTTY={class=menu_item, label=TTY}
mnu={class=menu, label=}
mnuAssistantPhone={class=menu_item, label=Assistant Phone}
mnuBusinessPhone={class=menu_item, label=Business Phone}
mnuBusinessFax={class=menu_item, label=Business Fax}
mnuCallbackPhone={class=menu_item, label=Callback Phone}
mnuCarPhone={class=menu_item, label=Car Phone}
mnuCompanyPhone={class=menu_item, label=Company Phone}
mnuHomePhone={class=menu_item, label=Home Phone}
mnuHomeFax={class=menu_item, label=Home Fax}
mnuISDN={class=menu_item, label=ISDN}
mnuMobilePhone={class=menu_item, label=Mobile Phone}
mnuOtherPhone={class=menu_item, label=Other Phone}
mnuOtherFax={class=menu_item, label=Other Fax}
mnuPager={class=menu_item, label=Pager}
mnuPrimaryPhone={class=menu_item, label=Primary Phone}
mnuRadio={class=menu_item, label=Radio}
mnuTelex={class=menu_item, label=Telex}
mnuTTY={class=menu_item, label=TTY}
mnu={class=menu, label=}
mnuAssistantPhone={class=menu_item, label=Assistant Phone}
mnuBusinessPhone={class=menu_item, label=Business Phone}
mnuBusinessFax={class=menu_item, label=Business Fax}
mnuCallbackPhone={class=menu_item, label=Callback Phone}
mnuCarPhone={class=menu_item, label=Car Phone}
mnuCompanyPhone={class=menu_item, label=Company Phone}
mnuHomePhone={class=menu_item, label=Home Phone}
mnuHomeFax={class=menu_item, label=Home Fax}
mnuISDN={class=menu_item, label=ISDN}
mnuMobilePhone={class=menu_item, label=Mobile Phone}
mnuOtherPhone={class=menu_item, label=Other Phone}
mnuOtherFax={class=menu_item, label=Other Fax}
mnuPager={class=menu_item, label=Pager}
mnuPrimaryPhone={class=menu_item, label=Primary Phone}
mnuRadio={class=menu_item, label=Radio}
mnuTelex={class=menu_item, label=Telex}
mnuTTY={class=menu_item, label=TTY}
mnu={class=menu, label=}
mnuAssistantPhone={class=menu_item, label=Assistant Phone}
mnuBusinessPhone={class=menu_item, label=Business Phone}
mnuBusinessFax={class=menu_item, label=Business Fax}
mnuCallbackPhone={class=menu_item, label=Callback Phone}
mnuCarPhone={class=menu_item, label=Car Phone}
mnuCompanyPhone={class=menu_item, label=Company Phone}
mnuHomePhone={class=menu_item, label=Home Phone}
mnuHomeFax={class=menu_item, label=Home Fax}
mnuISDN={class=menu_item, label=ISDN}
mnuMobilePhone={class=menu_item, label=Mobile Phone}
mnuOtherPhone={class=menu_item, label=Other Phone}
mnuOtherFax={class=menu_item, label=Other Fax}
mnuPager={class=menu_item, label=Pager}
mnuPrimaryPhone={class=menu_item, label=Primary Phone}
mnuRadio={class=menu_item, label=Radio}
mnuTelex={class=menu_item, label=Telex}
mnuTTY={class=menu_item, label=TTY}
mnu={class=menu, label=}
mnuAssistantPhone={class=menu_item, label=Assistant Phone}
mnuBusinessPhone={class=menu_item, label=Business Phone}
mnuBusinessFax={class=menu_item, label=Business Fax}
mnuCallbackPhone={class=menu_item, label=Callback Phone}
mnuCarPhone={class=menu_item, label=Car Phone}
mnuCompanyPhone={class=menu_item, label=Company Phone}
mnuHomePhone={class=menu_item, label=Home Phone}
mnuHomeFax={class=menu_item, label=Home Fax}
mnuISDN={class=menu_item, label=ISDN}
mnuMobilePhone={class=menu_item, label=Mobile Phone}
mnuOtherPhone={class=menu_item, label=Other Phone}
mnuOtherFax={class=menu_item, label=Other Fax}
mnuPager={class=menu_item, label=Pager}
mnuPrimaryPhone={class=menu_item, label=Primary Phone}
mnuRadio={class=menu_item, label=Radio}
mnuTelex={class=menu_item, label=Telex}
mnuTTY={class=menu_item, label=TTY}
mnu={class=menu, label=}
mnuAIM={class=menu_item, label=AIM}
mnuJabber={class=menu_item, label=Jabber}
mnuYahoo={class=menu_item, label=Yahoo}
mnuMSN={class=menu_item, label=MSN}
mnuICQ={class=menu_item, label=ICQ}
mnuGroupWise={class=menu_item, label=GroupWise}
mnu={class=menu, label=}
mnuAIM={class=menu_item, label=AIM}
mnuJabber={class=menu_item, label=Jabber}
mnuYahoo={class=menu_item, label=Yahoo}
mnuMSN={class=menu_item, label=MSN}
mnuICQ={class=menu_item, label=ICQ}
mnuGroupWise={class=menu_item, label=GroupWise}
mnu={class=menu, label=}
mnuAIM={class=menu_item, label=AIM}
mnuJabber={class=menu_item, label=Jabber}
mnuYahoo={class=menu_item, label=Yahoo}
mnuMSN={class=menu_item, label=MSN}
mnuICQ={class=menu_item, label=ICQ}
mnuGroupWise={class=menu_item, label=GroupWise}
mnu={class=menu, label=}
mnuAIM={class=menu_item, label=AIM}
mnuJabber={class=menu_item, label=Jabber}
mnuYahoo={class=menu_item, label=Yahoo}
mnuMSN={class=menu_item, label=MSN}
mnuICQ={class=menu_item, label=ICQ}
mnuGroupWise={class=menu_item, label=GroupWise}
ptabPersonalInformation={class=page_tab, label=Personal Information}
ptabMailingAddress={class=page_tab, label=Mailing Address}
btnOK={class=push_button, label=OK}
btnCancel={class=push_button, label=Cancel}
btnHelp={class=push_button, label=Help}
pgtabContact={class=page_tab, label=Contact}
panlPersonDtls={class=panel, parent=pgtabContact, instance_index=0}
panlEmail={class=panel, label=Email}
panlTelephone={class=panel, instance_index=3}
txtMobile={class=text, parent=panlTelephone, label_by=Mobile Phone}
txtFullName={class=text, parent=panlPersonDtls, instance_index=3}
txtNickName={class=text, parent=panlPersonDtls, instance_index=1}
txtCatogrs={class=text, parent=panlPersonDtls, instance_index=1}
txtWorkEmail={class=text, parent=panlEmail, instance_index=2}


[dlgAppointment-Nosummary]
dlgAppointment-Nosummary={class=dialog, label=Appointment - No summary, app_name=evolution-2.2}
ptlAppointment - No summary={class=page_tab_list}
ptabAppointment={class=page_tab, label=Appointment}
btnCategories={class=push_button, label=Categories...}
Classification={class=combo_box,instance_index=0,parent=dlgAppointment-Nosummary}
mnuPublic={class=menu_item, label=Public}
mnuPrivate={class=menu_item, label=Private}
mnuConfidential={class=menu_item, label=Confidential}
Calendar={class=combo_box,label=Personal}
mnuOnThisComputer={class=menu_item, label=On This Computer}
mnuPersonal={class=menu_item, label=    Personal}
mnuOnTheWeb={class=menu_item, label=On The Web}
mnuContacts={class=menu_item, label=Contacts}
mnuBirthdays&Anniversaries={class=menu_item, label=    Birthdays & Anniversaries}
mnuWeather={class=menu_item, label=Weather}
mnuanjana@scooby={class=menu_item, label=anjana@scooby.net}
mnuCalendar={class=menu_item, label=    Calendar}
txtEventDescription={class=text, label=Event Description}
txtLocation={class=text, label_by=Location:}
txtSummary={class=text, label_by=Summary:}
Alarm={class=combo_box,label=15 minutes before appointment}
mnu15minutesbeforeappointment={class=menu_item, label=15 minutes before appointment}
mnu1hourbeforeappointment={class=menu_item, label=1 hour before appointment}
mnu1daybeforeappointment={class=menu_item, label=1 day before appointment}
btnCustomize={class=push_button, label=Customize...}
chkAlarm={class=check_box, label=Alarm}
chkShowtimeasbusy={class=check_box, label=Show time as busy}
btnTimezoneButton={class=push_button, label=Timezone Button}
chkAlldayevent={class=check_box, label=All day event}
btnTimezoneButton={class=push_button, label=Timezone Button}
txtTextEntry={class=text,instance_index= }
btnDateButton={class=push_button, label=Date Button}
txtTextDateEntry={class=text, label=Text Date Entry}
btnDateButton={class=push_button, label=Date Button}
btnAdvancedsendoptions={class=push_button, label=Advanced  send options}
ptabRecurrence={class=page_tab, label=Recurrence}
chkThisappointmentrecurs={class=check_box, label=This appointment recurs}
one={class=spin_button,instance_index=0,parent=ptabRecurrence}
cmbdays={class=combo_box,instance_index=0,parent=ptabRecurrence}
mnuday={class=menu_item, label=day(s)}
mnuweek={class=menu_item, label=week(s)}
mnumonth={class=menu_item, label=month(s)}
mnuyear={class=menu_item, label=year(s)}
cmbfor={class=combo_box,instance_index=1,parent=ptabRecurrence}
mnufor={class=menu_item, label=for}
mnuuntil={class=menu_item, label=until}
mnuforever={class=menu_item, label=forever}
btnAdd={class=push_button, label=Add}
btnEdit={class=push_button, label=Edit}
btnRemove={class=push_button, label=Remove}
paneMonthCalendar={class=layered_pane, label=Month Calendar}
btnPreviousButton={class=push_button, label=Previous Button}
btnPreviousButton={class=push_button, label=Previous Button}
paneAttachmentBar={class=layered_pane, label=Attachment Bar}
btnHelp={class=push_button, label=Help}
btnOK={class=push_button, label=OK}
btnCancel={class=push_button, label=Cancel}



[frmReadOnlyMail]
frmReadOnlyMail={class=frame, app_name=evolution-2.2, label=Compose a message}
mnuFile={class=menu, label=File}
mnuOpenMessage={class=menu_item, label=Open Message}
mnuSaveAs={class=menu_item, label=Save As...}
mnuPrintPreview={class=menu_item, label=Print Preview}
mnuPrint={class=menu_item, label=Print...}
mnuClose={class=menu_item, label=Close}
mnuEdit={class=menu, label=Edit}
mnuCut={class=menu_item, label=Cut}
mnuCopy={class=menu_item, label=Copy}
mnuPaste={class=menu_item, label=Paste}
mnuSearchinMessage={class=menu_item, label=Search in Message...}
mnuDelete={class=menu_item, label=Delete}
mnuUndelete={class=menu_item, label=Undelete}
mnuMarkasRead={class=menu_item, label=Mark as Read}
mnuMarkasUnread={class=menu_item, label=Mark as Unread}
mnuMarkasImportant={class=menu_item, label=Mark as Important}
mnuMarkasUnimportant={class=menu_item, label=Mark as Unimportant}
mnuMarkasJunk={class=menu_item, label=Mark as Junk}
mnuMarkasNotJunk={class=menu_item, label=Mark as Not Junk}
mnuView={class=menu, label=View}
mnuGoTo={class=menu, label=Go To}
mnuNextMessage={class=menu_item, label=Next Message}
mnuNextUnreadMessage={class=menu_item, label=Next Unread Message}
mnuNextImportantMessage={class=menu_item, label=Next Important Message}
mnuNextThread={class=menu_item, label=Next Thread}
mnuPreviousMessage={class=menu_item, label=Previous Message}
mnuPreviousUnreadMessage={class=menu_item, label=Previous Unread Message}
mnuPreviousImportantMessage={class=menu_item, label=Previous Important Message}
mnuTextSize={class=menu, label=Text Size}
mnuSmaller={class=menu_item, label=Smaller}
mnuLarger={class=menu_item, label=Larger}
mnuOriginalSize={class=menu_item, label=Original Size}
mnuMessageDisplay={class=menu, label=Message Display}
mnuLoadImages={class=menu_item, label=Load Images}
mnuCaretMode={class=check_menu_item, label=Caret Mode}
mnuNormalDisplay={class=radio_menu_item, label=Normal Display}
mnuShowFullHeaders={class=radio_menu_item, label=Show Full Headers}
mnuShowEmailSource={class=radio_menu_item, label=Show Email Source}
mnuCharacterEncoding={class=menu, label=Character Encoding}
mnuBaltic={class=radio_menu_item, label=Baltic (ISO-8859-13)}
mnuBaltic={class=radio_menu_item, label=Baltic (ISO-8859-4)}
mnuCentralEuropean={class=radio_menu_item, label=Central European (ISO-8859-2)}
mnuChinese,Traditional={class=radio_menu_item, label=Chinese, Traditional (Big5)}
mnuChinese,Traditional={class=radio_menu_item, label=Chinese, Traditional (BIG5HKSCS)}
mnuChinese,Traditional={class=radio_menu_item, label=Chinese, Traditional (EUC-TW)}
mnuChinese,Simplified={class=radio_menu_item, label=Chinese, Simplified (GB18030)}
mnuChinese,Simplified={class=radio_menu_item, label=Chinese, Simplified (GB2312)}
mnuChinese,Simplified={class=radio_menu_item, label=Chinese, Simplified (HZ)}
mnuChinese,Simplified={class=radio_menu_item, label=Chinese, Simplified (ISO-2022-CN)}
mnuCyrillic={class=radio_menu_item, label=Cyrillic (KOI8-R)}
mnuCyrillic={class=radio_menu_item, label=Cyrillic (Windows-1251)}
mnuCyrillic,Ukrainian={class=radio_menu_item, label=Cyrillic, Ukrainian (KOI8-U)}
mnuCyrillic={class=radio_menu_item, label=Cyrillic (ISO-8859-5)}
mnuGreek={class=radio_menu_item, label=Greek (ISO-8859-7)}
mnuHebrew,Visual={class=radio_menu_item, label=Hebrew, Visual (ISO-8859-8)}
mnuJapanese={class=radio_menu_item, label=Japanese (ISO-2022-JP)}
mnuJapanese={class=radio_menu_item, label=Japanese (EUC-JP)}
mnuJapanese={class=radio_menu_item, label=Japanese (Shift_JIS)}
mnuKorean={class=radio_menu_item, label=Korean (EUC-KR)}
mnuTurkish={class=radio_menu_item, label=Turkish (ISO-8859-9)}
mnuUnicode={class=radio_menu_item, label=Unicode (UTF-8)}
mnuUnicode={class=radio_menu_item, label=Unicode (UTF-7)}
mnuWesternEuropean={class=radio_menu_item, label=Western European (ISO-8859-1)}
mnuWesternEuropean,New={class=radio_menu_item, label=Western European, New (ISO-8859-15)}
mnuDefault={class=radio_menu_item, label=Default}
mnuActions={class=menu, label=Actions}
mnuFollowUp={class=menu_item, label=Follow Up...}
mnuReplytoSender={class=menu_item, label=Reply to Sender}
mnuReplytoList={class=menu_item, label=Reply to List}
mnuReplytoAll={class=menu_item, label=Reply to All}
mnuForward={class=menu_item, label=Forward}
mnuForwardAs...={class=menu, label=Forward As...}
mnuAttached={class=menu_item, label=Attached}
mnuInline={class=menu_item, label=Inline}
mnuQuoted={class=menu_item, label=Quoted}
mnuRedirect={class=menu_item, label=Redirect}
mnuPostaReply={class=menu_item, label=Post a Reply}
mnuEditasNewMessage={class=menu_item, label=Edit as New Message...}
mnuMovetoFolder={class=menu_item, label=Move to Folder}
mnuCopytoFolder={class=menu_item, label=Copy to Folder}
mnuAddSendertoAddressBook={class=menu_item, label=Add Sender to Address Book}
mnuApplyFilters={class=menu_item, label=Apply Filters}
mnuFilterJunk={class=menu_item, label=Filter Junk}
mnuMailingList={class=menu, label=Mailing List}
mnuGetlistusageinformation={class=menu_item, label=Get list usage information}
mnuSubscribetolist={class=menu_item, label=Subscribe to list}
mnuUn-subscribetolist={class=menu_item, label=Un-subscribe to list}
mnuPostmessagetolist={class=menu_item, label=Post message to list}
mnuContactlistowner={class=menu_item, label=Contact list owner}
mnuGetlistarchive={class=menu_item, label=Get list archive}
mnuTools={class=menu, label=Tools}
mnuCreateFilterFromMessage={class=menu, label=Create Filter From Message}
mnuFilteronSubject={class=menu_item, label=Filter on Subject...}
mnuFilteronSender={class=menu_item, label=Filter on Sender...}
mnuFilteronRecipients={class=menu_item, label=Filter on Recipients...}
mnuFilteronMailingList={class=menu_item, label=Filter on Mailing List...}
mnuCreatevFolderFromMessage={class=menu, label=Create vFolder From Message}
mnuvFolderonSubject={class=menu_item, label=vFolder on Subject...}
mnuvFolderonSender={class=menu_item, label=vFolder on Sender...}
mnuvFolderonRecipients={class=menu_item, label=vFolder on Recipients...}
mnuvFolderonMailingList={class=menu_item, label=vFolder on Mailing List...}
btnReply={class=push_button, label=Reply}
btnReplytoAll={class=push_button, label=Reply to All}
btnForward={class=push_button, label=Forward}
btnMove={class=push_button, label=Move}
btnCopy={class=push_button, label=Copy}
btnPrint={class=push_button, label=Print}
btnDelete={class=push_button, label=Delete}
btnJunk={class=push_button, label=Junk}
btnNotJunk={class=push_button, label=Not Junk}
btnPrevious={class=push_button, label=Previous}
btnNext={class=push_button, label=Next}
tblcheck={class=table,parent=frmReadOnlyMail,instance_index=1}
btngoforward={class=push_button, label=go forward}
btnAttachmentButton={class=push_button, label=Attachment Button}
tblattach={class=table,parent=frmReadOnlyMail,instance_index=4}



[dlgCreatefolder]
dlgCreatefolder={class=dialog, label=Create folder, app_name=evolution-2.2}
txtFoldername={class=text, label_by=Folder name:}
treeTabCreateFolder={class=tree_table, instance_index=0}
btnCreate={class=push_button, label=Create}
btnCancel={class=push_button, label=Cancel}

[dlgRenameFolder]
dlgRenameFolder={class=dialog, label=Rename Folder, app_name=evolution-2.2}
txtrename={class=text,instance_index=0}
btnOK={class=push_button, label=OK}
btnCancel={class=push_button, label=Cancel}

[dlgAttachfile(s)]
dlgAttachfile(s)={class=dialog, label=Attach file(s), app_name=evolution-2.2}
txtName={class=text, label_by=Name:}
tbtnBrowseforotherfolders={class=toggle_button, label=Browse for other folders}
tblShortcuts={class=table, label=Shortcuts}
btnAdd={class=push_button, label=Add}
btnRemove={class=push_button, label=Remove}
tbtnevolution={class=toggle_button, label=evolution}
tbtnpyautosuite={class=toggle_button, label=pyautosuite}
tbtnHome={class=toggle_button, label=Home}
btnCreateFolder={class=push_button, label=Create Folder}
tblFiles={class=table, label=Files}
chkSuggestautomaticdisplayofattachment={class=check_box, label=Suggest automatic display of attachment}
btnOpen={class=push_button, label=Open}
btnCancel={class=push_button, label=Cancel}



[dlgContactListEditor]
dlgContactListEditor={class=dialog, label=Contact List Editor, app_name=evolution-2.2}
cmbWhere={class=combo_box,parent=dlgContactListEditor,instance_index=0}
mnuOnThisComputer={class=menu_item, label=On This Computer}
mnuPersonal={class=menu_item, label=    Personal}
mnuOnLDAPServers={class=menu_item, label=On LDAP Servers}
mnumanu@ldg={class=menu_item, label=manu@ldg.net}
mnuNovellGroupWiseAddressBook={class=menu_item, label=    Novell GroupWise Address Book}
tblmail={class=table,parent=dlgContactListEditor,instance_index=0}
txtListname={class=text, label_by=List name:}
txtTypeanemailaddressordragacontactintothelistbelow={class=text, label_by=Type an email address or drag a contact into the list below:}
chkHideaddresseswhensendingmailtothislist={class=check_box, label=Hide addresses when sending mail to this list}
btnAdd={class=push_button, label=Add}
btnRemove={class=push_button, label=Remove}
btnSelect={class=push_button, label=Select}
btnOK={class=push_button, label=OK}
btnCancel={class=push_button, label=Cancel}

[dlgContactListMembers]
dlgContactListMembers={class=dialog, label=Contact List Members, app_name=evolution-2.2}
cmbPersonal={class=combo_box,label_by=Address Book:}
mnuOnThisComputer={class=menu_item, label=On This Computer}
mnuPersonal={class=menu_item, label=    Personal}
mnuOnLDAPServers={class=menu_item, label=On LDAP Servers}
mnumanu@ldg={class=menu_item, label=manu@ldg.net}
mnuNovellGroupWiseAddressBook={class=menu_item, label=    Novell GroupWise Address Book}
txtSearch={class=text, label=Search}
tblContacts={class=table, label_by=Contacts}
btnMembers={class=push_button, label=Members}
tblMembers={class=table, label=Members}
btnClose={class=push_button, label=Close}



[dlgDuplicateContactDetected]
dlgDuplicateContactDetected={class=dialog, label=Duplicate Contact Detected, app_name=evolution-2.2}
btnAdd={class=push_button, label=Add}
btnCancel={class=push_button, label=Cancel



[dlgNewCalendar]
dlgNewCalendar={class=dialog, label=New Calendar, app_name=evolution-2.2}
chkMarkasdefaultfolder={class=check_box, label=Mark as default folder}
chkCopycalendarcontentslocallyforofflineoperation={class=check_box, label=Copy calendar contents locally for offline operation}
btnColor:={class=push_button, label_by=Color:}
txtName={class=text, label_by=Name:}
cmbType={class=combo_box, label_by=Type:}
mnuOnThisComputer={class=menu_item, label=On This Computer}
mnuOnTheWeb={class=menu_item, label=On The Web}
mnuContacts={class=menu_item, label=Contacts}
mnuWeather={class=menu_item, label=Weather}
mnumanu@scooby={class=menu_item, label=manu@scooby.net}
btnOK={class=push_button, label=OK}
btnCancel={class=push_button, label=Cancel}
sbtnRefresh={class=spin_button, label_by=Refresh:}
mnuminutes={class=menu_item, label=minutes}
mnuhours={class=menu_item, label=hours}
mnudays={class=menu_item, label=days}
mnuweeks={class=menu_item, label=weeks}
txtURL={class=text, label_by=URL:}

[frmComposeamessage]
frmComposeamessage={class=frame, app_name=evolution-2.2, label=Compose a message}
mnuFile={class=menu, label=File}
mnuOpen={class=menu_item, label=Open...}
mnuSend={class=menu_item, label=Send}
mnuSave={class=menu_item, label=Save}
mnuSaveAs={class=menu_item, label=Save As...}
mnuSaveDraft={class=menu_item, label=Save Draft}
mnuClose={class=menu_item, label=Close}
mnuEdit={class=menu, label=Edit}
mnuUndo={class=menu_item, label=Undo}
mnuRedo={class=menu_item, label=Redo}
mnuCut={class=menu_item, label=Cut}
mnuCopy={class=menu_item, label=Copy}
mnuPaste={class=menu_item, label=Paste}
mnuPasteQuotation={class=menu_item, label=Paste Quotation}
mnuSelectAll={class=menu_item, label=Select All}
mnuFind={class=menu_item, label=Find...}
mnuFindAgain={class=menu_item, label=Find Again}
mnuReplace={class=menu_item, label=Replace...}
mnuCharacterEncoding={class=menu, label=Character Encoding}
mnuBaltic(ISO-8859-13)={class=radio_menu_item, label=Baltic (ISO-8859-13)}
mnuBaltic(ISO-8859-4)={class=radio_menu_item, label=Baltic (ISO-8859-4)}
mnuCentralEuropean(ISO-8859-2)={class=radio_menu_item, label=Central European (ISO-8859-2)}
mnuChinese,Traditional(Big5)={class=radio_menu_item, label=Chinese, Traditional (Big5)}
mnuChinese,Traditional(BIG5HKSCS)={class=radio_menu_item, label=Chinese, Traditional (BIG5HKSCS)}
mnuChinese,Traditional(EUC-TW)={class=radio_menu_item, label=Chinese, Traditional (EUC-TW)}
mnuChinese,Simplified(GB18030)={class=radio_menu_item, label=Chinese, Simplified (GB18030)}
mnuChinese,Simplified(GB2312)={class=radio_menu_item, label=Chinese, Simplified (GB2312)}
mnuChinese,Simplified(HZ)={class=radio_menu_item, label=Chinese, Simplified (HZ)}
mnuChinese,Simplified(ISO-2022-CN)={class=radio_menu_item, label=Chinese, Simplified (ISO-2022-CN)}
mnuCyrillic(KOI8-R)={class=radio_menu_item, label=Cyrillic (KOI8-R)}
mnuCyrillic(Windows-1251)={class=radio_menu_item, label=Cyrillic (Windows-1251)}
mnuCyrillic,Ukrainian(KOI8-U)={class=radio_menu_item, label=Cyrillic, Ukrainian (KOI8-U)}
mnuCyrillic(ISO-8859-5)={class=radio_menu_item, label=Cyrillic (ISO-8859-5)}
mnuGreek(ISO-8859-7)={class=radio_menu_item, label=Greek (ISO-8859-7)}
mnuHebrew,Visual(ISO-8859-8)={class=radio_menu_item, label=Hebrew, Visual (ISO-8859-8)}
mnuJapanese(ISO-2022-JP)={class=radio_menu_item, label=Japanese (ISO-2022-JP)}
mnuJapanese(EUC-JP)={class=radio_menu_item, label=Japanese (EUC-JP)}
mnuJapanese(Shift_JIS)={class=radio_menu_item, label=Japanese (Shift_JIS)}
mnuKorean(EUC-KR)={class=radio_menu_item, label=Korean (EUC-KR)}
mnuTurkish(ISO-8859-9)={class=radio_menu_item, label=Turkish (ISO-8859-9)}
mnuUnicode(UTF-8)={class=radio_menu_item, label=Unicode (UTF-8)}
mnuUnicode(UTF-7)={class=radio_menu_item, label=Unicode (UTF-7)}
mnuWesternEuropean(ISO-8859-1)={class=radio_menu_item, label=Western European (ISO-8859-1)}
mnuWesternEuropean,New(ISO-8859-15)={class=radio_menu_item, label=Western European, New (ISO-8859-15)}
mnuSpellCheckDocument={class=menu_item, label=Spell Check Document...}
mnuCurrentLanguages={class=menu, label=Current Languages}
mnuEnglish(American)={class=check_menu_item, label=English (American)}
mnuEnglish(British)={class=check_menu_item, label=English (British)}
mnuEnglish(Canadian)={class=check_menu_item, label=English (Canadian)}
mnuFormat={class=menu, label=Format}
mnuHTML={class=check_menu_item, label=HTML}
mnuStyle={class=menu, label=Style}
mnuPlaintext={class=menu_item, label=Plain text}
mnuBold={class=menu_item, label=Bold}
mnuItalic={class=menu_item, label=Italic}
mnuUnderline={class=menu_item, label=Underline}
mnuStrikeout={class=menu_item, label=Strikeout}
mnuFontSize={class=menu, label=Font Size}
mnu-2={class=menu_item, label=-2}
mnu-1={class=menu_item, label=-1}
mnu+0={class=menu_item, label=+0}
mnu+1={class=menu_item, label=+1}
mnu+2={class=menu_item, label=+2}
mnu+3={class=menu_item, label=+3}
mnuText={class=menu_item, label=Text...}
mnuHeading={class=menu, label=Heading}
mnuNormal={class=menu_item, label=Normal}
mnuHeader1={class=menu_item, label=Header 1}
mnuHeader2={class=menu_item, label=Header 2}
mnuHeader3={class=menu_item, label=Header 3}
mnuHeader4={class=menu_item, label=Header 4}
mnuHeader5={class=menu_item, label=Header 5}
mnuHeader6={class=menu_item, label=Header 6}
mnuBulletedList={class=menu_item, label=Bulleted List}
mnuRomanNumeralList={class=menu_item, label=Roman Numeral List}
mnuNumberedList={class=menu_item, label=Numbered List}
mnuAlphabeticalList={class=menu_item, label=Alphabetical List}
mnuAddress={class=menu_item, label=Address}
mnuPreformat={class=menu_item, label=Preformat}
mnuAlignment={class=menu, label=Alignment}
mnuLeft={class=menu_item, label=Left}
mnuCenter={class=menu_item, label=Center}
mnuRight={class=menu_item, label=Right}
mnuParagraph={class=menu_item, label=Paragraph...}
mnuIncreaseIndent={class=menu_item, label=Increase Indent}
mnuDecreaseIndent={class=menu_item, label=Decrease Indent}
mnuWrapLines={class=menu_item, label=Wrap Lines}
mnuPage={class=menu_item, label=Page...}
mnuView={class=menu, label=View}
mnuShowattachments={class=check_menu_item, label=Show attachments}
mnuFromField={class=check_menu_item, label=From Field}
mnuToField={class=check_menu_item, label=To Field}
mnuPost-ToField={class=check_menu_item, label=Post-To Field}
mnuReply-ToField={class=check_menu_item, label=Reply-To Field}
mnuCcField={class=check_menu_item, label=Cc Field}
mnuBccField={class=check_menu_item, label=Bcc Field}
mnuInsert={class=menu, label=Insert}
mnuAttachment={class=menu_item, label=Attachment...}
mnuImage={class=menu_item, label=Image...}
mnuLink={class=menu_item, label=Link...}
mnuRule={class=menu_item, label=Rule...}
mnuTable={class=menu_item, label=Table...}
mnuTextfile={class=menu_item, label=Text file...}
mnuHTMLfile={class=menu_item, label=HTML file...}
mnuSmiley={class=menu, label=Smiley}
mnuSmile={class=menu_item, label=Smile}
mnuWink={class=menu_item, label=Wink}
mnuSurprised={class=menu_item, label=Surprised}
mnuLaughing={class=menu_item, label=Laughing}
mnuOhno!={class=menu_item, label=Oh no!}
mnuFrown={class=menu_item, label=Frown}
mnuIndifferent={class=menu_item, label=Indifferent}
mnuUndecided={class=menu_item, label=Undecided}
mnuLick={class=menu_item, label=Lick}
mnuCrying={class=menu_item, label=Crying}
mnuSick={class=menu_item, label=Sick}
mnuSecurity={class=menu, label=Security}
mnuPGPSign={class=check_menu_item, label=PGP Sign}
mnuPGPEncrypt={class=check_menu_item, label=PGP Encrypt}
mnuS/MIMESign={class=check_menu_item, label=S/MIME Sign}
mnuS/MIMEEncrypt={class=check_menu_item, label=S/MIME Encrypt}
btnSend={class=push_button, label=Send}
btnAttach={class=push_button, label=Attach}
btnUndo={class=push_button, label=Undo}
btnRedo={class=push_button, label=Redo}
btnCut={class=push_button, label=Cut}
btnCopy={class=push_button, label=Copy}
btnPaste={class=push_button, label=Paste}
btnFind={class=push_button, label=Find}
btnReplace={class=push_button, label=Replace}
btnImage={class=push_button, label=Image}
btnLink={class=push_button, label=Link}
btnRule={class=push_button, label=Rule}
btnTable={class=push_button, label=Table}
btnPostTo={class=push_button, label=Post To:}
btnBcc={class=push_button, label=Bcc}
btnCc={class=push_button, label=Cc}
btnTo={class=push_button, label=To}
mnu={class=menu, label=}
mnuroot<root@localhost>={class=menu_item, label=root <root@localhost>}
mnu={class=menu, label=}
mnuNone={class=menu_item, label=None}
mnuAutogenerated={class=menu_item, label=Autogenerated}
mnu={class=menu, label=}
mnu-2={class=menu_item, label=-2}
mnu-1={class=menu_item, label=-1}
mnu+0={class=menu_item, label=+0}
mnu+1={class=menu_item, label=+1}
mnu+2={class=menu_item, label=+2}
mnu+3={class=menu_item, label=+3}
mnu+4={class=menu_item, label=+4}
mnu={class=menu, label=}
mnuNormal={class=menu_item, label=Normal}
mnuPreformat={class=menu_item, label=Preformat}
mnuBulletedList={class=menu_item, label=Bulleted List}
mnuNumberedList={class=menu_item, label=Numbered List}
mnuRomanList={class=menu_item, label=Roman List}
mnuAlphabeticalList={class=menu_item, label=Alphabetical List}
mnuHeader1={class=menu_item, label=Header 1}
mnuHeader2={class=menu_item, label=Header 2}
mnuHeader3={class=menu_item, label=Header 3}
mnuHeader4={class=menu_item, label=Header 4}
mnuHeader5={class=menu_item, label=Header 5}
mnuHeader6={class=menu_item, label=Header 6}
mnuAddress={class=menu_item, label=Address}
rbtnLeftalign={class=radio_button, label=Left align}
rbtnCenter={class=radio_button, label=Center}
rbtnRightalign={class=radio_button, label=Right align}
btnUnindent={class=push_button, label=Unindent}
btnIndent={class=push_button, label=Indent}
panelTo={class=panel, instance_index=28}
txtTo={class=text, label=To:}
panelSubject={class=panel, instance_index=19}
txtSubject={class=text, label_by=Subject:}
txtMailBody={class=text, parent=frmComposeamessage, instance_index=6}
txtCc={class=text, label=Cc:}

[dlgAddexception]
dlgAddexception={class=dialog, label=Add exception, app_name=evolution-2.2}
txtTextDateEntry={class=text, label=Text Date Entry}
btnDateButton={class=push_button, label=Date Button}
btnOK={class=push_button, label=OK}
btnCancel={class=push_button, label=Cancel}

[dlgWarning:ModifiedMessage]
dlgWarning:ModifiedMessage={class=dialog, label=Warning: Modified Message, app_name=evolution-2.2}
btnSaveMessage={class=push_button, label=Save Message}
btnCancel={class=push_button, label=Cancel}
btnDiscardChanges={class=push_button, label=Discard Changes}

[dlgContactQuick-Add]
dlgContactQuick-Add={class=dialog, label=Contact Quick-Add, app_name=evolution-2.2}
btnOK={class=push_button, label=OK}
btnCancel={class=push_button, label=Cancel}
btnEditFull={class=push_button, label=Edit Full}

[altQuestion]
altQuestion={class=alert, label=Question, app_name=evolution-2.2}
btnDelete={class=push_button, label=Delete}
btnCancel={class=push_button, label=Cancel}


[dlgInsertimage]
dlgInsertimage={class=dialog, label=Insert image, app_name=evolution-2.2}
txtName={class=text, label_by=Name:}
tbtnBrowseforotherfolders={class=toggle_button, label=Browse for other folders}
tblShortcuts={class=table, label=Shortcuts}
btnAdd={class=push_button, label=Add}
btnRemove={class=push_button, label=Remove}
tbtnHome={class=toggle_button, label=Home}
btnCreateFolder={class=push_button, label=Create Folder}
tblFiles={class=table, label=Files}
btnOpen={class=push_button, label=Open}
btnCancel={class=push_button, label=Cancel}

[dlgInsert:Table]
dlgInsert:Table={class=dialog, label=Insert: Table, app_name=evolution-2.2}
ptlInsert: Table={class=page_tab_list}
ptabTable={class=page_tab, label=Table}
mnuLeft={class=menu_item, label=Left}
mnuCenter={class=menu_item, label=Center}
mnuRight={class=menu_item, label=Right}
chkWidth={class=check_box, label=Width:}
mnupx={class=menu_item, label=px}
mnu%={class=menu_item, label=%}
sbtnBorder={class=spin_button, label_by=Border:}
sbtnPadding={class=spin_button, label_by=Padding:}
sbtnSpacing={class=spin_button, label_by=Spacing:}
btncolorpreview={class=push_button, label=color preview}
tbtnPopup={class=toggle_button, label=Popup}
txtBrowse...={class=text, label_by=Browse...}
btnBrowse={class=push_button, label=Browse...}
btnClose={class=push_button, label=Close}
btnHelp={class=push_button, label=Help}


