[evolution]
evolution={class=frame, app_name=evolution}
pnl0={class=panel, instance_index=0,parent=Evolution-Mail}
pnl1={class=panel, instance_index=1,parent=Evolution-Mail}
pnl2={class=panel, instance_index=2,parent=Evolution-Mail}
mnuFile={class=menu, label=File}
mnuFileNew={class=menu, label=New}
mnuMailMessage={class=menu_item, label=Mail Message, parent=mnuFileNew}
mnuMailFolder={class=menu_item, label=Mail Folder, parent=mnuFileNew}
mnuAllDayAppointment={class=menu_item, label=All Day Appointment, parent=mnuFileNew}
mnuAppointment={class=menu_item, label=Appointment, parent=mnuFileNew}
mnuAssignedTask={class=menu_item, label=Assigned Task, parent=mnuFileNew}
mnuContact={class=menu_item, label=Contact, parent=mnuFileNew}
mnuContactList={class=menu_item, label=Contact List, parent=mnuFileNew}
mnuMeeting={class=menu_item, label=Meeting, parent=mnuFileNew}
mnuTask={class=menu_item, label=Task, parent=mnuFileNew}
mnuAddressBook={class=menu_item, label=Address Book, parent=mnuFileNew}
mnuCalendar={class=menu_item, label=Calendar, parent=mnuFileNew}
mnuTasklist={class=menu_item, label=Task list, parent=mnuFileNew}
mnuFileNewWindow={class=menu_item, label=New Window, parent=mnuFile}
mnuSend/Receive={class=menu_item, label=Send / Receive, parent=mnuFile}
mnuSaveMessage={class=menu_item, label=Save Message..., parent=mnuFile}
mnuImport={class=menu_item, label=Import..., parent=mnuFile}
mnuPrintPreview={class=menu_item, label=Print Preview, parent=mnuFile}
mnuPrint={class=menu_item, label=Print..., parent=mnuFile}
mnuEmptyTrash={class=menu_item, label=Empty Trash, parent=mnuFile}
mnuForgetPasswords={class=menu_item, label=Forget Passwords, parent=mnuFile}
mnuWorkOffline={class=menu_item, label=Work Offline, parent=mnuFile}
mnuCloseWindow={class=menu_item, label=Close Window, parent=mnuFile}
mnuQuit={class=menu_item, label=Quit, parent=mnuFile}
mnuEdit={class=menu, label=Edit}
mnuCopy={class=menu_item, label=Copy, parent=mnuEdit}
mnuSelectAllText={class=menu_item, label=Select All Text, parent=mnuEdit}
mnuDeleteMessage={class=menu_item, label=Delete Message, parent=mnuEdit}
mnuUndeleteMessage={class=menu_item, label=Undelete Message, parent=mnuEdit}
mnuFindinMessage={class=menu_item, label=Find in Message..., parent=mnuEdit}
mnuSynchronizationOptions={class=menu_item, label=Synchronization Options..., parent=mnuEdit}
mnuMessageFilters={class=menu_item, label=Message Filters, parent=mnuEdit}
mnuSearchFolders={class=menu_item, label=Search Folders, parent=mnuEdit}
mnuPreferences={class=menu_item, label=Preferences, parent=mnuEdit}
mnuView={class=menu, label=View}
mnuCurrentView={class=menu, label=Current View}
mnuMessages={class=radio_menu_item, label=Messages, parent=mnuMessages}
mnuAsSentFolder={class=radio_menu_item, label=As Sent Folder, parent=mnuAsSentFolder}
mnuBySubject={class=radio_menu_item, label=By Subject, parent=mnuBySubject}
mnuBySender={class=radio_menu_item, label=By Sender, parent=mnuBySender}
mnuByStatus={class=radio_menu_item, label=By Status, parent=mnuByStatus}
mnuByFollowUpFlag={class=radio_menu_item, label=By Follow Up Flag, parent=mnuByFollowUpFlag}
mnuCustomView={class=radio_menu_item, label=Custom View, parent=mnuCustomView}
mnuSaveCustomView={class=menu_item, label=Save Custom View..., parent=mnuSaveCustomView...}
mnuDefineViews={class=menu_item, label=Define Views..., parent=mnuDefineViews...}
mnuWindow={class=menu, label=Window}
mnuMail={class=menu_item, label=Mail, parent=mnuWindow}
mnuContacts={class=menu_item, label=Contacts, parent=mnuWindow}
mnuCalendars={class=menu_item, label=Calendars, parent=mnuWindow}
mnuTasks={class=menu_item, label=Tasks, parent=mnuWindow}
mnuToolbar={class=check_menu_item, label=Toolbar, parent=mnuView}
mnuMessagePreview={class=check_menu_item, label=Message Preview, parent=mnuView}
mnuSwitcherAppearance={class=menu, label=Switcher Appearance}
mnuIconsandtext={class=radio_menu_item, label=Icons and text, parent=mnuIconsandtext}
mnuIconsonly={class=radio_menu_item, label=Icons only, parent=mnuIconsonly}
mnuTextonly={class=radio_menu_item, label=Text only, parent=mnuTextonly}
mnuToolbarstyle={class=radio_menu_item, label=Toolbar style, parent=mnuToolbarstyle}
mnuHidebuttons={class=check_menu_item, label=Hide buttons, parent=mnuHidebuttons}
mnuGroupByThreads={class=check_menu_item, label=Group By Threads, parent=mnuView}
mnuHideDeletedMessages={class=check_menu_item, label=Hide Deleted Messages, parent=mnuView}
mnuHideSelectedMessages={class=menu_item, label=Hide Selected Messages, parent=mnuView}
mnuHideReadMessages={class=menu_item, label=Hide Read Messages, parent=mnuView}
mnuShowHiddenMessages={class=menu_item, label=Show Hidden Messages, parent=mnuView}
mnuLoadImages={class=menu_item, label=Load Images, parent=mnuView}
mnuAllMessageHeaders={class=check_menu_item, label=All Message Headers, parent=mnuView}
mnuCaretMode={class=check_menu_item, label=Caret Mode, parent=mnuView}
mnuMessageSource={class=menu_item, label=Message Source, parent=mnuView}
mnuZoomIn={class=menu_item, label=Zoom In, parent=mnuView}
mnuZoomOut={class=menu_item, label=Zoom Out, parent=mnuView}
mnuNormalSize={class=menu_item, label=Normal Size, parent=mnuView}
mnuCharacterEncoding={class=menu, label=Character Encoding}
mnuBaltic={class=radio_menu_item, label=Baltic (ISO-8859-13), parent=mnuBaltic}
mnuBaltic={class=radio_menu_item, label=Baltic (ISO-8859-4), parent=mnuBaltic}
mnuCentralEuropean={class=radio_menu_item, label=Central European (ISO-8859-2), parent=mnuCentralEuropean}
mnuChinese,Traditional={class=radio_menu_item, label=Chinese, Traditional (Big5), parent=mnuChinese,Traditional}
mnuChinese,Traditional={class=radio_menu_item, label=Chinese, Traditional (BIG5HKSCS), parent=mnuChinese,Traditional}
mnuChinese,Traditional={class=radio_menu_item, label=Chinese, Traditional (EUC-TW), parent=mnuChinese,Traditional}
mnuChinese,Simplified={class=radio_menu_item, label=Chinese, Simplified (GB18030), parent=mnuChinese,Simplified}
mnuChinese,Simplified={class=radio_menu_item, label=Chinese, Simplified (GB2312), parent=mnuChinese,Simplified}
mnuChinese,Simplified={class=radio_menu_item, label=Chinese, Simplified (HZ), parent=mnuChinese,Simplified}
mnuChinese,Simplified={class=radio_menu_item, label=Chinese, Simplified (ISO-2022-CN), parent=mnuChinese,Simplified}
mnuCyrillic={class=radio_menu_item, label=Cyrillic (KOI8-R), parent=mnuCyrillic}
mnuCyrillic={class=radio_menu_item, label=Cyrillic (Windows-1251), parent=mnuCyrillic}
mnuCyrillic,Ukrainian={class=radio_menu_item, label=Cyrillic, Ukrainian (KOI8-U), parent=mnuCyrillic,Ukrainian}
mnuCyrillic={class=radio_menu_item, label=Cyrillic (ISO-8859-5), parent=mnuCyrillic}
mnuGreek={class=radio_menu_item, label=Greek (ISO-8859-7), parent=mnuGreek}
mnuHebrew,Visual={class=radio_menu_item, label=Hebrew, Visual (ISO-8859-8), parent=mnuHebrew,Visual}
mnuJapanese={class=radio_menu_item, label=Japanese (ISO-2022-JP), parent=mnuJapanese}
mnuJapanese={class=radio_menu_item, label=Japanese (EUC-JP), parent=mnuJapanese}
mnuJapanese={class=radio_menu_item, label=Japanese (Shift_JIS), parent=mnuJapanese}
mnuKorean={class=radio_menu_item, label=Korean (EUC-KR), parent=mnuKorean}
mnuTurkish={class=radio_menu_item, label=Turkish (ISO-8859-9), parent=mnuTurkish}
mnuUnicode={class=radio_menu_item, label=Unicode (UTF-8), parent=mnuUnicode}
mnuUnicode={class=radio_menu_item, label=Unicode (UTF-7), parent=mnuUnicode}
mnuWesternEuropean={class=radio_menu_item, label=Western European (ISO-8859-1), parent=mnuWesternEuropean}
mnuWesternEuropean,New={class=radio_menu_item, label=Western European, New (ISO-8859-15), parent=mnuWesternEuropean,New}
mnuDefault={class=radio_menu_item, label=Default, parent=mnuDefault}
mnuFolder={class=menu, label=Folder}
mnuNew={class=menu_item, label=New..., parent=mnuFolder}
mnuSubscriptions={class=menu_item, label=Subscriptions, parent=mnuFolder}
mnuCopyFolderTo={class=menu_item, label=Copy Folder To..., parent=mnuFolder}
mnuMoveFolderTo={class=menu_item, label=Move Folder To..., parent=mnuFolder}
mnuSelectAllMessages={class=menu_item, label=Select All Messages, parent=mnuFolder}
mnuMarkMessagesasRead={class=menu_item, label=Mark Messages as Read, parent=mnuFolder}
mnuExpunge={class=menu_item, label=Expunge, parent=mnuFolder}
mnuRename={class=menu_item, label=Rename..., parent=mnuFolder}
mnuDelete={class=menu_item, label=Delete, parent=mnuFolder}
mnuProperties={class=menu_item, label=Properties, parent=mnuFolder}
mnuMessage={class=menu, label=Message}
mnuComposeNewMessage={class=menu_item, label=Compose New Message, parent=mnuMessage}
mnuOpeninNewWindow={class=menu_item, label=Open in New Window, parent=mnuMessage}
mnuEditasNewMessage={class=menu_item, label=Edit as New Message..., parent=mnuMessage}
mnuAddSendertoAddressBook={class=menu_item, label=Add Sender to Address Book, parent=mnuMessage}
mnuGoTo={class=menu, label=Go To}
mnuNextMessage={class=menu_item, label=Next Message, parent=mnuNextMessage}
mnuNextUnreadMessage={class=menu_item, label=Next Unread Message, parent=mnuNextUnreadMessage}
mnuNextImportantMessage={class=menu_item, label=Next Important Message, parent=mnuNextImportantMessage}
mnuNextThread={class=menu_item, label=Next Thread, parent=mnuNextThread}
mnuPreviousMessage={class=menu_item, label=Previous Message, parent=mnuPreviousMessage}
mnuPreviousUnreadMessage={class=menu_item, label=Previous Unread Message, parent=mnuPreviousUnreadMessage}
mnuPreviousImportantMessage={class=menu_item, label=Previous Important Message, parent=mnuPreviousImportantMessage}
mnuReply={class=menu_item, label=Reply, parent=mnuMessage}
mnuReplytoSender={class=menu_item, label=Reply to Sender, parent=mnuMessage}
mnuReplytoList={class=menu_item, label=Reply to List, parent=mnuMessage}
mnuForward={class=menu_item, label=Forward, parent=mnuMessage}
mnuRedirect={class=menu_item, label=Redirect, parent=mnuMessage}
mnuMovetoFolder={class=menu_item, label=Move to Folder, parent=mnuMessage}
mnuCopytoFolder={class=menu_item, label=Copy to Folder, parent=mnuMessage}
mnuMarkas={class=menu, label=Mark as}
mnuRead={class=menu_item, label=Read, parent=mnuRead}
mnuUnread={class=menu_item, label=Unread, parent=mnuUnread}
mnuImportant={class=menu_item, label=Important, parent=mnuImportant}
mnuUnimportant={class=menu_item, label=Unimportant, parent=mnuUnimportant}
mnuJunk={class=menu_item, label=Junk, parent=mnuJunk}
mnuNotJunk={class=menu_item, label=Not Junk, parent=mnuNotJunk}
mnuFollowUp={class=menu_item, label=Follow Up..., parent=mnuFollowUp...}
mnuApplyFilters={class=menu_item, label=Apply Filters, parent=mnuMessage}
mnuCheckforJunk={class=menu_item, label=Check for Junk, parent=mnuMessage}
mnuCreateRule={class=menu, label=Create Rule}
mnuFilteronSubject={class=menu_item, label=Filter on Subject..., parent=mnuFilteronSubject...}
mnuFilteronSender={class=menu_item, label=Filter on Sender..., parent=mnuFilteronSender...}
mnuFilteronRecipients={class=menu_item, label=Filter on Recipients..., parent=mnuFilteronRecipients...}
mnuFilteronMailingList={class=menu_item, label=Filter on Mailing List..., parent=mnuFilteronMailingList...}
mnuVFolderonSubject={class=menu_item, label=VFolder on Subject..., parent=mnuVFolderonSubject...}
mnuVFolderonSender={class=menu_item, label=VFolder on Sender..., parent=mnuVFolderonSender...}
mnuVFolderonRecipients={class=menu_item, label=VFolder on Recipients..., parent=mnuVFolderonRecipients...}
mnuVFolderonMailingList={class=menu_item, label=VFolder on Mailing List..., parent=mnuVFolderonMailingList...}
mnuSearch={class=menu, label=Search}
mnuFindNow={class=menu_item, label=Find Now, parent=mnuSearch}
mnuClear={class=menu_item, label=Clear, parent=mnuSearch}
mnuAdvancedSearch={class=menu_item, label=Advanced Search..., parent=mnuSearch}
mnuSaveSearch={class=menu_item, label=Save Search..., parent=mnuSearch}
mnuEditSavedSearches={class=menu_item, label=Edit Saved Searches..., parent=mnuSearch}
mnuCreatevFolderFromSearch={class=menu_item, label=Create vFolder From Search..., parent=mnuSearch}
mnuHelp={class=menu, label=Help}
mnuContents={class=menu_item, label=Contents, parent=mnuHelp}
mnuQuickReference={class=menu_item, label=Quick Reference, parent=mnuHelp}
mnuSubmitBugReport={class=menu_item, label=Submit Bug Report, parent=mnuHelp}
mnuAboutEvolution={class=menu_item, label=About Evolution..., parent=mnuHelp}
pnl3={class=panel, instance_index=3,parent=Evolution-Mail}
pnl4={class=panel, instance_index=4,parent=Evolution-Mail}
pnl5={class=panel, instance_index=5,parent=Evolution-Mail}
btn0={class=push_button, instance_index=0,parent=Evolution-Mail}
pnl6={class=panel, instance_index=6,parent=Evolution-Mail}
pnl7={class=panel, instance_index=7,parent=Evolution-Mail}
btnNew={class=push_button, label=New}
pnl8={class=panel, instance_index=8,parent=Evolution-Mail}
pnl9={class=panel, instance_index=9,parent=Evolution-Mail}
btnSend/Receive={class=push_button, label=Send / Receive}
pnl10={class=panel, instance_index=10,parent=Evolution-Mail}
pnl11={class=panel, instance_index=11,parent=Evolution-Mail}
pnl12={class=panel, instance_index=12,parent=Evolution-Mail}
btnReply={class=push_button, label=Reply}
pnl13={class=panel, instance_index=13,parent=Evolution-Mail}
btnReplytoAll={class=push_button, label=Reply to All}
pnl14={class=panel, instance_index=14,parent=Evolution-Mail}
btnForward={class=push_button, label=Forward}
pnl15={class=panel, instance_index=15,parent=Evolution-Mail}
pnl16={class=panel, instance_index=16,parent=Evolution-Mail}
btnMove={class=push_button, label=Move}
pnl17={class=panel, instance_index=17,parent=Evolution-Mail}
btnCopy={class=push_button, label=Copy}
pnl18={class=panel, instance_index=18,parent=Evolution-Mail}
pnl19={class=panel, instance_index=19,parent=Evolution-Mail}
btnPrint={class=push_button, label=Print}
pnl20={class=panel, instance_index=20,parent=Evolution-Mail}
btnDelete={class=push_button, label=Delete}
pnl21={class=panel, instance_index=21,parent=Evolution-Mail}
btnJunk={class=push_button, label=Junk}
pnl22={class=panel, instance_index=22,parent=Evolution-Mail}
btnNotJunk={class=push_button, label=Not Junk}
pnl23={class=panel, instance_index=23,parent=Evolution-Mail}
btnCancel={class=push_button, label=Cancel}
pnl24={class=panel, instance_index=24,parent=Evolution-Mail}
pnl25={class=panel, instance_index=25,parent=Evolution-Mail}
pnl26={class=panel, instance_index=26,parent=Evolution-Mail}
btnPrevious={class=push_button, label=Previous}
pnl27={class=panel, instance_index=27,parent=Evolution-Mail}
btnNext={class=push_button, label=Next}
pnl28={class=panel, instance_index=28,parent=Evolution-Mail}
pnl29={class=panel, instance_index=29,parent=Evolution-Mail}
ptl0={class=page_tab_list, instance_index=0}
ptb0={class=page_tab, instance_index=0}
pnl30={class=panel, instance_index=30,parent=Evolution-Mail}
pnl31={class=panel, instance_index=31,parent=Evolution-Mail}
lbl118total={class=label, label=118 total}
ttblMailFolderTree={class=tree_table, label=Mail Folder Tree}
tbtnMail={class=toggle_button, label=Mail}
tbtnContacts={class=toggle_button, label=Contacts}
tbtnCalendars={class=toggle_button, label=Calendars}
tbtnTasks={class=toggle_button, label=Tasks}
ptl1={class=page_tab_list, instance_index=1}
ptb1={class=page_tab, instance_index=1}
pnl32={class=panel, instance_index=32,parent=Evolution-Mail}
pnl33={class=panel, instance_index=33,parent=Evolution-Mail}
cboSearchType={class=combo_box, label=Search Type}
mnuSubjectorSendercontains={class=menu_item, label=Subject or Sender contains, parent=mnuSubjectorSendercontains}
mnuRecipientscontain={class=menu_item, label=Recipients contain, parent=mnuRecipientscontain}
mnuMessagecontains={class=menu_item, label=Message contains, parent=mnuMessagecontains}
mnuSubjectcontains={class=menu_item, label=Subject contains, parent=mnuSubjectcontains}
mnuSendercontains={class=menu_item, label=Sender contains, parent=mnuSendercontains}
mnuBodycontains={class=menu_item, label=Body contains, parent=mnuBodycontains}
mnuSubjectorSendercontains={class=menu_item, label=Subject or Sender contains, parent=mnuSubjectorSendercontains}
mnuAdvancedSearch={class=menu_item, label=Advanced Search..., parent=mnuAdvancedSearch...}
txtSearchTextEntry={class=text, label=Search Text Entry}
pnl34={class=panel, instance_index=34,parent=Evolution-Mail}
btnFindNow={class=push_button, label=Find Now}
pnl35={class=panel, instance_index=35,parent=Evolution-Mail}
btnClear={class=push_button, label=Clear}
ttblMessageList={class=tree_table, label=Message List}
pnlPanelcontainingHTML={class=panel}
pnl37={class=panel, instance_index=37,parent=pnlPanelcontainingHTML}
tbl0={class=table, instance_index=0}
pnl38={class=panel, instance_index=38,parent=pnlPanelcontainingHTML}
tbl1={class=table, instance_index=1,parent=pnlPanelcontainingHTML}
pnl39={class=panel, instance_index=39,parent=pnlPanelcontainingHTML}
txt1={class=text, instance_index=1,parent=pnlPanelcontainingHTML}
pnl40={class=panel, instance_index=40,parent=pnlPanelcontainingHTML}
txt2={class=text, instance_index=2,parent=pnlPanelcontainingHTML}
pnl41={class=panel, instance_index=41,parent=pnlPanelcontainingHTML}
txt3={class=text, instance_index=3,parent=pnlPanelcontainingHTML}
pnl42={class=panel, instance_index=42,parent=pnlPanelcontainingHTML}
txt4={class=text, instance_index=4,parent=pnlPanelcontainingHTML}
pnl43={class=panel, instance_index=43,parent=pnlPanelcontainingHTML}
txt5={class=text, instance_index=5,parent=pnlPanelcontainingHTML}
pnl44={class=panel, instance_index=44,parent=pnlPanelcontainingHTML}
txt6={class=text, instance_index=6,parent=pnlPanelcontainingHTML}
pnl45={class=panel, instance_index=45,parent=pnlPanelcontainingHTML}
txt7={class=text, instance_index=7,parent=pnlPanelcontainingHTML}
pnl46={class=panel, instance_index=46,parent=pnlPanelcontainingHTML}
txt8={class=text, instance_index=8,parent=pnlPanelcontainingHTML}
pnl47={class=panel, instance_index=47,parent=pnlPanelcontainingHTML}
pnl48={class=panel, instance_index=48,parent=pnlPanelcontainingHTML}
pnl49={class=panel, instance_index=49,parent=pnlPanelcontainingHTML}
btn17={class=push_button, instance_index=17,parent=pnlPanelcontainingHTML}
lblNoAttachment={class=label, label=No Attachment}
btnSaveAll={class=push_button, label=Save All}
paneAttachmentBar={class=layered_pane, label=Attachment Bar}
pnl50={class=panel, instance_index=50,parent=pnlPanelcontainingHTML}
tbl2={class=table, instance_index=2,parent=pnlPanelcontainingHTML}
pnl51={class=panel, instance_index=51,parent=pnlPanelcontainingHTML}
pnlPanelcontainingHTML={class=panel, label=Panel containing HTML}
pnl53={class=panel, instance_index=53,parent=pnlPanelcontainingHTML}
txt9={class=text, instance_index=9,parent=pnlPanelcontainingHTML}
pnl54={class=panel, instance_index=54,parent=pnlPanelcontainingHTML}
txt10={class=text, instance_index=10,parent=pnlPanelcontainingHTML}
pnl55={class=panel, instance_index=55,parent=pnlPanelcontainingHTML}
txt11={class=text, instance_index=11,parent=pnlPanelcontainingHTML}
pnl56={class=panel, instance_index=56,parent=pnlPanelcontainingHTML}
txt12={class=text, instance_index=12,parent=pnlPanelcontainingHTML}
pnl57={class=panel, instance_index=57,parent=pnlPanelcontainingHTML}
txt13={class=text, instance_index=13,parent=pnlPanelcontainingHTML}
btn19={class=push_button, instance_index=19,parent=Evolution-Mail}
lbl2={class=label, instance_index=2,parent=Evolution-Mail}
ptl2={class=page_tab_list, instance_index=2}
ptb2={class=page_tab, instance_index=2}
pnl58={class=panel, instance_index=58,parent=Evolution-Mail}
pnl59={class=panel, instance_index=59,parent=Evolution-Mail}

[Composeamessage]
Composeamessage={class=frame, app_name=evolution, label=Compose a message}
pnl0={class=panel, instance_index=0,parent=Composeamessage}
pnl1={class=panel, instance_index=1,parent=Composeamessage}
pnl2={class=panel, instance_index=2,parent=Composeamessage}
mnuFile={class=menu, label=File}
mnuOpen={class=menu_item, label=Open..., parent=mnuFile}
mnuSend={class=menu_item, label=Send, parent=mnuFile}
mnuSave={class=menu_item, label=Save, parent=mnuFile}
mnuSaveAs={class=menu_item, label=Save As..., parent=mnuFile}
mnuSaveDraft={class=menu_item, label=Save Draft, parent=mnuFile}
mnuPrintPreview={class=menu_item, label=Print Preview, parent=mnuFile}
mnuPrint={class=menu_item, label=Print..., parent=mnuFile}
mnuClose={class=menu_item, label=Close, parent=mnuFile}
mnuEdit={class=menu, label=Edit}
mnuUndo={class=menu_item, label=Undo, parent=mnuEdit}
mnuRedo={class=menu_item, label=Redo, parent=mnuEdit}
mnuCut={class=menu_item, label=Cut, parent=mnuEdit}
mnuCopy={class=menu_item, label=Copy, parent=mnuEdit}
mnuPaste={class=menu_item, label=Paste, parent=mnuEdit}
mnuPasteQuotation={class=menu_item, label=Paste Quotation, parent=mnuEdit}
mnuSelectAll={class=menu_item, label=Select All, parent=mnuEdit}
mnuFind={class=menu_item, label=Find..., parent=mnuEdit}
mnuFindAgain={class=menu_item, label=Find Again, parent=mnuEdit}
mnuReplace={class=menu_item, label=Replace..., parent=mnuEdit}
mnuCharacterEncoding={class=menu, label=Character Encoding}
mnuBaltic={class=radio_menu_item, label=Baltic (ISO-8859-13), parent=mnuBaltic}
mnuBaltic={class=radio_menu_item, label=Baltic (ISO-8859-4), parent=mnuBaltic}
mnuCentralEuropean={class=radio_menu_item, label=Central European (ISO-8859-2), parent=mnuCentralEuropean}
mnuChinese,Traditional={class=radio_menu_item, label=Chinese, Traditional (Big5), parent=mnuChinese,Traditional}
mnuChinese,Traditional={class=radio_menu_item, label=Chinese, Traditional (BIG5HKSCS), parent=mnuChinese,Traditional}
mnuChinese,Traditional={class=radio_menu_item, label=Chinese, Traditional (EUC-TW), parent=mnuChinese,Traditional}
mnuChinese,Simplified={class=radio_menu_item, label=Chinese, Simplified (GB18030), parent=mnuChinese,Simplified}
mnuChinese,Simplified={class=radio_menu_item, label=Chinese, Simplified (GB2312), parent=mnuChinese,Simplified}
mnuChinese,Simplified={class=radio_menu_item, label=Chinese, Simplified (HZ), parent=mnuChinese,Simplified}
mnuChinese,Simplified={class=radio_menu_item, label=Chinese, Simplified (ISO-2022-CN), parent=mnuChinese,Simplified}
mnuCyrillic={class=radio_menu_item, label=Cyrillic (KOI8-R), parent=mnuCyrillic}
mnuCyrillic={class=radio_menu_item, label=Cyrillic (Windows-1251), parent=mnuCyrillic}
mnuCyrillic,Ukrainian={class=radio_menu_item, label=Cyrillic, Ukrainian (KOI8-U), parent=mnuCyrillic,Ukrainian}
mnuCyrillic={class=radio_menu_item, label=Cyrillic (ISO-8859-5), parent=mnuCyrillic}
mnuGreek={class=radio_menu_item, label=Greek (ISO-8859-7), parent=mnuGreek}
mnuHebrew,Visual={class=radio_menu_item, label=Hebrew, Visual (ISO-8859-8), parent=mnuHebrew,Visual}
mnuJapanese={class=radio_menu_item, label=Japanese (ISO-2022-JP), parent=mnuJapanese}
mnuJapanese={class=radio_menu_item, label=Japanese (EUC-JP), parent=mnuJapanese}
mnuJapanese={class=radio_menu_item, label=Japanese (Shift_JIS), parent=mnuJapanese}
mnuKorean={class=radio_menu_item, label=Korean (EUC-KR), parent=mnuKorean}
mnuTurkish={class=radio_menu_item, label=Turkish (ISO-8859-9), parent=mnuTurkish}
mnuUnicode={class=radio_menu_item, label=Unicode (UTF-8), parent=mnuUnicode}
mnuUnicode={class=radio_menu_item, label=Unicode (UTF-7), parent=mnuUnicode}
mnuWesternEuropean={class=radio_menu_item, label=Western European (ISO-8859-1), parent=mnuWesternEuropean}
mnuWesternEuropean,New={class=radio_menu_item, label=Western European, New (ISO-8859-15), parent=mnuWesternEuropean,New}
mnuSpellCheckDocument={class=menu_item, label=Spell Check Document..., parent=mnuEdit}
mnuCurrentLanguages={class=menu, label=Current Languages}
mnuEnglish={class=check_menu_item, label=English (American), parent=mnuEnglish}
mnuEnglish={class=check_menu_item, label=English (British), parent=mnuEnglish}
mnuEnglish={class=check_menu_item, label=English (Canadian), parent=mnuEnglish}
mnuFormat={class=menu, label=Format}
mnuHTML={class=check_menu_item, label=HTML, parent=mnuFormat}
mnuStyle={class=menu, label=Style}
mnuPlaintext={class=menu_item, label=Plain text, parent=mnuStyle}
mnuBold={class=menu_item, label=Bold, parent=mnuStyle}
mnuItalic={class=menu_item, label=Italic, parent=mnuStyle}
mnuUnderline={class=menu_item, label=Underline, parent=mnuStyle}
mnuStrikeout={class=menu_item, label=Strikeout, parent=mnuStyle}
mnuFontSize={class=menu, label=Font Size}
mnu-2={class=menu_item, label=-2, parent=mnu-2}
mnu-1={class=menu_item, label=-1, parent=mnu-1}
mnu+0={class=menu_item, label=+0, parent=mnu+0}
mnu+1={class=menu_item, label=+1, parent=mnu+1}
mnu+2={class=menu_item, label=+2, parent=mnu+2}
mnu+3={class=menu_item, label=+3, parent=mnu+3}
mnuText={class=menu_item, label=Text..., parent=mnuFormat}
mnuHeading={class=menu, label=Heading, parent=mnuFormat}
mnuNormal={class=menu_item, label=Normal, parent=mnuHeading}
mnuHeader1={class=menu_item, label=Header 1, parent=mnuHeading}
mnuHeader2={class=menu_item, label=Header 2, parent=mnuHeading}
mnuHeader3={class=menu_item, label=Header 3, parent=mnuHeading}
mnuHeader4={class=menu_item, label=Header 4, parent=mnuHeading}
mnuHeader5={class=menu_item, label=Header 5, parent=mnuHeading}
mnuHeader6={class=menu_item, label=Header 6, parent=mnuHeading}
mnuBulletedList={class=menu_item, label=Bulleted List, parent=mnuHeading}
mnuRomanNumeralList={class=menu_item, label=Roman Numeral List, parent=mnuHeading}
mnuNumberedList={class=menu_item, label=Numbered List, parent=mnuHeading}
mnuAlphabeticalList={class=menu_item, label=Alphabetical List, parent=mnuHeading}
mnuAddress={class=menu_item, label=Address, parent=mnuHeading}
mnuPreformat={class=menu_item, label=Preformat, parent=mnuHeading}
mnuAlignment={class=menu, label=Alignment}
mnuLeft={class=menu_item, label=Left, parent=mnuAlignment}
mnuCenter={class=menu_item, label=Center, parent=mnuAlignment}
mnuRight={class=menu_item, label=Right, parent=mnuAlignment}
mnuParagraph={class=menu_item, label=Paragraph..., parent=mnuFormat}
mnuIncreaseIndent={class=menu_item, label=Increase Indent, parent=mnuFormat}
mnuDecreaseIndent={class=menu_item, label=Decrease Indent, parent=mnuFormat}
mnuWrapLines={class=menu_item, label=Wrap Lines, parent=mnuFormat}
mnuPage={class=menu_item, label=Page..., parent=mnuFormat}
mnuView={class=menu, label=View}
mnuFromField={class=check_menu_item, label=From Field, parent=mnuView}
mnuToField={class=check_menu_item, label=To Field, parent=mnuView}
mnuPost-ToField={class=check_menu_item, label=Post-To Field, parent=mnuView}
mnuReply-ToField={class=check_menu_item, label=Reply-To Field, parent=mnuView}
mnuCcField={class=check_menu_item, label=Cc Field, parent=mnuView}
mnuBccField={class=check_menu_item, label=Bcc Field, parent=mnuView}
mnuInsert={class=menu, label=Insert}
mnuAttachment={class=menu_item, label=Attachment..., parent=mnuInsert}
mnuSendOptions={class=menu_item, label=Send Options, parent=mnuInsert}
mnuImage={class=menu_item, label=Image..., parent=mnuInsert}
mnuLink={class=menu_item, label=Link..., parent=mnuInsert}
mnuRule={class=menu_item, label=Rule..., parent=mnuInsert}
mnuTable={class=menu_item, label=Table..., parent=mnuInsert}
mnuTextfile={class=menu_item, label=Text file..., parent=mnuInsert}
mnuHTMLfile={class=menu_item, label=HTML file..., parent=mnuInsert}
mnuSmiley={class=menu, label=Smiley}
mnuSmile={class=menu_item, label=Smile, parent=mnuSmiley}
mnuWink={class=menu_item, label=Wink, parent=mnuSmiley}
mnuSurprised={class=menu_item, label=Surprised, parent=mnuSmiley}
mnuLaughing={class=menu_item, label=Laughing, parent=mnuSmiley}
mnuOhno!={class=menu_item, label=Oh no!, parent=mnuSmiley}
mnuFrown={class=menu_item, label=Frown, parent=mnuSmiley}
mnuIndifferent={class=menu_item, label=Indifferent, parent=mnuSmiley}
mnuUndecided={class=menu_item, label=Undecided, parent=mnuSmiley}
mnuLick={class=menu_item, label=Lick, parent=mnuSmiley}
mnuCrying={class=menu_item, label=Crying, parent=mnuSmiley}
mnuSick={class=menu_item, label=Sick, parent=mnuSmiley}
mnuRequestreadreceipt={class=check_menu_item, label=Request read receipt, parent=mnuInsert}
mnuSecurity={class=menu, label=Security}
mnuPGPSign={class=check_menu_item, label=PGP Sign, parent=mnuSecurity}
mnuPGPEncrypt={class=check_menu_item, label=PGP Encrypt, parent=mnuSecurity}
mnuS/MIMESign={class=check_menu_item, label=S/MIME Sign, parent=mnuSecurity}
mnuS/MIMEEncrypt={class=check_menu_item, label=S/MIME Encrypt, parent=mnuSecurity}
pnl3={class=panel, instance_index=3,parent=Composeamessage}
pnl4={class=panel, instance_index=4,parent=Composeamessage}
pnl5={class=panel, instance_index=5,parent=Composeamessage}
btnSend={class=push_button, label=Send}
pnl6={class=panel, instance_index=6,parent=Composeamessage}
btnAttach={class=push_button, label=Attach}
pnl7={class=panel, instance_index=7,parent=Composeamessage}
pnl8={class=panel, instance_index=8,parent=Composeamessage}
btnUndo={class=push_button, label=Undo}
pnl9={class=panel, instance_index=9,parent=Composeamessage}
btnRedo={class=push_button, label=Redo}
pnl10={class=panel, instance_index=10,parent=Composeamessage}
pnl11={class=panel, instance_index=11,parent=Composeamessage}
btnCut={class=push_button, label=Cut}
pnl12={class=panel, instance_index=12,parent=Composeamessage}
btnCopy={class=push_button, label=Copy}
pnl13={class=panel, instance_index=13,parent=Composeamessage}
btnPaste={class=push_button, label=Paste}
pnl14={class=panel, instance_index=14,parent=Composeamessage}
pnl15={class=panel, instance_index=15,parent=Composeamessage}
btnFind={class=push_button, label=Find}
pnl16={class=panel, instance_index=16,parent=Composeamessage}
btnReplace={class=push_button, label=Replace}
pnl17={class=panel, instance_index=17,parent=Composeamessage}
pnl18={class=panel, instance_index=18,parent=Composeamessage}
btnImage={class=push_button, label=Image}
pnl19={class=panel, instance_index=19,parent=Composeamessage}
btnLink={class=push_button, label=Link}
pnl20={class=panel, instance_index=20,parent=Composeamessage}
btnRule={class=push_button, label=Rule}
pnl21={class=panel, instance_index=21,parent=Composeamessage}
btnTable={class=push_button, label=Table}
pnl22={class=panel, instance_index=22,parent=Composeamessage}
txtSubject={class=text, label_by=Subject:}
lblSubject={class=label, label=Subject:}
txtPostTo={class=text, label=Post To:}
btnPostTo={class=push_button, label=Post To:}
txtBcc={class=text, label=Bcc:}
btnBcc={class=push_button, label=Bcc:}
txtCc={class=text, label=Cc:}
btnCc={class=push_button, label=Cc:}
txtTo={class=text, label=To:}
btnTo={class=push_button, label=To:}
txt5={class=text, instance_index=5,parent=Composeamessage}
lblReply-To={class=label, label=Reply-To:}
cbopremkumar<jpremkumar@novell.com>={class=combo_box, label=premkumar <jpremkumar@novell.com>}
mnupremkumar<jpremkumar@novell={class=menu_item, label=premkumar <jpremkumar@novell.com>, parent=mnupremkumar<jpremkumar@novell.com>}
lblSignature={class=label, label=Signature:}
cboNone={class=combo_box, label=None}
mnuNone={class=menu_item, label=None, parent=mnuNone}
mnuAutogenerated={class=menu_item, label=Autogenerated, parent=mnuNone}
lblFrom={class=label, label=From:}
pnl23={class=panel, instance_index=23,parent=Composeamessage}
pnl24={class=panel, instance_index=24,parent=Composeamessage}
cbo+0={class=combo_box, label=+0}
mnu-2={class=menu_item, label=-2, parent=mnu+0}
mnu-1={class=menu_item, label=-1, parent=mnu+0}
mnu+0={class=menu_item, label=+0, parent=mnu+0}
mnu+1={class=menu_item, label=+1, parent=mnu+0}
mnu+2={class=menu_item, label=+2, parent=mnu+0}
mnu+3={class=menu_item, label=+3, parent=mnu+0}
mnu+4={class=menu_item, label=+4, parent=mnu+0}
cboNormal={class=combo_box, label=Normal}
mnuNormal={class=menu_item, label=Normal, parent=mnuNormal}
mnuPreformat={class=menu_item, label=Preformat, parent=mnuNormal}
mnuBulletedList={class=menu_item, label=Bulleted List, parent=mnuNormal}
mnuNumberedList={class=menu_item, label=Numbered List, parent=mnuNormal}
mnuRomanList={class=menu_item, label=Roman List, parent=mnuNormal}
mnuAlphabeticalList={class=menu_item, label=Alphabetical List, parent=mnuNormal}
mnuHeader1={class=menu_item, label=Header 1, parent=mnuNormal}
mnuHeader2={class=menu_item, label=Header 2, parent=mnuNormal}
mnuHeader3={class=menu_item, label=Header 3, parent=mnuNormal}
mnuHeader4={class=menu_item, label=Header 4, parent=mnuNormal}
mnuHeader5={class=menu_item, label=Header 5, parent=mnuNormal}
mnuHeader6={class=menu_item, label=Header 6, parent=mnuNormal}
mnuAddress={class=menu_item, label=Address, parent=mnuNormal}
tbtnTypewriter={class=toggle_button, label=Typewriter}
tbtnBold={class=toggle_button, label=Bold}
tbtnItalic={class=toggle_button, label=Italic}
tbtnUnderline={class=toggle_button, label=Underline}
tbtnStrikeout={class=toggle_button, label=Strikeout}
rdoLeftalign={class=radio_button, label=Left align}
rdoCenter={class=radio_button, label=Center}
rdoRightalign={class=radio_button, label=Right align}
btnUnindent={class=push_button, label=Unindent}
btnIndent={class=push_button, label=Indent}
btncolorpreview={class=push_button, label=color preview}
tbtnPopup={class=toggle_button, label=Popup}
pnlPanelcontainingHTML={class=panel, label=Panel containing HTML,parent=Composeamessage}
pnl26={class=panel, instance_index=26,parent=pnlPanelcontainingHTML}
txt6={class=text, instance_index=6}
lblAttachmentBar={class=label, label=Attachment Bar}
lbl5={class=label, instance_index=5,parent=Composeamessage}
paneAttachmentBar={class=layered_pane, label=Attachment Bar}

[dlgSelectfolder]
dlgSelectfolder={class=dialog, label=Select folder, app_name=evolution}
ttblMailFolderTree={class=tree_table, label=Mail Folder Tree}
btnCopy={class=push_button, label=Copy}
btnMove={class=push_button, label=Move}
btnCancel={class=push_button, label=Cancel}
btnNew={class=push_button, label=New}

[dlgAttachfile]
dlgAttachfile={class=dialog, label=Attach file(s), app_name=evolution}
pnl0={class=panel, instance_index=0,parent=dlgAttachfile}
cboHome={class=combo_box, label=Home}
lbl0={class=label, instance_index=0,parent=dlgAttachfile}
txt0={class=text, instance_index=0,parent=dlgAttachfile}
lblName={class=label, label=Name:}
pnl1={class=panel, instance_index=1,parent=dlgAttachfile}
tbtnBrowseforotherfolders={class=toggle_button, label=Browse for other folde\rs}
tblShortcuts={class=table, label=Shortcuts}
btnAdd={class=push_button, label=Add}
btnRemove={class=push_button, label=Remove}
pnl2={class=panel, instance_index=2,parent=dlgAttachfile}
tbtnHome={class=toggle_button, label=Home}
btn2={class=push_button, instance_index=2,parent=dlgAttachfile}
btn3={class=push_button, instance_index=3,parent=dlgAttachfile}
btnCreateFolder={class=push_button, label=Create Folder}
tblFiles={class=table, label=Files}
cbo1={class=combo_box, instance_index=1,parent=dlgAttachfile}
pnl3={class=panel, instance_index=3,parent=dlgAttachfile}
chkSuggestautomaticdisplayofattachment={class=check_box, label=Suggest autom\atic display of attachment}
btnAttach={class=push_button, label=Attach}
btnCancel={class=push_button, label=Cancel}


[Readonlyframe]
Readonlyframe={class=frame, app_name=evolution, label=Readonlyframe}
pnl0={class=panel, instance_index=0,parent=Readonlyframe}
pnl1={class=panel, instance_index=1,parent=Readonlyframe}
pnl2={class=panel, instance_index=2,parent=Readonlyframe}
mnuFile={class=menu, label=File}
mnuSaveMessage={class=menu_item, label=Save Message..., parent=mnuFile}
mnuPrintPreview={class=menu_item, label=Print Preview, parent=mnuFile}
mnuPrint={class=menu_item, label=Print..., parent=mnuFile}
mnuClose={class=menu_item, label=Close, parent=mnuFile}
mnuEdit={class=menu, label=Edit}
mnuCopy={class=menu_item, label=Copy, parent=mnuEdit}
mnuSelectAllText={class=menu_item, label=Select All Text, parent=mnuEdit}
mnuDeleteMessage={class=menu_item, label=Delete Message, parent=mnuEdit}
mnuUndeleteMessage={class=menu_item, label=Undelete Message, parent=mnuEdit}
mnuFindinMessage={class=menu_item, label=Find in Message..., parent=mnuEdit}
mnuView={class=menu, label=View}
mnuLoadImages={class=menu_item, label=Load Images, parent=mnuView}
mnuAllMessageHeaders={class=check_menu_item, label=All Message Headers, parent=mnuView}
mnuCaretMode={class=check_menu_item, label=Caret Mode, parent=mnuView}
mnuMessageSource={class=menu_item, label=Message Source, parent=mnuView}
mnuZoomIn={class=menu_item, label=Zoom In, parent=mnuView}
mnuZoomOut={class=menu_item, label=Zoom Out, parent=mnuView}
mnuNormalSize={class=menu_item, label=Normal Size, parent=mnuView}
mnuCharacterEncoding={class=menu, label=Character Encoding}
mnuBaltic={class=radio_menu_item, label=Baltic (ISO-8859-13), parent=mnuBaltic}
mnuBaltic={class=radio_menu_item, label=Baltic (ISO-8859-4), parent=mnuBaltic}
mnuCentralEuropean={class=radio_menu_item, label=Central European (ISO-8859-2), parent=mnuCentralEuropean}
mnuChinese,Traditional={class=radio_menu_item, label=Chinese, Traditional (Big5), parent=mnuChinese,Traditional}
mnuChinese,Traditional={class=radio_menu_item, label=Chinese, Traditional (BIG5HKSCS), parent=mnuChinese,Traditional}
mnuChinese,Traditional={class=radio_menu_item, label=Chinese, Traditional (EUC-TW), parent=mnuChinese,Traditional}
mnuChinese,Simplified={class=radio_menu_item, label=Chinese, Simplified (GB18030), parent=mnuChinese,Simplified}
mnuChinese,Simplified={class=radio_menu_item, label=Chinese, Simplified (GB2312), parent=mnuChinese,Simplified}
mnuChinese,Simplified={class=radio_menu_item, label=Chinese, Simplified (HZ), parent=mnuChinese,Simplified}
mnuChinese,Simplified={class=radio_menu_item, label=Chinese, Simplified (ISO-2022-CN), parent=mnuChinese,Simplified}
mnuCyrillic={class=radio_menu_item, label=Cyrillic (KOI8-R), parent=mnuCyrillic}
mnuCyrillic={class=radio_menu_item, label=Cyrillic (Windows-1251), parent=mnuCyrillic}
mnuCyrillic,Ukrainian={class=radio_menu_item, label=Cyrillic, Ukrainian (KOI8-U), parent=mnuCyrillic,Ukrainian}
mnuCyrillic={class=radio_menu_item, label=Cyrillic (ISO-8859-5), parent=mnuCyrillic}
mnuGreek={class=radio_menu_item, label=Greek (ISO-8859-7), parent=mnuGreek}
mnuHebrew,Visual={class=radio_menu_item, label=Hebrew, Visual (ISO-8859-8), parent=mnuHebrew,Visual}
mnuJapanese={class=radio_menu_item, label=Japanese (ISO-2022-JP), parent=mnuJapanese}
mnuJapanese={class=radio_menu_item, label=Japanese (EUC-JP), parent=mnuJapanese}
mnuJapanese={class=radio_menu_item, label=Japanese (Shift_JIS), parent=mnuJapanese}
mnuKorean={class=radio_menu_item, label=Korean (EUC-KR), parent=mnuKorean}
mnuTurkish={class=radio_menu_item, label=Turkish (ISO-8859-9), parent=mnuTurkish}
mnuUnicode={class=radio_menu_item, label=Unicode (UTF-8), parent=mnuUnicode}
mnuUnicode={class=radio_menu_item, label=Unicode (UTF-7), parent=mnuUnicode}
mnuWesternEuropean={class=radio_menu_item, label=Western European (ISO-8859-1), parent=mnuWesternEuropean}
mnuWesternEuropean,New={class=radio_menu_item, label=Western European, New (ISO-8859-15), parent=mnuWesternEuropean,New}
mnuDefault={class=radio_menu_item, label=Default, parent=mnuDefault}
mnuMessage={class=menu, label=Message}
mnuComposeNewMessage={class=menu_item, label=Compose New Message, parent=mnuMessage}
mnuOpeninNewWindow={class=menu_item, label=Open in New Window, parent=mnuMessage}
mnuEditasNewMessage={class=menu_item, label=Edit as New Message..., parent=mnuMessage}
mnuAddSendertoAddressBook={class=menu_item, label=Add Sender to Address Book, parent=mnuMessage}
mnuGoTo={class=menu, label=Go To}
mnuNextMessage={class=menu_item, label=Next Message, parent=mnuNextMessage}
mnuNextUnreadMessage={class=menu_item, label=Next Unread Message, parent=mnuNextUnreadMessage}
mnuNextImportantMessage={class=menu_item, label=Next Important Message, parent=mnuNextImportantMessage}
mnuNextThread={class=menu_item, label=Next Thread, parent=mnuNextThread}
mnuPreviousMessage={class=menu_item, label=Previous Message, parent=mnuPreviousMessage}
mnuPreviousUnreadMessage={class=menu_item, label=Previous Unread Message, parent=mnuPreviousUnreadMessage}
mnuPreviousImportantMessage={class=menu_item, label=Previous Important Message, parent=mnuPreviousImportantMessage}
mnuReply={class=menu_item, label=Reply, parent=mnuMessage}
mnuReplytoSender={class=menu_item, label=Reply to Sender, parent=mnuMessage}
mnuReplytoList={class=menu_item, label=Reply to List, parent=mnuMessage}
mnuForward={class=menu_item, label=Forward, parent=mnuMessage}
mnuRedirect={class=menu_item, label=Redirect, parent=mnuMessage}
mnuMovetoFolder={class=menu_item, label=Move to Folder, parent=mnuMessage}
mnuCopytoFolder={class=menu_item, label=Copy to Folder, parent=mnuMessage}
mnuMarkas={class=menu, label=Mark as}
mnuRead={class=menu_item, label=Read, parent=mnuRead}
mnuUnread={class=menu_item, label=Unread, parent=mnuUnread}
mnuImportant={class=menu_item, label=Important, parent=mnuImportant}
mnuUnimportant={class=menu_item, label=Unimportant, parent=mnuUnimportant}
mnuJunk={class=menu_item, label=Junk, parent=mnuJunk}
mnuNotJunk={class=menu_item, label=Not Junk, parent=mnuNotJunk}
mnuFollowUp={class=menu_item, label=Follow Up..., parent=mnuFollowUp...}
mnuApplyFilters={class=menu_item, label=Apply Filters, parent=mnuMessage}
mnuCheckforJunk={class=menu_item, label=Check for Junk, parent=mnuMessage}
mnuCreateRule={class=menu, label=Create Rule}
mnuFilteronSubject={class=menu_item, label=Filter on Subject..., parent=mnuFilteronSubject...}
mnuFilteronSender={class=menu_item, label=Filter on Sender..., parent=mnuFilteronSender...}
mnuFilteronRecipients={class=menu_item, label=Filter on Recipients..., parent=mnuFilteronRecipients...}
mnuFilteronMailingList={class=menu_item, label=Filter on Mailing List..., parent=mnuFilteronMailingList...}
mnuVFolderonSubject={class=menu_item, label=VFolder on Subject..., parent=mnuVFolderonSubject...}
mnuVFolderonSender={class=menu_item, label=VFolder on Sender..., parent=mnuVFolderonSender...}
mnuVFolderonRecipients={class=menu_item, label=VFolder on Recipients..., parent=mnuVFolderonRecipients...}
mnuVFolderonMailingList={class=menu_item, label=VFolder on Mailing List..., parent=mnuVFolderonMailingList...}
mnuMailingList={class=menu, label=Mailing List}
mnuGetlistusageinformation={class=menu_item, label=Get list usage information, parent=mnuGetlistusageinformation}
mnuSubscribetolist={class=menu_item, label=Subscribe to list, parent=mnuSubscribetolist}
mnuUn-subscribetolist={class=menu_item, label=Un-subscribe to list, parent=mnuUn-subscribetolist}
mnuPostmessagetolist={class=menu_item, label=Post message to list, parent=mnuPostmessagetolist}
mnuContactlistowner={class=menu_item, label=Contact list owner, parent=mnuContactlistowner}
mnuGetlistarchive={class=menu_item, label=Get list archive, parent=mnuGetlistarchive}
pnl3={class=panel, instance_index=3,parent=Readonlyframe}
pnl4={class=panel, instance_index=4,parent=Readonlyframe}
pnl5={class=panel, instance_index=5,parent=Readonlyframe}
pnl6={class=panel, instance_index=6,parent=Readonlyframe}
btnReply={class=push_button, label=Reply}
pnl7={class=panel, instance_index=7,parent=Readonlyframe}
btnReplytoAll={class=push_button, label=Reply to All}
pnl8={class=panel, instance_index=8,parent=Readonlyframe}
btnForward={class=push_button, label=Forward}
pnl9={class=panel, instance_index=9,parent=Readonlyframe}
pnl10={class=panel, instance_index=10,parent=Readonlyframe}
btnMove={class=push_button, label=Move}
pnl11={class=panel, instance_index=11,parent=Readonlyframe}
btnCopy={class=push_button, label=Copy}
pnl12={class=panel, instance_index=12,parent=Readonlyframe}
pnl13={class=panel, instance_index=13,parent=Readonlyframe}
btnPrint={class=push_button, label=Print}
pnl14={class=panel, instance_index=14,parent=Readonlyframe}
btnDelete={class=push_button, label=Delete}
pnl15={class=panel, instance_index=15,parent=Readonlyframe}
btnJunk={class=push_button, label=Junk}
pnl16={class=panel, instance_index=16,parent=Readonlyframe}
btnNotJunk={class=push_button, label=Not Junk}
pnl17={class=panel, instance_index=17,parent=Readonlyframe}
pnl18={class=panel, instance_index=18,parent=Readonlyframe}
pnl19={class=panel, instance_index=19,parent=Readonlyframe}
btnPrevious={class=push_button, label=Previous}
pnl20={class=panel, instance_index=20,parent=Readonlyframe}
btnNext={class=push_button, label=Next}
pnlPanelcontainingHTML={class=panel, label=Panel containing HTML}
pnl22={class=panel, instance_index=22,parent=pnlPanelcontainingHTML}
tbl0={class=table, instance_index=0,parent=pnlPanelcontainingHTML}
pnl23={class=panel, instance_index=23,parent=pnlPanelcontainingHTML}
tbl1={class=table, instance_index=1,parent=pnlPanelcontainingHTML}
pnl24={class=panel, instance_index=24,parent=pnlPanelcontainingHTML}
txt0={class=text, instance_index=0,parent=pnlPanelcontainingHTML}
pnl25={class=panel, instance_index=25,parent=pnlPanelcontainingHTML}
txt1={class=text, instance_index=1,parent=pnlPanelcontainingHTML}
pnl26={class=panel, instance_index=26,parent=pnlPanelcontainingHTML}
txt2={class=text, instance_index=2,parent=pnlPanelcontainingHTML}
pnl27={class=panel, instance_index=27,parent=pnlPanelcontainingHTML}
txt3={class=text, instance_index=3,parent=pnlPanelcontainingHTML}
pnl28={class=panel, instance_index=28,parent=pnlPanelcontainingHTML}
txt4={class=text, instance_index=4,parent=pnlPanelcontainingHTML}
pnl29={class=panel, instance_index=29,parent=pnlPanelcontainingHTML}
txt5={class=text, instance_index=5,parent=pnlPanelcontainingHTML}
pnl30={class=panel, instance_index=30,parent=pnlPanelcontainingHTML}
txt6={class=text, instance_index=6,parent=pnlPanelcontainingHTML}
pnl31={class=panel, instance_index=31,parent=pnlPanelcontainingHTML}
txt7={class=text, instance_index=7,parent=pnlPanelcontainingHTML}
pnl32={class=panel, instance_index=32,parent=pnlPanelcontainingHTML}
tbl2={class=table, instance_index=2,parent=pnlPanelcontainingHTML}
pnl33={class=panel, instance_index=33,parent=pnlPanelcontainingHTML}
pnlPanelcontainingHTML={class=panel, label=Panel containing HTML}
pnl35={class=panel, instance_index=35,parent=pnlPanelcontainingHTML}
txt8={class=text, instance_index=8,parent=pnlPanelcontainingHTML}

[dlgMeeting-Nosummary]
dlgMeeting-Nosummary={class=dialog, label=Meeting - No summary, app_name=evolution}
ptlMeeting-Nosummary0={class=page_tab_list, instance_index=0}
ptabAppointment={class=page_tab, label=Appointment}
lblBasics={class=label, label=Basics}
lbl1={class=label, instance_index=1,parent=ptabAppointment}
pnl0={class=panel, instance_index=0,parent=ptabAppointment}
lblDescription={class=label, label=Description:}
txt0={class=text, instance_index=0,parent=ptabAppointment}
btnCategories={class=push_button, label=Categories...}
cboPublic={class=combo_box, label=Public}
mnuPublic={class=menu_item, label=Public, parent=mnuPublic}
mnuPrivate={class=menu_item, label=Private, parent=mnuPublic}
mnuConfidential={class=menu_item, label=Confidential, parent=mnuPublic}
lblCalendar={class=label, label=Calendar:}
cboPersonal={class=combo_box, label=    Personal}
mnuOnThisComputer={class=menu_item, label=On This Computer, parent=mnuOnThisComputer}
mnuPersonal={class=menu_item, label=    Personal, parent=mnuPersonal}
mnuOnTheWeb={class=menu_item, label=On The Web, parent=mnuOnTheWeb}
mnunewcalendar={class=menu_item, label=    new calendar, parent=mnunewcalendar}
mnuContacts={class=menu_item, label=Contacts, parent=mnuContacts}
mnuBirthdays&Anniversaries={class=menu_item, label=    Birthdays & Anniversaries, parent=mnuBirthdays&Anniversaries}
mnuWeather={class=menu_item, label=Weather, parent=mnuWeather}
lblClassification={class=label, label=Classification:}
txtEventDescription={class=text, label=Event Description}
txt2={class=text, instance_index=2,parent=ptabAppointment}
txtLocation={class=text, label_by=Location:}
lblLocation={class=label, label=Location:}
txt3={class=text, instance_index=3,parent=ptabAppointment}
lblSummary={class=label, label=Summary:}
lblDateandTime={class=label, label=Date and Time}
lbl8={class=label, instance_index=8,parent=ptabAppointment}
pnl1={class=panel, instance_index=1,parent=ptabAppointment}
lblThisappointmenthascustomizedalarms={class=label, label=This appointment has customized alarms}
cbo15minutesbeforeappointment={class=combo_box, label=15 minutes before appointment}
mnu15minutesbeforeappointment={class=menu_item, label=15 minutes before appointment, parent=mnu15minutesbeforeappointment}
mnu1hourbeforeappointment={class=menu_item, label=1 hour before appointment, parent=mnu1hourbeforeappointment}
mnu1daybeforeappointment={class=menu_item, label=1 day before appointment, parent=mnu1daybeforeappointment}
btnCustomize={class=push_button, label=Customize...}
chkAlarm={class=check_box, label=Alarm}
chkShowtimeasbusy={class=check_box, label=Show time as busy}
txt4={class=text, instance_index=4,parent=ptabAppointment}
btnTimezoneButton={class=push_button, label=Timezone Button}
chkAlldayevent={class=check_box, label=All day event}
lblEndtime={class=label, label=End time:}
lblStarttime={class=label, label=Start time:}
txt5={class=text, instance_index=5,parent=ptabAppointment}
btnTimezoneButton={class=push_button, label=Timezone Button}
txtTextDateEntry={class=text, label=Text Date Entry}
btnDateButton={class=push_button, label=Date Button}
cboTimeComboBox={class=combo_box, label=Time Combo Box}
txtEndtime={class=text, label_by=End time:}
txtTextDateEntry={class=text, label=Text Date Entry}
btnDateButton={class=push_button, label=Date Button}
cboTimeComboBox={class=combo_box, label=Time Combo Box}
txtStarttime={class=text, label_by=Start time:}
pnlSendOptions={class=panel, label=Send Options}
pnl3={class=panel, instance_index=3,parent=pnlSendOptions}
btnAdvancedsendoptions={class=push_button, label=Advanced send options}
lblSendOptions={class=label, label=Send Options}
ptabRecurrence={class=page_tab, label=Recurrence}
lblRecurrence={class=label, label=Recurrence}
lbl14={class=label, instance_index=14,parent=ptabRecurrence}
chkThisappointmentrecurs={class=check_box, label=This appointment recurs}
lblEvery={class=label, label=Every}
sbtn0={class=spin_button, instance_index=0,parent=ptabRecurrence}
cboday={class=combo_box, label=day,parent=ptabRecurrence}
mnuday={class=menu_item, label=day(s), parent=mnuday(s)}
mnuweek={class=menu_item, label=week(s), parent=mnuday(s)}
mnumonth={class=menu_item, label=month(s), parent=mnuday(s)}
mnuyear={class=menu_item, label=year(s), parent=mnuday(s)}
pnl4={class=panel, instance_index=4,parent=ptabRecurrence}
lblonthe={class=label, label=on the}
cbo1st={class=combo_box, label=1st}
mnufirst={class=menu_item, label=first, parent=mnu1st}
mnusecond={class=menu_item, label=second, parent=mnu1st}
mnuthird={class=menu_item, label=third, parent=mnu1st}
mnufourth={class=menu_item, label=fourth, parent=mnu1st}
mnulast={class=menu_item, label=last, parent=mnu1st}
mnu1st={class=menu_item, label=1st, parent=mnu1st}
mnuOtherDate={class=menu, label=Other Date}
mnu1stto10th={class=menu, label=1st to 10th}
mnu1st={class=menu_item, label=1st, parent=mnu1st}
mnu2nd={class=menu_item, label=2nd, parent=mnu2nd}
mnu3rd={class=menu_item, label=3rd, parent=mnu3rd}
mnu4th={class=menu_item, label=4th, parent=mnu4th}
mnu5th={class=menu_item, label=5th, parent=mnu5th}
mnu6th={class=menu_item, label=6th, parent=mnu6th}
mnu7th={class=menu_item, label=7th, parent=mnu7th}
mnu8th={class=menu_item, label=8th, parent=mnu8th}
mnu9th={class=menu_item, label=9th, parent=mnu9th}
mnu10th={class=menu_item, label=10th, parent=mnu10th}
mnu11thto20th={class=menu, label=11th to 20th}
mnu11th={class=menu_item, label=11th, parent=mnu11th}
mnu12th={class=menu_item, label=12th, parent=mnu12th}
mnu13th={class=menu_item, label=13th, parent=mnu13th}
mnu14th={class=menu_item, label=14th, parent=mnu14th}
mnu15th={class=menu_item, label=15th, parent=mnu15th}
mnu16th={class=menu_item, label=16th, parent=mnu16th}
mnu17th={class=menu_item, label=17th, parent=mnu17th}
mnu18th={class=menu_item, label=18th, parent=mnu18th}
mnu19th={class=menu_item, label=19th, parent=mnu19th}
mnu20th={class=menu_item, label=20th, parent=mnu20th}
mnu21stto31st={class=menu, label=21st to 31st}
mnu21st={class=menu_item, label=21st, parent=mnu21st}
mnu22nd={class=menu_item, label=22nd, parent=mnu22nd}
mnu23rd={class=menu_item, label=23rd, parent=mnu23rd}
mnu24th={class=menu_item, label=24th, parent=mnu24th}
mnu25th={class=menu_item, label=25th, parent=mnu25th}
mnu26th={class=menu_item, label=26th, parent=mnu26th}
mnu27th={class=menu_item, label=27th, parent=mnu27th}
mnu28th={class=menu_item, label=28th, parent=mnu28th}
mnu29th={class=menu_item, label=29th, parent=mnu29th}
mnu30th={class=menu_item, label=30th, parent=mnu30th}
mnu31st={class=menu_item, label=31st, parent=mnu31st}
cboday={class=combo_box, label=day}
mnuday={class=menu_item, label=day, parent=mnuday}
mnuMonday={class=menu_item, label=Monday, parent=mnuday}
mnuTuesday={class=menu_item, label=Tuesday, parent=mnuday}
mnuWednesday={class=menu_item, label=Wednesday, parent=mnuday}
mnuThursday={class=menu_item, label=Thursday, parent=mnuday}
mnuFriday={class=menu_item, label=Friday, parent=mnuday}
mnuSaturday={class=menu_item, label=Saturday, parent=mnuday}
mnuSunday={class=menu_item, label=Sunday, parent=mnuday}
cboforever={class=combo_box, label=forever}
mnufor={class=menu_item, label=for, parent=mnuforever}
mnuuntil={class=menu_item, label=until, parent=mnuforever}
mnuforever={class=menu_item, label=forever, parent=mnuforever}
pnl5={class=panel, instance_index=5,parent=ptabRecurrence}
sbtn1={class=spin_button, instance_index=1,parent=ptabRecurrence}
lbloccurrences={class=label, label=occurrences}
pnl6={class=panel, instance_index=6,parent=ptabRecurrence}
lblExceptions={class=label, label=Exceptions}
lbl19={class=label, instance_index=19,parent=ptabRecurrence}
tbl0={class=table, instance_index=0,parent=ptabRecurrence}
btnAdd={class=push_button, label=Add}
btnEdit={class=push_button, label=Edit}
btnRemove={class=push_button, label=Remove}
lblPreview={class=label, label=Preview}
lbl21={class=label, instance_index=21,parent=ptabRecurrence}
pnl7={class=panel, instance_index=7,parent=ptabRecurrence}
paneMonthCalendar={class=layered_pane, label=Month Calendar}
pnl8={class=panel, instance_index=8,parent=paneMonthCalendar}
pnl9={class=panel, instance_index=9,parent=paneMonthCalendar}
btnPreviousButton={class=push_button, label=Previous Button}
pnl10={class=panel, instance_index=10,parent=paneMonthCalendar}
btnPreviousButton={class=push_button, label=Previous Button}
ptabScheduling={class=page_tab, label=Scheduling}
pnl11={class=panel, instance_index=11,parent=ptabScheduling}
pnl12={class=panel, instance_index=12,parent=ptabScheduling}
pnl13={class=panel, instance_index=13,parent=ptabScheduling}
lblEndtime={class=label, label=End time:}
txtTextDateEntry={class=text, label=Text Date Entry}
btnDateButton={class=push_button, label=Date Button}
cboTimeComboBox={class=combo_box, label=Time Combo Box}
txtStarttime={class=text, label_by=Start time:}
lblStarttime={class=label, label=Start time:}
txtTextDateEntry={class=text, label=Text Date Entry}
btnDateButton={class=push_button, label=Date Button}
cboTimeComboBox={class=combo_box, label=Time Combo Box}
txtAutopick={class=text, label_by=Autopick}
btn<<={class=push_button, label=<<}
btnAutopick={class=push_button, label=Autopick}
btn>>={class=push_button, label=>>}
btnContacts={class=push_button, label=Contacts...}
btnOptions={class=push_button, label=Options}
lblTentative={class=label, label=Tentative}
lblBusy={class=label, label=Busy}
lblOutofOffice={class=label, label=Out of Office}
lblNoInformation={class=label, label=No Information}
pane1={class=layered_pane, instance_index=1,parent=ptabScheduling}
pnl14={class=panel, instance_index=14,parent=ptabScheduling}
pane2={class=layered_pane, instance_index=2,parent=ptabScheduling}
pnl15={class=panel, instance_index=15,parent=ptabScheduling}
tbl1={class=table, instance_index=1,parent=ptabScheduling}
ptabInvitations={class=page_tab, label=Invitations}
lblOrganizer={class=label, label=Organizer:}
cboOrganizer={class=combo_box, label=Organizer}
txt14={class=text, instance_index=14,parent=cboOrganizer}
lblOrganizer={class=label, label=Organizer:}
lblNone={class=label, label=None}
btnChangeOrganizer={class=push_button, label=Change Organizer}
lblAttendees={class=label, label=Attendees}
lbl32={class=label, instance_index=32,parent=ptabInvitations}
tbl2={class=table, instance_index=2,parent=ptabInvitations}
btnAdd={class=push_button, label=Add, parent=ptabInvitations}
btnRemove={class=push_button, label=Remove}
btnContacts={class=push_button, label=Contacts...}
lblAttachmentBar={class=label, label=Attachment Bar (drop attachments here)}
lbl34={class=label, instance_index=34,parent=dlgMeeting-Nosummary}
paneAttachmentBar={class=layered_pane, label=Attachment Bar}
btnHelp={class=push_button, label=Help}
btnOK={class=push_button, label=OK}
btnCancel={class=push_button, label=Cancel}

[dlgCategories]
dlgCategories={class=dialog, label=Categories, app_name=evolution}
pnl0={class=panel, instance_index=0,parent=dlgCategories}
btnNew={class=push_button, label=New}
btnEdit={class=push_button, label=Edit}
btnDelete={class=push_button, label=Delete}
tbl0={class=table, instance_index=0}
lblAvailableCategories={class=label, label=Available Categories:}
lblItem={class=label, label=Item(s) belong to these categories:}
txt0={class=text, instance_index=0}
btnOK={class=push_button, label=OK}
btnCancel={class=push_button, label=Cancel}

[dlgAddexception]
dlgAddexception={class=dialog, label=Add exception, app_name=evolution}
txtTextDateEntry={class=text, label=Text Date Entry}
btnDateButton={class=push_button, label=Date Button}
cboTimeComboBox={class=combo_box, label=Time Combo Box}
txt1={class=text, instance_index=1,parent=cboTimeComboBox}
btnOK={class=push_button, label=OK}
btnCancel={class=push_button, label=Cancel}

[dlgEvolutionQuery]
dlgEvolutionQuery={class=dialog, label=Evolution Query, app_name=evolution}
lblWouldyouliketosendmeetinginvitationstoparticipants?

EmailinvitationswillbesenttoallparticipantsandallowthemtoRSVP.={class=label, label=Would you like to send meeting invitations to participants?

Email invitations will be sent to all participants and allow them to RSVP.}
btnSend={class=push_button, label=Send}
btnDon'tSend={class=push_button, label=Don't Send}

[dlgNewCalendar]
dlgNewCalendar={class=dialog, label=New Calendar, app_name=evolution}
ptlNewCalendar0={class=page_tab_list, instance_index=0, parent=NewCalendar}
ptb0={class=page_tab, instance_index=0, parent=NewCalendar }
pnlCalendar={class=panel, label=Calendar}
pnl1={class=panel, instance_index=1,parent=pnlCalendar}
pnl2={class=panel, instance_index=2,parent=pnlCalendar}
sbtn0={class=spin_button, instance_index=0,parent=pnlCalendar}
cbominutes={class=combo_box, label=minutes}
mnuminutes={class=menu_item, label=minutes, parent=mnuminutes}
mnuhours={class=menu_item, label=hours, parent=mnuminutes}
mnudays={class=menu_item, label=days, parent=mnuminutes}
mnuweeks={class=menu_item, label=weeks, parent=mnuminutes}
lblRefresh={class=label, label=Refresh:}
txt0={class=text, instance_index=0,parent=pnlCalendar}
lblURL={class=label, label=URL:}
chkMarkasdefaultfolder={class=check_box, label=Mark as default folder}
chkCopycalendarcontentslocallyforofflineoperation={class=check_box, label=Copy calendar contents locally for offline operation}
btn0={class=push_button, instance_index=0,parent=pnlCalendar}
lblColor={class=label, label=Color:}
txt1={class=text, instance_index=1,parent=pnlCalendar}
lblName={class=label, label=Name:}
lblType={class=label, label=Type:}
cboOnThisComputer={class=combo_box, label=On This Computer}
mnuOnThisComputer={class=menu_item, label=On This Computer, parent=mnuOnThisComputer}
mnuOnTheWeb={class=menu_item, label=On The Web, parent=mnuOnTheWeb}
mnuContacts={class=menu_item, label=Contacts, parent=mnuContacts}
mnuWeather={class=menu_item, label=Weather, parent=mnuWeather}
lblCalendar={class=label, label=Calendar}
btnOK={class=push_button, label=OK}
btnCancel={class=push_button, label=Cancel}

[dlgAppointment-Nosummary]
dlgAppointment-Nosummary={class=dialog, label=Appointment - No summary, app_name=evolution}
ptlAppointment-Nosummary0={class=page_tab_list, instance_index=0}
ptabAppointment={class=page_tab, label=Appointment}
lblBasics={class=label, label=Basics}
lbl1={class=label, instance_index=1,parent=ptabAppointment}
pnl0={class=panel, instance_index=0,parent=ptabAppointment}
lblDescription={class=label, label=Description:}
txt0={class=text, instance_index=0,parent=ptabAppointment}
btnCategories={class=push_button, label=Categories...}
cboPublic={class=combo_box, label=Public}
mnuPublic={class=menu_item, label=Public, parent=mnuPublic}
mnuPrivate={class=menu_item, label=Private, parent=mnuPublic}
mnuConfidential={class=menu_item, label=Confidential, parent=mnuPublic}
lblCalendar={class=label, label=Calendar:}
cboPersonal={class=combo_box, label=    Personal}
mnuOnThisComputer={class=menu_item, label=On This Computer, parent=mnuOnThisComputer}
mnuPersonal={class=menu_item, label=    Personal, parent=mnuPersonal}
mnuOnTheWeb={class=menu_item, label=On The Web, parent=mnuOnTheWeb}
mnuContacts={class=menu_item, label=Contacts, parent=mnuContacts}
mnuBirthdays&Anniversaries={class=menu_item, label=    Birthdays & Anniversaries, parent=mnuBirthdays&Anniversaries}
mnuWeather={class=menu_item, label=Weather, parent=mnuWeather}
lblClassification={class=label, label=Classification:}
txtEventDescription={class=text, label=Event Description}
txt2={class=text, instance_index=2,parent=ptabAppointment}
lblLocation={class=label, label=Location:}
txtLocation={class=text, label_by=Location:}
txt3={class=text, instance_index=3,parent=ptabAppointment}
lblSummary={class=label, label=Summary:}
lblDateandTime={class=label, label=Date and Time}
lbl8={class=label, instance_index=8,parent=ptabAppointment}
pnl1={class=panel, instance_index=1,parent=ptabAppointment}
lblThisappointmenthascustomizedalarms={class=label, label=This appointment has customized alarms}
cbo15minutesbeforeappointment={class=combo_box, label=15 minutes before appointment}
mnu15minutesbeforeappointment={class=menu_item, label=15 minutes before appointment, parent=mnu15minutesbeforeappointment}
mnu1hourbeforeappointment={class=menu_item, label=1 hour before appointment, parent=mnu1hourbeforeappointment}
mnu1daybeforeappointment={class=menu_item, label=1 day before appointment, parent=mnu1daybeforeappointment}
btnCustomize={class=push_button, label=Customize...}
chkAlarm={class=check_box, label=Alarm}
chkShowtimeasbusy={class=check_box, label=Show time as busy}
txt4={class=text, instance_index=4,parent=ptabAppointment}
btnTimezoneButton={class=push_button, label=Timezone Button}
chkAlldayevent={class=check_box, label=All day event}
lblEndtime={class=label, label=End time:}
lblStarttime={class=label, label=Start time:}
txt5={class=text, instance_index=5,parent=ptabAppointment}
btnTimezoneButton={class=push_button, label=Timezone Button}
txtTextDateEntry={class=text, label=Text Date Entry}
btnDateButton={class=push_button, label=Date Button}
cboTimeComboBox={class=combo_box, label=Time Combo Box}
txtEndtime={class=text, label_by=End time:}
txtTextDateEntry={class=text, label=Text Date Entry}
btnDateButton={class=push_button, label=Date Button}
cboTimeComboBox={class=combo_box, label=Time Combo Box}
txtStarttime={class=text, label_by=Start time:}
pnlSendOptions={class=panel, label=Send Options}
pnl3={class=panel, instance_index=3,parent=pnlSendOptions}
btnAdvancedsendoptions={class=push_button, label=Advanced send options}
lblSendOptions={class=label, label=Send Options}
ptabRecurrence={class=page_tab, label=Recurrence}
lblRecurrence={class=label, label=Recurrence}
lbl14={class=label, instance_index=14,parent=ptabRecurrence}
chkThisappointmentrecurs={class=check_box, label=This appointment recurs}
lblEvery={class=label, label=Every}
sbtn0={class=spin_button, instance_index=0,parent=ptabRecurrence}
cbomonth={class=combo_box, label=month(s)}
mnuday={class=menu_item, label=day(s), parent=mnumonth(s)}
mnuweek={class=menu_item, label=week(s), parent=mnumonth(s)}
mnumonth={class=menu_item, label=month(s), parent=mnumonth(s)}
mnuyear={class=menu_item, label=year(s), parent=mnumonth(s)}
pnl4={class=panel, instance_index=4,parent=ptabRecurrence}
lblonthe={class=label, label=on the}
cbo1st={class=combo_box, label=1st}
mnufirst={class=menu_item, label=first, parent=mnu1st}
mnusecond={class=menu_item, label=second, parent=mnu1st}
mnuthird={class=menu_item, label=third, parent=mnu1st}
mnufourth={class=menu_item, label=fourth, parent=mnu1st}
mnulast={class=menu_item, label=last, parent=mnu1st}
mnu1st={class=menu_item, label=1st, parent=mnu1st}
mnuOtherDate={class=menu, label=Other Date}
mnu1stto10th={class=menu, label=1st to 10th}
mnu1st={class=menu_item, label=1st, parent=mnu1st}
mnu2nd={class=menu_item, label=2nd, parent=mnu2nd}
mnu3rd={class=menu_item, label=3rd, parent=mnu3rd}
mnu4th={class=menu_item, label=4th, parent=mnu4th}
mnu5th={class=menu_item, label=5th, parent=mnu5th}
mnu6th={class=menu_item, label=6th, parent=mnu6th}
mnu7th={class=menu_item, label=7th, parent=mnu7th}
mnu8th={class=menu_item, label=8th, parent=mnu8th}
mnu9th={class=menu_item, label=9th, parent=mnu9th}
mnu10th={class=menu_item, label=10th, parent=mnu10th}
mnu11thto20th={class=menu, label=11th to 20th}
mnu11th={class=menu_item, label=11th, parent=mnu11th}
mnu12th={class=menu_item, label=12th, parent=mnu12th}
mnu13th={class=menu_item, label=13th, parent=mnu13th}
mnu14th={class=menu_item, label=14th, parent=mnu14th}
mnu15th={class=menu_item, label=15th, parent=mnu15th}
mnu16th={class=menu_item, label=16th, parent=mnu16th}
mnu17th={class=menu_item, label=17th, parent=mnu17th}
mnu18th={class=menu_item, label=18th, parent=mnu18th}
mnu19th={class=menu_item, label=19th, parent=mnu19th}
mnu20th={class=menu_item, label=20th, parent=mnu20th}
mnu21stto31st={class=menu, label=21st to 31st}
mnu21st={class=menu_item, label=21st, parent=mnu21st}
mnu22nd={class=menu_item, label=22nd, parent=mnu22nd}
mnu23rd={class=menu_item, label=23rd, parent=mnu23rd}
mnu24th={class=menu_item, label=24th, parent=mnu24th}
mnu25th={class=menu_item, label=25th, parent=mnu25th}
mnu26th={class=menu_item, label=26th, parent=mnu26th}
mnu27th={class=menu_item, label=27th, parent=mnu27th}
mnu28th={class=menu_item, label=28th, parent=mnu28th}
mnu29th={class=menu_item, label=29th, parent=mnu29th}
mnu30th={class=menu_item, label=30th, parent=mnu30th}
mnu31st={class=menu_item, label=31st, parent=mnu31st}
cboday={class=combo_box, label=day(s)}
mnuday={class=menu_item, label=day, parent=mnuday}
mnuMonday={class=menu_item, label=Monday, parent=mnuday}
mnuTuesday={class=menu_item, label=Tuesday, parent=mnuday}
mnuWednesday={class=menu_item, label=Wednesday, parent=mnuday}
mnuThursday={class=menu_item, label=Thursday, parent=mnuday}
mnuFriday={class=menu_item, label=Friday, parent=mnuday}
mnuSaturday={class=menu_item, label=Saturday, parent=mnuday}
mnuSunday={class=menu_item, label=Sunday, parent=mnuday}
cboforever={class=combo_box, label=forever}
mnufor={class=menu_item, label=for, parent=mnuforever}
mnuuntil={class=menu_item, label=until, parent=mnuforever}
mnuforever={class=menu_item, label=forever, parent=mnuforever}
pnl5={class=panel, instance_index=5,parent=ptabRecurrence}
sbtn1={class=spin_button, instance_index=1,parent=ptabRecurrence}
lbloccurrences={class=label, label=occurrences}
pnl6={class=panel, instance_index=6,parent=ptabRecurrence}
lblExceptions={class=label, label=Exceptions}
lbl18={class=label, instance_index=18,parent=ptabRecurrence}
tbl0={class=table, instance_index=0,parent=ptabRecurrence}
btnAdd={class=push_button, label=Add}
btnEdit={class=push_button, label=Edit}
btnRemove={class=push_button, label=Remove}
lblPreview={class=label, label=Preview}
lbl20={class=label, instance_index=20,parent=ptabRecurrence}
pnl7={class=panel, instance_index=7,parent=ptabRecurrence}
paneMonthCalendar={class=layered_pane, label=Month Calendar}
pnl8={class=panel, instance_index=8,parent=paneMonthCalendar}
pnl9={class=panel, instance_index=9,parent=paneMonthCalendar}
btnPreviousButton={class=push_button, label=Previous Button}
pnl10={class=panel, instance_index=10,parent=paneMonthCalendar}
btnPreviousButton={class=push_button, label=Previous Button}
lblAttachmentBar={class=label, label=Attachment Bar (drop attachments here)}
lbl22={class=label, instance_index=22,parent=dlgAppointment-Nosummary}
paneAttachmentBar={class=layered_pane, label=Attachment Bar}
btnHelp={class=push_button, label=Help}
btnOK={class=push_button, label=OK}
btnCancel={class=push_button, label=Cancel}
