[SearchforFiles]
SearchforFiles={class=frame, app_name=gnome-search-tool}
btnldtp={class=push_button, label=ldtp}
cmbLookinfolder={class=combo_box, instance_index=1}
mnuHome={class=menu_item, label=Home}
mnuDesktop={class=menu_item, label=Desktop}
mnuFilesystem={class=menu_item, label=Filesystem}
mnufloppy={class=menu_item, label=floppy}
mnucdrom={class=menu_item, label=cdrom}
mnuOther={class=menu_item, label=Other...}
txtNameContainsEntry={class=text, label=Name Contains Entry}
tbtnShowmoreoptions={class=toggle_button, label=Show more options}
txtContainsthetextentry={class=text, label='Contains the text' entry}
btnRemove={class=push_button, label=Remove}
sbtn'Datemodifiedlessthan'entry={class=spin_button, label='Date modified less than' entry}
btnRemove={class=push_button, label=Remove}
sbtn'Datemodifiedmorethan'entry={class=spin_button, label='Date modified more than' entry}
btnRemove={class=push_button, label=Remove}
sbtn'Sizeatleast'entry={class=spin_button, label='Size at least' entry}
btnRemove={class=push_button, label=Remove}
sbtn'Sizeatmost'entry={class=spin_button, label='Size at most' entry}
btnRemove={class=push_button, label=Remove}
btnRemove={class=push_button, label=Remove}
txt'Ownedbyuser'entry={class=text, label='Owned by user' entry}
btnRemove={class=push_button, label=Remove}
txt'Ownedbygroup'entry={class=text, label='Owned by group' entry}
btnRemove={class=push_button, label=Remove}
btnRemove={class=push_button, label=Remove}
txt'Namedoesnotcontain'entry={class=text, label='Name does not contain' entry}
btnRemove={class=push_button, label=Remove}
txt'Namematchesregularexpression'entry={class=text, label='Name matches regular expression' entry}
btnRemove={class=push_button, label=Remove}
btnRemove={class=push_button, label=Remove}
btnRemove={class=push_button, label=Remove}
btnRemove={class=push_button, label=Remove}
mnuContainsthetext={class=menu_item, label=Contains the text}
mnuDatemodifiedlessthan={class=menu_item, label=Date modified less than}
mnuDatemodifiedmorethan={class=menu_item, label=Date modified more than}
mnuSizeatleast={class=menu_item, label=Size at least}
mnuSizeatmost={class=menu_item, label=Size at most}
mnuFileisempty={class=menu_item, label=File is empty}
mnuOwnedbyuser={class=menu_item, label=Owned by user}
mnuOwnedbygroup={class=menu_item, label=Owned by group}
mnuOwnerisunrecognized={class=menu_item, label=Owner is unrecognized}
mnuNamedoesnotcontain={class=menu_item, label=Name does not contain}
mnuNamematchesregularexpression={class=menu_item, label=Name matches regular expression}
mnuShowhiddenandbackupfiles={class=menu_item, label=Show hidden and backup files}
mnuFollowsymboliclinks={class=menu_item, label=Follow symbolic links}
mnuIncludeotherfilesystems={class=menu_item, label=Include other filesystems}
btnAdd={class=push_button, label=Add}
tblSearchresults={class=table, label_by=Search results:}
btnHelp={class=push_button, label=Help}
btnClose={class=push_button, label=Close}
btnFind={class=push_button, label=Find}
btnStop={class=push_button, label=Stop}
cmbAvailableoptions={class=combo_box, label=Search Rules Menu}

[dlgBrowse]
dlgBrowse={class=dialog, label=Browse, app_name=gnome-search-tool}
txtName={class=text, label_by=Name:}
tbtnBrowseforotherfolders={class=toggle_button, label=Browse for other folders}
tblShortcuts={class=table, label=Shortcuts}
btnAdd={class=push_button, label=Add}
btnRemove={class=push_button, label=Remove}
tbtnHome={class=toggle_button, label=Home}
btnCreateFolder={class=push_button, label=Create Folder}
tblFiles={class=table, label=Files}
btnOpen={class=push_button, label=Open}
btnCancel={class=push_button, label=Cancel}
